Archive member included to satisfy reference by file (symbol)

/Applications/ARM/bin/../lib/gcc/arm-none-eabi/10.3.1/thumb/v7-m/nofp/libgcc.a(_arm_muldf3.o)
                              CMakeFiles/QEALIDARMapping.elf.dir/Core/Src/detect_circle.c.obj (__aeabi_dmul)
/Applications/ARM/bin/../lib/gcc/arm-none-eabi/10.3.1/thumb/v7-m/nofp/libgcc.a(_arm_addsubdf3.o)
                              CMakeFiles/QEALIDARMapping.elf.dir/Core/Src/imu.c.obj (__aeabi_dsub)
/Applications/ARM/bin/../lib/gcc/arm-none-eabi/10.3.1/thumb/v7-m/nofp/libgcc.a(_arm_muldivdf3.o)
                              CMakeFiles/QEALIDARMapping.elf.dir/Core/Src/detect_circle.c.obj (__aeabi_ddiv)
/Applications/ARM/bin/../lib/gcc/arm-none-eabi/10.3.1/thumb/v7-m/nofp/libgcc.a(_arm_cmpdf2.o)
                              CMakeFiles/QEALIDARMapping.elf.dir/Core/Src/motion.c.obj (__aeabi_dcmplt)
/Applications/ARM/bin/../lib/gcc/arm-none-eabi/10.3.1/thumb/v7-m/nofp/libgcc.a(_arm_fixdfsi.o)
                              CMakeFiles/QEALIDARMapping.elf.dir/Core/Src/detect_circle.c.obj (__aeabi_d2iz)
/Applications/ARM/bin/../lib/gcc/arm-none-eabi/10.3.1/thumb/v7-m/nofp/libgcc.a(_arm_fixunsdfsi.o)
                              CMakeFiles/QEALIDARMapping.elf.dir/Core/Src/wheel_pwm.c.obj (__aeabi_d2uiz)
/Applications/ARM/bin/../lib/gcc/arm-none-eabi/10.3.1/../../../../arm-none-eabi/lib/thumb/v7-m/nofp/libg.a(lib_a-errno.o)
                              CMakeFiles/QEALIDARMapping.elf.dir/Core/Src/syscalls.c.obj (__errno)
/Applications/ARM/bin/../lib/gcc/arm-none-eabi/10.3.1/../../../../arm-none-eabi/lib/thumb/v7-m/nofp/libg.a(lib_a-exit.o)
                              /Applications/ARM/bin/../lib/gcc/arm-none-eabi/10.3.1/../../../../arm-none-eabi/lib/thumb/v7-m/nofp/crt0.o (exit)
/Applications/ARM/bin/../lib/gcc/arm-none-eabi/10.3.1/../../../../arm-none-eabi/lib/thumb/v7-m/nofp/libg.a(lib_a-impure.o)
                              /Applications/ARM/bin/../lib/gcc/arm-none-eabi/10.3.1/../../../../arm-none-eabi/lib/thumb/v7-m/nofp/libg.a(lib_a-exit.o) (_global_impure_ptr)
/Applications/ARM/bin/../lib/gcc/arm-none-eabi/10.3.1/../../../../arm-none-eabi/lib/thumb/v7-m/nofp/libg.a(lib_a-init.o)
                              /Applications/ARM/bin/../lib/gcc/arm-none-eabi/10.3.1/../../../../arm-none-eabi/lib/thumb/v7-m/nofp/crt0.o (__libc_init_array)
/Applications/ARM/bin/../lib/gcc/arm-none-eabi/10.3.1/../../../../arm-none-eabi/lib/thumb/v7-m/nofp/libg.a(lib_a-memcpy.o)
                              CMakeFiles/QEALIDARMapping.elf.dir/Core/Src/imu.c.obj (memcpy)
/Applications/ARM/bin/../lib/gcc/arm-none-eabi/10.3.1/../../../../arm-none-eabi/lib/thumb/v7-m/nofp/libg.a(lib_a-memset.o)
                              /Applications/ARM/bin/../lib/gcc/arm-none-eabi/10.3.1/../../../../arm-none-eabi/lib/thumb/v7-m/nofp/crt0.o (memset)
/Applications/ARM/bin/../lib/gcc/arm-none-eabi/10.3.1/../../../../arm-none-eabi/lib/thumb/v7-m/nofp/libg.a(lib_a-snprintf.o)
                              CMakeFiles/QEALIDARMapping.elf.dir/Core/Src/freertos.c.obj (snprintf)
/Applications/ARM/bin/../lib/gcc/arm-none-eabi/10.3.1/../../../../arm-none-eabi/lib/thumb/v7-m/nofp/libg.a(lib_a-strlen-stub.o)
                              CMakeFiles/QEALIDARMapping.elf.dir/Core/Src/freertos.c.obj (strlen)
/Applications/ARM/bin/../lib/gcc/arm-none-eabi/10.3.1/../../../../arm-none-eabi/lib/thumb/v7-m/nofp/libg.a(lib_a-svfprintf.o)
                              /Applications/ARM/bin/../lib/gcc/arm-none-eabi/10.3.1/../../../../arm-none-eabi/lib/thumb/v7-m/nofp/libg.a(lib_a-snprintf.o) (_svfprintf_r)
/Applications/ARM/bin/../lib/gcc/arm-none-eabi/10.3.1/../../../../arm-none-eabi/lib/thumb/v7-m/nofp/libg.a(lib_a-__call_atexit.o)
                              /Applications/ARM/bin/../lib/gcc/arm-none-eabi/10.3.1/../../../../arm-none-eabi/lib/thumb/v7-m/nofp/libg.a(lib_a-exit.o) (__call_exitprocs)
/Applications/ARM/bin/../lib/gcc/arm-none-eabi/10.3.1/../../../../arm-none-eabi/lib/thumb/v7-m/nofp/libg.a(lib_a-atexit.o)
                              /Applications/ARM/bin/../lib/gcc/arm-none-eabi/10.3.1/../../../../arm-none-eabi/lib/thumb/v7-m/nofp/libg.a(lib_a-__call_atexit.o) (atexit)
/Applications/ARM/bin/../lib/gcc/arm-none-eabi/10.3.1/../../../../arm-none-eabi/lib/thumb/v7-m/nofp/libg.a(lib_a-dtoa.o)
                              /Applications/ARM/bin/../lib/gcc/arm-none-eabi/10.3.1/../../../../arm-none-eabi/lib/thumb/v7-m/nofp/libg.a(lib_a-svfprintf.o) (_dtoa_r)
/Applications/ARM/bin/../lib/gcc/arm-none-eabi/10.3.1/../../../../arm-none-eabi/lib/thumb/v7-m/nofp/libg.a(lib_a-fini.o)
                              /Applications/ARM/bin/../lib/gcc/arm-none-eabi/10.3.1/../../../../arm-none-eabi/lib/thumb/v7-m/nofp/libg.a(lib_a-__call_atexit.o) (__libc_fini_array)
/Applications/ARM/bin/../lib/gcc/arm-none-eabi/10.3.1/../../../../arm-none-eabi/lib/thumb/v7-m/nofp/libg.a(lib_a-freer.o)
[...]
Memory Configuration

Name             Origin             Length             Attributes
RAM              0x0000000020000000 0x000000000000c000 xrw
FLASH            0x0000000008000000 0x0000000000040000 xr
*default*        0x0000000000000000 0xffffffffffffffff

Linker script and memory map

LOAD /Applications/ARM/bin/../lib/gcc/arm-none-eabi/10.3.1/thumb/v7-m/nofp/crti.o
LOAD /Applications/ARM/bin/../lib/gcc/arm-none-eabi/10.3.1/thumb/v7-m/nofp/crtbegin.o
LOAD /Applications/ARM/bin/../lib/gcc/arm-none-eabi/10.3.1/../../../../arm-none-eabi/lib/thumb/v7-m/nofp/crt0.o
LOAD CMakeFiles/QEALIDARMapping.elf.dir/Core/Src/detect_circle.c.obj
LOAD CMakeFiles/QEALIDARMapping.elf.dir/Core/Src/freertos.c.obj
LOAD CMakeFiles/QEALIDARMapping.elf.dir/Core/Src/gpio.c.obj
LOAD CMakeFiles/QEALIDARMapping.elf.dir/Core/Src/imu.c.obj
LOAD CMakeFiles/QEALIDARMapping.elf.dir/Core/Src/lidar.c.obj
LOAD CMakeFiles/QEALIDARMapping.elf.dir/Core/Src/main.c.obj
LOAD CMakeFiles/QEALIDARMapping.elf.dir/Core/Src/map.c.obj
LOAD CMakeFiles/QEALIDARMapping.elf.dir/Core/Src/motion.c.obj
LOAD CMakeFiles/QEALIDARMapping.elf.dir/Core/Src/stm32f1xx_hal_msp.c.obj
LOAD CMakeFiles/QEALIDARMapping.elf.dir/Core/Src/stm32f1xx_hal_timebase_tim.c.obj
LOAD CMakeFiles/QEALIDARMapping.elf.dir/Core/Src/stm32f1xx_it.c.obj
LOAD CMakeFiles/QEALIDARMapping.elf.dir/Core/Src/syscalls.c.obj
LOAD CMakeFiles/QEALIDARMapping.elf.dir/Core/Src/sysmem.c.obj
LOAD CMakeFiles/QEALIDARMapping.elf.dir/Core/Src/system_stm32f1xx.c.obj
LOAD CMakeFiles/QEALIDARMapping.elf.dir/Core/Src/tim.c.obj
LOAD CMakeFiles/QEALIDARMapping.elf.dir/Core/Src/usart.c.obj
LOAD CMakeFiles/QEALIDARMapping.elf.dir/Core/Src/wheel_pwm.c.obj
LOAD CMakeFiles/QEALIDARMapping.elf.dir/Core/Startup/startup_stm32f103rctx.s.obj
LOAD CMakeFiles/QEALIDARMapping.elf.dir/Drivers/STM32F1xx_HAL_Driver/Src/stm32f1xx_hal.c.obj
LOAD CMakeFiles/QEALIDARMapping.elf.dir/Drivers/STM32F1xx_HAL_Driver/Src/stm32f1xx_hal_cortex.c.obj
LOAD CMakeFiles/QEALIDARMapping.elf.dir/Drivers/STM32F1xx_HAL_Driver/Src/stm32f1xx_hal_dma.c.obj
LOAD CMakeFiles/QEALIDARMapping.elf.dir/Drivers/STM32F1xx_HAL_Driver/Src/stm32f1xx_hal_exti.c.obj
LOAD CMakeFiles/QEALIDARMapping.elf.dir/Drivers/STM32F1xx_HAL_Driver/Src/stm32f1xx_hal_flash.c.obj
LOAD CMakeFiles/QEALIDARMapping.elf.dir/Drivers/STM32F1xx_HAL_Driver/Src/stm32f1xx_hal_flash_ex.c.obj
LOAD CMakeFiles/QEALIDARMapping.elf.dir/Drivers/STM32F1xx_HAL_Driver/Src/stm32f1xx_hal_gpio.c.obj
LOAD CMakeFiles/QEALIDARMapping.elf.dir/Drivers/STM32F1xx_HAL_Driver/Src/stm32f1xx_hal_gpio_ex.c.obj
LOAD CMakeFiles/QEALIDARMapping.elf.dir/Drivers/STM32F1xx_HAL_Driver/Src/stm32f1xx_hal_pwr.c.obj
LOAD CMakeFiles/QEALIDARMapping.elf.dir/Drivers/STM32F1xx_HAL_Driver/Src/stm32f1xx_hal_rcc.c.obj
LOAD CMakeFiles/QEALIDARMapping.elf.dir/Drivers/STM32F1xx_HAL_Driver/Src/stm32f1xx_hal_rcc_ex.c.obj
LOAD CMakeFiles/QEALIDARMapping.elf.dir/Drivers/STM32F1xx_HAL_Driver/Src/stm32f1xx_hal_tim.c.obj
LOAD CMakeFiles/QEALIDARMapping.elf.dir/Drivers/STM32F1xx_HAL_Driver/Src/stm32f1xx_hal_tim_ex.c.obj
LOAD CMakeFiles/QEALIDARMapping.elf.dir/Drivers/STM32F1xx_HAL_Driver/Src/stm32f1xx_hal_uart.c.obj
LOAD CMakeFiles/QEALIDARMapping.elf.dir/Middlewares/Third_Party/FreeRTOS/Source/CMSIS_RTOS_V2/cmsis_os2.c.obj
LOAD CMakeFiles/QEALIDARMapping.elf.dir/Middlewares/Third_Party/FreeRTOS/Source/croutine.c.obj
LOAD CMakeFiles/QEALIDARMapping.elf.dir/Middlewares/Third_Party/FreeRTOS/Source/event_groups.c.obj
LOAD CMakeFiles/QEALIDARMapping.elf.dir/Middlewares/Third_Party/FreeRTOS/Source/list.c.obj
LOAD CMakeFiles/QEALIDARMapping.elf.dir/Middlewares/Third_Party/FreeRTOS/Source/portable/GCC/ARM_CM3/port.c.obj
LOAD CMakeFiles/QEALIDARMapping.elf.dir/Middlewares/Third_Party/FreeRTOS/Source/portable/MemMang/heap_4.c.obj
LOAD CMakeFiles/QEALIDARMapping.elf.dir/Middlewares/Third_Party/FreeRTOS/Source/queue.c.obj
LOAD CMakeFiles/QEALIDARMapping.elf.dir/Middlewares/Third_Party/FreeRTOS/Source/stream_buffer.c.obj
LOAD CMakeFiles/QEALIDARMapping.elf.dir/Middlewares/Third_Party/FreeRTOS/Source/tasks.c.obj
LOAD CMakeFiles/QEALIDARMapping.elf.dir/Middlewares/Third_Party/FreeRTOS/Source/timers.c.obj
START GROUP
LOAD /Applications/ARM/bin/../lib/gcc/arm-none-eabi/10.3.1/thumb/v7-m/nofp/libgcc.a
LOAD /Applications/ARM/bin/../lib/gcc/arm-none-eabi/10.3.1/../../../../arm-none-eabi/lib/thumb/v7-m/nofp/libg.a
LOAD /Applications/ARM/bin/../lib/gcc/arm-none-eabi/10.3.1/../../../../arm-none-eabi/lib/thumb/v7-m/nofp/libc.a
END GROUP
LOAD /Applications/ARM/bin/../lib/gcc/arm-none-eabi/10.3.1/thumb/v7-m/nofp/crtend.o
LOAD /Applications/ARM/bin/../lib/gcc/arm-none-eabi/10.3.1/thumb/v7-m/nofp/crtn.o
                0x000000002000c000                _estack = (ORIGIN (RAM) + LENGTH (RAM))
                0x0000000000001000                _Min_Heap_Size = 0x1000
                0x0000000000001000                _Min_Stack_Size = 0x1000

.isr_vector     0x0000000008000000      0x1e4
                0x0000000008000000                . = ALIGN (0x4)
 *(.isr_vector)
 .isr_vector    0x0000000008000000      0x1e4 CMakeFiles/QEALIDARMapping.elf.dir/Core/Startup/startup_stm32f103rctx.s.obj
                0x0000000008000000                g_pfnVectors
                0x00000000080001e4                . = ALIGN (0x4)

.text           0x00000000080001f0     0xda64
                0x00000000080001f0                . = ALIGN (0x4)
 *(.text)
 .text          0x00000000080001f0       0x40 /Applications/ARM/bin/../lib/gcc/arm-none-eabi/10.3.1/thumb/v7-m/nofp/crtbegin.o
 .text          0x0000000008000230      0x378 /Applications/ARM/bin/../lib/gcc/arm-none-eabi/10.3.1/thumb/v7-m/nofp/libgcc.a(_arm_addsubdf3.o)
                0x0000000008000230                __aeabi_drsub
                0x0000000008000238                __subdf3
                0x0000000008000238                __aeabi_dsub
                0x000000000800023c                __aeabi_dadd
                0x000000000800023c                __adddf3
                0x00000000080004b4                __aeabi_ui2d
                0x00000000080004b4                __floatunsidf
                0x00000000080004d4                __floatsidf
                0x00000000080004d4                __aeabi_i2d
                0x00000000080004f8                __extendsfdf2
                0x00000000080004f8                __aeabi_f2d
                0x000000000800053c                __aeabi_ul2d
                0x000000000800053c                __floatundidf
                0x000000000800054c                __aeabi_l2d
                0x000000000800054c                __floatdidf
 .text          0x00000000080005a8      0x424 /Applications/ARM/bin/../lib/gcc/arm-none-eabi/10.3.1/thumb/v7-m/nofp/libgcc.a(_arm_muldivdf3.o)
                0x00000000080005a8                __aeabi_dmul
                0x00000000080005a8                __muldf3
                0x00000000080007fc                __aeabi_ddiv
                0x00000000080007fc                __divdf3
 .text          0x00000000080009cc      0x110 /Applications/ARM/bin/../lib/gcc/arm-none-eabi/10.3.1/thumb/v7-m/nofp/libgcc.a(_arm_cmpdf2.o)
                0x00000000080009cc                __gedf2
                0x00000000080009cc                __gtdf2
                0x00000000080009d4                __ledf2
                0x00000000080009d4                __ltdf2
                0x00000000080009dc                __cmpdf2
                0x00000000080009dc                __eqdf2
                0x00000000080009dc                __nedf2
                0x0000000008000a58                __aeabi_cdrcmple
                0x0000000008000a68                __aeabi_cdcmple
                0x0000000008000a68                __aeabi_cdcmpeq
                0x0000000008000a78                __aeabi_dcmpeq
                0x0000000008000a8c                __aeabi_dcmplt
                0x0000000008000aa0                __aeabi_dcmple
                0x0000000008000ab4                __aeabi_dcmpge
                0x0000000008000ac8                __aeabi_dcmpgt
 .text          0x0000000008000adc       0x50 /Applications/ARM/bin/../lib/gcc/arm-none-eabi/10.3.1/thumb/v7-m/nofp/libgcc.a(_arm_fixdfsi.o)
                0x0000000008000adc                __fixdfsi
                0x0000000008000adc                __aeabi_d2iz
 .text          0x0000000008000b2c       0x40 /Applications/ARM/bin/../lib/gcc/arm-none-eabi/10.3.1/thumb/v7-m/nofp/libgcc.a(_arm_fixunsdfsi.o)
                0x0000000008000b2c                __fixunsdfsi
                0x0000000008000b2c                __aeabi_d2uiz
 .text          0x0000000008000b6c       0xec /Applications/ARM/bin/../lib/gcc/arm-none-eabi/10.3.1/../../../../arm-none-eabi/lib/thumb/v7-m/nofp/libg.a(lib_a-memcpy.o)
                0x0000000008000b6c                memcpy
 .text          0x0000000008000c58       0x2c /Applications/ARM/bin/../lib/gcc/arm-none-eabi/10.3.1/thumb/v7-m/nofp/libgcc.a(_arm_unorddf2.o)
                0x0000000008000c58                __aeabi_dcmpun
                0x0000000008000c58                __unorddf2
 .text          0x0000000008000c84       0x30 /Applications/ARM/bin/../lib/gcc/arm-none-eabi/10.3.1/thumb/v7-m/nofp/libgcc.a(_aeabi_uldivmod.o)
                0x0000000008000c84                __aeabi_uldivmod
 .text          0x0000000008000cb4      0x2d4 /Applications/ARM/bin/../lib/gcc/arm-none-eabi/10.3.1/thumb/v7-m/nofp/libgcc.a(_udivmoddi4.o)
                0x0000000008000cb4                __udivmoddi4
 .text          0x0000000008000f88        0x4 /Applications/ARM/bin/../lib/gcc/arm-none-eabi/10.3.1/thumb/v7-m/nofp/libgcc.a(_dvmd_tls.o)
                0x0000000008000f88                __aeabi_ldiv0
                0x0000000008000f88                __aeabi_idiv0
 *(.text*)
 .text.Clear_Hough_Result
                0x0000000008000f8c       0x28 CMakeFiles/QEALIDARMapping.elf.dir/Core/Src/detect_circle.c.obj
                0x0000000008000f8c                Clear_Hough_Result
 .text.Find_Max_Loc
                0x0000000008000fb4       0x44 CMakeFiles/QEALIDARMapping.elf.dir/Core/Src/detect_circle.c.obj
                0x0000000008000fb4                Find_Max_Loc
 .text.Hough_Circles
                0x0000000008000ff8      0x198 CMakeFiles/QEALIDARMapping.elf.dir/Core/Src/detect_circle.c.obj
                0x0000000008000ff8                Hough_Circles
 .text.StartDefaultTask
                0x0000000008001190       0x64 CMakeFiles/QEALIDARMapping.elf.dir/Core/Src/freertos.c.obj
                0x0000000008001190                StartDefaultTask
 .text.IMUDecoder
                0x00000000080011f4       0x50 CMakeFiles/QEALIDARMapping.elf.dir/Core/Src/freertos.c.obj
                0x00000000080011f4                IMUDecoder
 .text.LidarDecoder
                0x0000000008001244       0x40 CMakeFiles/QEALIDARMapping.elf.dir/Core/Src/freertos.c.obj
                0x0000000008001244                LidarDecoder
 .text.MappingEngine
                0x0000000008001284       0x54 CMakeFiles/QEALIDARMapping.elf.dir/Core/Src/freertos.c.obj
                0x0000000008001284                MappingEngine
 .text.CircleDetect
                0x00000000080012d8       0x9c CMakeFiles/QEALIDARMapping.elf.dir/Core/Src/freertos.c.obj
                0x00000000080012d8                CircleDetect
 .text.MX_FREERTOS_Init
                0x0000000008001374       0x98 CMakeFiles/QEALIDARMapping.elf.dir/Core/Src/freertos.c.obj
                0x0000000008001374                MX_FREERTOS_Init
 .text.MX_GPIO_Init
                0x000000000800140c       0x8c CMakeFiles/QEALIDARMapping.elf.dir/Core/Src/gpio.c.obj
                0x000000000800140c                MX_GPIO_Init
 .text.CRC8_Table
                0x0000000008001498       0x20 CMakeFiles/QEALIDARMapping.elf.dir/Core/Src/imu.c.obj
                0x0000000008001498                CRC8_Table
 .text.CRC16_Table
                0x00000000080014b8       0x30 CMakeFiles/QEALIDARMapping.elf.dir/Core/Src/imu.c.obj
                0x00000000080014b8                CRC16_Table
 .text.IMU_RxCpltCallback
                0x00000000080014e8       0xb4 CMakeFiles/QEALIDARMapping.elf.dir/Core/Src/imu.c.obj
                0x00000000080014e8                IMU_RxCpltCallback
 *fill*         0x000000000800159c        0x4 
 .text.HandleIMUPackage
                0x00000000080015a0       0x54 CMakeFiles/QEALIDARMapping.elf.dir/Core/Src/imu.c.obj
                0x00000000080015a0                HandleIMUPackage
 .text.DecodeIMUPackage
                0x00000000080015f4      0x114 CMakeFiles/QEALIDARMapping.elf.dir/Core/Src/imu.c.obj
                0x00000000080015f4                DecodeIMUPackage
 .text.CalCRC8  0x0000000008001708       0x28 CMakeFiles/QEALIDARMapping.elf.dir/Core/Src/lidar.c.obj
                0x0000000008001708                CalCRC8
 .text.LIDAR_RxCpltCallback
                0x0000000008001730       0x50 CMakeFiles/QEALIDARMapping.elf.dir/Core/Src/lidar.c.obj
                0x0000000008001730                LIDAR_RxCpltCallback
 .text.DecodeLIDARPackage
                0x0000000008001780      0x218 CMakeFiles/QEALIDARMapping.elf.dir/Core/Src/lidar.c.obj
                0x0000000008001780                DecodeLIDARPackage
 .text.HAL_UART_RxCpltCallback
                0x0000000008001998       0x28 CMakeFiles/QEALIDARMapping.elf.dir/Core/Src/main.c.obj
                0x0000000008001998                HAL_UART_RxCpltCallback
 .text.HAL_TIM_PeriodElapsedCallback
                0x00000000080019c0       0x2c CMakeFiles/QEALIDARMapping.elf.dir/Core/Src/main.c.obj
                0x00000000080019c0                HAL_TIM_PeriodElapsedCallback
 .text.Error_Handler
                0x00000000080019ec        0x4 CMakeFiles/QEALIDARMapping.elf.dir/Core/Src/main.c.obj
                0x00000000080019ec                Error_Handler
 .text.SystemClock_Config
                0x00000000080019f0       0x64 CMakeFiles/QEALIDARMapping.elf.dir/Core/Src/main.c.obj
                0x00000000080019f0                SystemClock_Config
 .text.main     0x0000000008001a54       0x60 CMakeFiles/QEALIDARMapping.elf.dir/Core/Src/main.c.obj
                0x0000000008001a54                main
 .text.Init_Robot_Map
                0x0000000008001ab4        0x2 CMakeFiles/QEALIDARMapping.elf.dir/Core/Src/map.c.obj
                0x0000000008001ab4                Init_Robot_Map
 *fill*         0x0000000008001ab6        0x2 
 .text.Init_Robot_Pos
                0x0000000008001ab8       0x30 CMakeFiles/QEALIDARMapping.elf.dir/Core/Src/map.c.obj
                0x0000000008001ab8                Init_Robot_Pos
 .text.Find_Next_Loc
                0x0000000008001ae8      0x1b4 CMakeFiles/QEALIDARMapping.elf.dir/Core/Src/map.c.obj
                0x0000000008001ae8                Find_Next_Loc
 .text.ClearSpeed
                0x0000000008001c9c       0x14 CMakeFiles/QEALIDARMapping.elf.dir/Core/Src/motion.c.obj
                0x0000000008001c9c                ClearSpeed
 .text.CommitSpeed
                0x0000000008001cb0       0x2c CMakeFiles/QEALIDARMapping.elf.dir/Core/Src/motion.c.obj
                0x0000000008001cb0                CommitSpeed
 .text.MoveForward
                0x0000000008001cdc       0x30 CMakeFiles/QEALIDARMapping.elf.dir/Core/Src/motion.c.obj
                0x0000000008001cdc                MoveForward
 .text.SpinLeft
                0x0000000008001d0c       0x30 CMakeFiles/QEALIDARMapping.elf.dir/Core/Src/motion.c.obj
                0x0000000008001d0c                SpinLeft
 .text.SpinRight
                0x0000000008001d3c       0x30 CMakeFiles/QEALIDARMapping.elf.dir/Core/Src/motion.c.obj
                0x0000000008001d3c                SpinRight
 *fill*         0x0000000008001d6c        0x4 
 .text.SpinTo   0x0000000008001d70      0x114 CMakeFiles/QEALIDARMapping.elf.dir/Core/Src/motion.c.obj
                0x0000000008001d70                SpinTo
 .text.HAL_MspInit
                0x0000000008001e84       0x54 CMakeFiles/QEALIDARMapping.elf.dir/Core/Src/stm32f1xx_hal_msp.c.obj
                0x0000000008001e84                HAL_MspInit
 .text.HAL_InitTick
                0x0000000008001ed8       0x7c CMakeFiles/QEALIDARMapping.elf.dir/Core/Src/stm32f1xx_hal_timebase_tim.c.obj
                0x0000000008001ed8                HAL_InitTick
 .text.NMI_Handler
                0x0000000008001f54        0x2 CMakeFiles/QEALIDARMapping.elf.dir/Core/Src/stm32f1xx_it.c.obj
                0x0000000008001f54                NMI_Handler
 .text.HardFault_Handler
                0x0000000008001f56        0x2 CMakeFiles/QEALIDARMapping.elf.dir/Core/Src/stm32f1xx_it.c.obj
                0x0000000008001f56                HardFault_Handler
 .text.MemManage_Handler
                0x0000000008001f58        0x2 CMakeFiles/QEALIDARMapping.elf.dir/Core/Src/stm32f1xx_it.c.obj
                0x0000000008001f58                MemManage_Handler
 .text.BusFault_Handler
                0x0000000008001f5a        0x2 CMakeFiles/QEALIDARMapping.elf.dir/Core/Src/stm32f1xx_it.c.obj
                0x0000000008001f5a                BusFault_Handler
 .text.UsageFault_Handler
                0x0000000008001f5c        0x2 CMakeFiles/QEALIDARMapping.elf.dir/Core/Src/stm32f1xx_it.c.obj
                0x0000000008001f5c                UsageFault_Handler
 .text.DebugMon_Handler
                0x0000000008001f5e        0x2 CMakeFiles/QEALIDARMapping.elf.dir/Core/Src/stm32f1xx_it.c.obj
                0x0000000008001f5e                DebugMon_Handler
 .text.USART2_IRQHandler
                0x0000000008001f60       0x10 CMakeFiles/QEALIDARMapping.elf.dir/Core/Src/stm32f1xx_it.c.obj
                0x0000000008001f60                USART2_IRQHandler
 .text.USART3_IRQHandler
                0x0000000008001f70       0x10 CMakeFiles/QEALIDARMapping.elf.dir/Core/Src/stm32f1xx_it.c.obj
                0x0000000008001f70                USART3_IRQHandler
 .text.TIM6_IRQHandler
                0x0000000008001f80       0x10 CMakeFiles/QEALIDARMapping.elf.dir/Core/Src/stm32f1xx_it.c.obj
                0x0000000008001f80                TIM6_IRQHandler
 .text.TIM7_IRQHandler
                0x0000000008001f90       0x10 CMakeFiles/QEALIDARMapping.elf.dir/Core/Src/stm32f1xx_it.c.obj
                0x0000000008001f90                TIM7_IRQHandler
 .text._getpid  0x0000000008001fa0        0x4 CMakeFiles/QEALIDARMapping.elf.dir/Core/Src/syscalls.c.obj
                0x0000000008001fa0                _getpid
 .text._kill    0x0000000008001fa4       0x10 CMakeFiles/QEALIDARMapping.elf.dir/Core/Src/syscalls.c.obj
                0x0000000008001fa4                _kill
 .text._exit    0x0000000008001fb4        0xc CMakeFiles/QEALIDARMapping.elf.dir/Core/Src/syscalls.c.obj
                0x0000000008001fb4                _exit
 .text._read    0x0000000008001fc0       0x20 CMakeFiles/QEALIDARMapping.elf.dir/Core/Src/syscalls.c.obj
                0x0000000008001fc0                _read
 .text._write   0x0000000008001fe0       0x1c CMakeFiles/QEALIDARMapping.elf.dir/Core/Src/syscalls.c.obj
                0x0000000008001fe0                _write
 .text._close   0x0000000008001ffc        0x6 CMakeFiles/QEALIDARMapping.elf.dir/Core/Src/syscalls.c.obj
                0x0000000008001ffc                _close
 .text._fstat   0x0000000008002002        0xa CMakeFiles/QEALIDARMapping.elf.dir/Core/Src/syscalls.c.obj
                0x0000000008002002                _fstat
 .text._isatty  0x000000000800200c        0x4 CMakeFiles/QEALIDARMapping.elf.dir/Core/Src/syscalls.c.obj
                0x000000000800200c                _isatty
 .text._lseek   0x0000000008002010        0x4 CMakeFiles/QEALIDARMapping.elf.dir/Core/Src/syscalls.c.obj
                0x0000000008002010                _lseek
 .text._sbrk    0x0000000008002014       0x48 CMakeFiles/QEALIDARMapping.elf.dir/Core/Src/sysmem.c.obj
                0x0000000008002014                _sbrk
 .text.SystemInit
                0x000000000800205c        0x2 CMakeFiles/QEALIDARMapping.elf.dir/Core/Src/system_stm32f1xx.c.obj
                0x000000000800205c                SystemInit
 *fill*         0x000000000800205e        0x2 
 .text.MX_TIM4_Init
                0x0000000008002060       0x64 CMakeFiles/QEALIDARMapping.elf.dir/Core/Src/tim.c.obj
                0x0000000008002060                MX_TIM4_Init
 .text.MX_TIM7_Init
                0x00000000080020c4       0x50 CMakeFiles/QEALIDARMapping.elf.dir/Core/Src/tim.c.obj
                0x00000000080020c4                MX_TIM7_Init
 .text.MX_TIM8_Init
                0x0000000008002114       0x68 CMakeFiles/QEALIDARMapping.elf.dir/Core/Src/tim.c.obj
                0x0000000008002114                MX_TIM8_Init
 .text.HAL_TIM_Base_MspInit
                0x000000000800217c       0x60 CMakeFiles/QEALIDARMapping.elf.dir/Core/Src/tim.c.obj
                0x000000000800217c                HAL_TIM_Base_MspInit
 .text.HAL_TIM_Encoder_MspInit
                0x00000000080021dc       0xa0 CMakeFiles/QEALIDARMapping.elf.dir/Core/Src/tim.c.obj
                0x00000000080021dc                HAL_TIM_Encoder_MspInit
 .text.HAL_TIM_MspPostInit
                0x000000000800227c       0x74 CMakeFiles/QEALIDARMapping.elf.dir/Core/Src/tim.c.obj
                0x000000000800227c                HAL_TIM_MspPostInit
 .text.MX_TIM3_Init
                0x00000000080022f0       0xec CMakeFiles/QEALIDARMapping.elf.dir/Core/Src/tim.c.obj
                0x00000000080022f0                MX_TIM3_Init
 .text.MX_USART1_UART_Init
                0x00000000080023dc       0x34 CMakeFiles/QEALIDARMapping.elf.dir/Core/Src/usart.c.obj
                0x00000000080023dc                MX_USART1_UART_Init
 .text.MX_USART2_UART_Init
                0x0000000008002410       0x34 CMakeFiles/QEALIDARMapping.elf.dir/Core/Src/usart.c.obj
                0x0000000008002410                MX_USART2_UART_Init
 .text.MX_USART3_UART_Init
                0x0000000008002444       0x34 CMakeFiles/QEALIDARMapping.elf.dir/Core/Src/usart.c.obj
                0x0000000008002444                MX_USART3_UART_Init
 .text.HAL_UART_MspInit
                0x0000000008002478      0x158 CMakeFiles/QEALIDARMapping.elf.dir/Core/Src/usart.c.obj
                0x0000000008002478                HAL_UART_MspInit
 .text.PID_Init
                0x00000000080025d0       0x7c CMakeFiles/QEALIDARMapping.elf.dir/Core/Src/wheel_pwm.c.obj
                0x00000000080025d0                PID_Init
 .text.Tick     0x000000000800264c       0xe6 CMakeFiles/QEALIDARMapping.elf.dir/Core/Src/wheel_pwm.c.obj
                0x000000000800264c                Tick
 *fill*         0x0000000008002732        0x2 
 .text.PID_Tick
                0x0000000008002734      0x104 CMakeFiles/QEALIDARMapping.elf.dir/Core/Src/wheel_pwm.c.obj
                0x0000000008002734                PID_Tick
 .text.Reset_Handler
                0x0000000008002838       0x48 CMakeFiles/QEALIDARMapping.elf.dir/Core/Startup/startup_stm32f103rctx.s.obj
                0x0000000008002838                Reset_Handler
 .text.Default_Handler
                0x0000000008002880        0x2 CMakeFiles/QEALIDARMapping.elf.dir/Core/Startup/startup_stm32f103rctx.s.obj
                0x0000000008002880                DMA2_Channel3_IRQHandler
                0x0000000008002880                EXTI2_IRQHandler
                0x0000000008002880                TIM8_TRG_COM_IRQHandler
                0x0000000008002880                TIM8_CC_IRQHandler
                0x0000000008002880                TIM1_CC_IRQHandler
                0x0000000008002880                PVD_IRQHandler
                0x0000000008002880                SDIO_IRQHandler
                0x0000000008002880                EXTI3_IRQHandler
                0x0000000008002880                EXTI0_IRQHandler
                0x0000000008002880                I2C2_EV_IRQHandler
                0x0000000008002880                ADC1_2_IRQHandler
                0x0000000008002880                SPI1_IRQHandler
                0x0000000008002880                TAMPER_IRQHandler
                0x0000000008002880                TIM8_UP_IRQHandler
                0x0000000008002880                DMA2_Channel2_IRQHandler
                0x0000000008002880                DMA1_Channel4_IRQHandler
                0x0000000008002880                RTC_IRQHandler
                0x0000000008002880                DMA1_Channel7_IRQHandler
                0x0000000008002880                CAN1_RX1_IRQHandler
                0x0000000008002880                UART5_IRQHandler
                0x0000000008002880                ADC3_IRQHandler
                0x0000000008002880                TIM4_IRQHandler
                0x0000000008002880                DMA2_Channel1_IRQHandler
                0x0000000008002880                I2C1_EV_IRQHandler
                0x0000000008002880                DMA1_Channel6_IRQHandler
                0x0000000008002880                UART4_IRQHandler
                0x0000000008002880                TIM3_IRQHandler
                0x0000000008002880                RCC_IRQHandler
                0x0000000008002880                TIM1_TRG_COM_IRQHandler
                0x0000000008002880                DMA1_Channel1_IRQHandler
                0x0000000008002880                Default_Handler
                0x0000000008002880                EXTI15_10_IRQHandler
                0x0000000008002880                TIM5_IRQHandler
                0x0000000008002880                EXTI9_5_IRQHandler
                0x0000000008002880                SPI2_IRQHandler
                0x0000000008002880                DMA1_Channel5_IRQHandler
                0x0000000008002880                EXTI4_IRQHandler
                0x0000000008002880                USB_LP_CAN1_RX0_IRQHandler
                0x0000000008002880                USB_HP_CAN1_TX_IRQHandler
                0x0000000008002880                DMA1_Channel3_IRQHandler
                0x0000000008002880                FSMC_IRQHandler
                0x0000000008002880                TIM1_UP_IRQHandler
                0x0000000008002880                WWDG_IRQHandler
                0x0000000008002880                TIM2_IRQHandler
                0x0000000008002880                TIM1_BRK_IRQHandler
                0x0000000008002880                EXTI1_IRQHandler
                0x0000000008002880                DMA2_Channel4_5_IRQHandler
                0x0000000008002880                I2C2_ER_IRQHandler
                0x0000000008002880                DMA1_Channel2_IRQHandler
                0x0000000008002880                TIM8_BRK_IRQHandler
                0x0000000008002880                CAN1_SCE_IRQHandler
                0x0000000008002880                FLASH_IRQHandler
                0x0000000008002880                USART1_IRQHandler
                0x0000000008002880                SPI3_IRQHandler
                0x0000000008002880                I2C1_ER_IRQHandler
                0x0000000008002880                USBWakeUp_IRQHandler
                0x0000000008002880                RTC_Alarm_IRQHandler
 *fill*         0x0000000008002882        0x2 
 .text.HAL_Init
                0x0000000008002884       0x24 CMakeFiles/QEALIDARMapping.elf.dir/Drivers/STM32F1xx_HAL_Driver/Src/stm32f1xx_hal.c.obj
                0x0000000008002884                HAL_Init
 .text.HAL_IncTick
                0x00000000080028a8       0x18 CMakeFiles/QEALIDARMapping.elf.dir/Drivers/STM32F1xx_HAL_Driver/Src/stm32f1xx_hal.c.obj
                0x00000000080028a8                HAL_IncTick
 .text.HAL_GetTick
                0x00000000080028c0        0xc CMakeFiles/QEALIDARMapping.elf.dir/Drivers/STM32F1xx_HAL_Driver/Src/stm32f1xx_hal.c.obj
                0x00000000080028c0                HAL_GetTick
 .text.HAL_NVIC_SetPriorityGrouping
                0x00000000080028cc       0x24 CMakeFiles/QEALIDARMapping.elf.dir/Drivers/STM32F1xx_HAL_Driver/Src/stm32f1xx_hal_cortex.c.obj
                0x00000000080028cc                HAL_NVIC_SetPriorityGrouping
 .text.HAL_NVIC_SetPriority
                0x00000000080028f0       0x70 CMakeFiles/QEALIDARMapping.elf.dir/Drivers/STM32F1xx_HAL_Driver/Src/stm32f1xx_hal_cortex.c.obj
                0x00000000080028f0                HAL_NVIC_SetPriority
 .text.HAL_NVIC_EnableIRQ
                0x0000000008002960       0x1c CMakeFiles/QEALIDARMapping.elf.dir/Drivers/STM32F1xx_HAL_Driver/Src/stm32f1xx_hal_cortex.c.obj
                0x0000000008002960                HAL_NVIC_EnableIRQ
 .text.HAL_DMA_Abort
                0x000000000800297c       0x46 CMakeFiles/QEALIDARMapping.elf.dir/Drivers/STM32F1xx_HAL_Driver/Src/stm32f1xx_hal_dma.c.obj
                0x000000000800297c                HAL_DMA_Abort
 *fill*         0x00000000080029c2        0x2 
 .text.HAL_DMA_Abort_IT
                0x00000000080029c4      0x16c CMakeFiles/QEALIDARMapping.elf.dir/Drivers/STM32F1xx_HAL_Driver/Src/stm32f1xx_hal_dma.c.obj
                0x00000000080029c4                HAL_DMA_Abort_IT
 .text.HAL_GPIO_Init
                0x0000000008002b30      0x240 CMakeFiles/QEALIDARMapping.elf.dir/Drivers/STM32F1xx_HAL_Driver/Src/stm32f1xx_hal_gpio.c.obj
                0x0000000008002b30                HAL_GPIO_Init
 .text.HAL_GPIO_WritePin
                0x0000000008002d70        0xc CMakeFiles/QEALIDARMapping.elf.dir/Drivers/STM32F1xx_HAL_Driver/Src/stm32f1xx_hal_gpio.c.obj
                0x0000000008002d70                HAL_GPIO_WritePin
 .text.RCC_Delay
                0x0000000008002d7c       0x2c CMakeFiles/QEALIDARMapping.elf.dir/Drivers/STM32F1xx_HAL_Driver/Src/stm32f1xx_hal_rcc.c.obj
 .text.HAL_RCC_OscConfig
                0x0000000008002da8      0x410 CMakeFiles/QEALIDARMapping.elf.dir/Drivers/STM32F1xx_HAL_Driver/Src/stm32f1xx_hal_rcc.c.obj
                0x0000000008002da8                HAL_RCC_OscConfig
 .text.HAL_RCC_GetSysClockFreq
                0x00000000080031b8       0x54 CMakeFiles/QEALIDARMapping.elf.dir/Drivers/STM32F1xx_HAL_Driver/Src/stm32f1xx_hal_rcc.c.obj
                0x00000000080031b8                HAL_RCC_GetSysClockFreq
 .text.HAL_RCC_ClockConfig
                0x000000000800320c      0x16c CMakeFiles/QEALIDARMapping.elf.dir/Drivers/STM32F1xx_HAL_Driver/Src/stm32f1xx_hal_rcc.c.obj
                0x000000000800320c                HAL_RCC_ClockConfig
 .text.HAL_RCC_GetHCLKFreq
                0x0000000008003378        0xc CMakeFiles/QEALIDARMapping.elf.dir/Drivers/STM32F1xx_HAL_Driver/Src/stm32f1xx_hal_rcc.c.obj
                0x0000000008003378                HAL_RCC_GetHCLKFreq
 .text.HAL_RCC_GetPCLK1Freq
                0x0000000008003384       0x20 CMakeFiles/QEALIDARMapping.elf.dir/Drivers/STM32F1xx_HAL_Driver/Src/stm32f1xx_hal_rcc.c.obj
                0x0000000008003384                HAL_RCC_GetPCLK1Freq
 .text.HAL_RCC_GetPCLK2Freq
                0x00000000080033a4       0x20 CMakeFiles/QEALIDARMapping.elf.dir/Drivers/STM32F1xx_HAL_Driver/Src/stm32f1xx_hal_rcc.c.obj
                0x00000000080033a4                HAL_RCC_GetPCLK2Freq
 .text.HAL_RCC_GetClockConfig
                0x00000000080033c4       0x3c CMakeFiles/QEALIDARMapping.elf.dir/Drivers/STM32F1xx_HAL_Driver/Src/stm32f1xx_hal_rcc.c.obj
                0x00000000080033c4                HAL_RCC_GetClockConfig
 .text.TIM_OC1_SetConfig
                0x0000000008003400       0x68 CMakeFiles/QEALIDARMapping.elf.dir/Drivers/STM32F1xx_HAL_Driver/Src/stm32f1xx_hal_tim.c.obj
 .text.TIM_OC3_SetConfig
                0x0000000008003468       0x70 CMakeFiles/QEALIDARMapping.elf.dir/Drivers/STM32F1xx_HAL_Driver/Src/stm32f1xx_hal_tim.c.obj
 .text.TIM_OC4_SetConfig
                0x00000000080034d8       0x50 CMakeFiles/QEALIDARMapping.elf.dir/Drivers/STM32F1xx_HAL_Driver/Src/stm32f1xx_hal_tim.c.obj
 .text.TIM_TI1_ConfigInputStage
                0x0000000008003528       0x24 CMakeFiles/QEALIDARMapping.elf.dir/Drivers/STM32F1xx_HAL_Driver/Src/stm32f1xx_hal_tim.c.obj
 .text.TIM_TI2_ConfigInputStage
                0x000000000800354c       0x26 CMakeFiles/QEALIDARMapping.elf.dir/Drivers/STM32F1xx_HAL_Driver/Src/stm32f1xx_hal_tim.c.obj
 .text.TIM_ITRx_SetConfig
                0x0000000008003572       0x10 CMakeFiles/QEALIDARMapping.elf.dir/Drivers/STM32F1xx_HAL_Driver/Src/stm32f1xx_hal_tim.c.obj
 *fill*         0x0000000008003582        0x2 
 .text.HAL_TIM_Base_Start_IT
                0x0000000008003584       0x78 CMakeFiles/QEALIDARMapping.elf.dir/Drivers/STM32F1xx_HAL_Driver/Src/stm32f1xx_hal_tim.c.obj
                0x0000000008003584                HAL_TIM_Base_Start_IT
 .text.HAL_TIM_PWM_MspInit
                0x00000000080035fc        0x2 CMakeFiles/QEALIDARMapping.elf.dir/Drivers/STM32F1xx_HAL_Driver/Src/stm32f1xx_hal_tim.c.obj
                0x00000000080035fc                HAL_TIM_PWM_MspInit
 .text.HAL_TIM_OC_DelayElapsedCallback
                0x00000000080035fe        0x2 CMakeFiles/QEALIDARMapping.elf.dir/Drivers/STM32F1xx_HAL_Driver/Src/stm32f1xx_hal_tim.c.obj
                0x00000000080035fe                HAL_TIM_OC_DelayElapsedCallback
 .text.HAL_TIM_IC_CaptureCallback
                0x0000000008003600        0x2 CMakeFiles/QEALIDARMapping.elf.dir/Drivers/STM32F1xx_HAL_Driver/Src/stm32f1xx_hal_tim.c.obj
                0x0000000008003600                HAL_TIM_IC_CaptureCallback
 .text.HAL_TIM_PWM_PulseFinishedCallback
                0x0000000008003602        0x2 CMakeFiles/QEALIDARMapping.elf.dir/Drivers/STM32F1xx_HAL_Driver/Src/stm32f1xx_hal_tim.c.obj
                0x0000000008003602                HAL_TIM_PWM_PulseFinishedCallback
 .text.HAL_TIM_TriggerCallback
                0x0000000008003604        0x2 CMakeFiles/QEALIDARMapping.elf.dir/Drivers/STM32F1xx_HAL_Driver/Src/stm32f1xx_hal_tim.c.obj
                0x0000000008003604                HAL_TIM_TriggerCallback
 .text.HAL_TIM_IRQHandler
                0x0000000008003606      0x17a CMakeFiles/QEALIDARMapping.elf.dir/Drivers/STM32F1xx_HAL_Driver/Src/stm32f1xx_hal_tim.c.obj
                0x0000000008003606                HAL_TIM_IRQHandler
 .text.TIM_Base_SetConfig
                0x0000000008003780       0x98 CMakeFiles/QEALIDARMapping.elf.dir/Drivers/STM32F1xx_HAL_Driver/Src/stm32f1xx_hal_tim.c.obj
                0x0000000008003780                TIM_Base_SetConfig
 .text.HAL_TIM_Base_Init
                0x0000000008003818       0x58 CMakeFiles/QEALIDARMapping.elf.dir/Drivers/STM32F1xx_HAL_Driver/Src/stm32f1xx_hal_tim.c.obj
                0x0000000008003818                HAL_TIM_Base_Init
 .text.HAL_TIM_PWM_Init
                0x0000000008003870       0x58 CMakeFiles/QEALIDARMapping.elf.dir/Drivers/STM32F1xx_HAL_Driver/Src/stm32f1xx_hal_tim.c.obj
                0x0000000008003870                HAL_TIM_PWM_Init
 .text.HAL_TIM_Encoder_Init
                0x00000000080038c8       0xb8 CMakeFiles/QEALIDARMapping.elf.dir/Drivers/STM32F1xx_HAL_Driver/Src/stm32f1xx_hal_tim.c.obj
                0x00000000080038c8                HAL_TIM_Encoder_Init
 .text.TIM_OC2_SetConfig
                0x0000000008003980       0x70 CMakeFiles/QEALIDARMapping.elf.dir/Drivers/STM32F1xx_HAL_Driver/Src/stm32f1xx_hal_tim.c.obj
                0x0000000008003980                TIM_OC2_SetConfig
 .text.HAL_TIM_PWM_ConfigChannel
                0x00000000080039f0       0xdc CMakeFiles/QEALIDARMapping.elf.dir/Drivers/STM32F1xx_HAL_Driver/Src/stm32f1xx_hal_tim.c.obj
                0x00000000080039f0                HAL_TIM_PWM_ConfigChannel
 .text.TIM_ETR_SetConfig
                0x0000000008003acc       0x18 CMakeFiles/QEALIDARMapping.elf.dir/Drivers/STM32F1xx_HAL_Driver/Src/stm32f1xx_hal_tim.c.obj
                0x0000000008003acc                TIM_ETR_SetConfig
 .text.HAL_TIM_ConfigClockSource
                0x0000000008003ae4       0xfe CMakeFiles/QEALIDARMapping.elf.dir/Drivers/STM32F1xx_HAL_Driver/Src/stm32f1xx_hal_tim.c.obj
                0x0000000008003ae4                HAL_TIM_ConfigClockSource
 .text.TIM_CCxChannelCmd
                0x0000000008003be2       0x1e CMakeFiles/QEALIDARMapping.elf.dir/Drivers/STM32F1xx_HAL_Driver/Src/stm32f1xx_hal_tim.c.obj
                0x0000000008003be2                TIM_CCxChannelCmd
 .text.HAL_TIM_Encoder_Start
                0x0000000008003c00       0xcc CMakeFiles/QEALIDARMapping.elf.dir/Drivers/STM32F1xx_HAL_Driver/Src/stm32f1xx_hal_tim.c.obj
                0x0000000008003c00                HAL_TIM_Encoder_Start
 .text.HAL_TIMEx_MasterConfigSynchronization
                0x0000000008003ccc       0x7c CMakeFiles/QEALIDARMapping.elf.dir/Drivers/STM32F1xx_HAL_Driver/Src/stm32f1xx_hal_tim_ex.c.obj
                0x0000000008003ccc                HAL_TIMEx_MasterConfigSynchronization
 .text.HAL_TIMEx_CommutCallback
                0x0000000008003d48        0x2 CMakeFiles/QEALIDARMapping.elf.dir/Drivers/STM32F1xx_HAL_Driver/Src/stm32f1xx_hal_tim_ex.c.obj
                0x0000000008003d48                HAL_TIMEx_CommutCallback
 .text.HAL_TIMEx_BreakCallback
                0x0000000008003d4a        0x2 CMakeFiles/QEALIDARMapping.elf.dir/Drivers/STM32F1xx_HAL_Driver/Src/stm32f1xx_hal_tim_ex.c.obj
                0x0000000008003d4a                HAL_TIMEx_BreakCallback
 .text.UART_EndRxTransfer
                0x0000000008003d4c       0x5c CMakeFiles/QEALIDARMapping.elf.dir/Drivers/STM32F1xx_HAL_Driver/Src/stm32f1xx_hal_uart.c.obj
 .text.UART_Transmit_IT
                0x0000000008003da8       0x60 CMakeFiles/QEALIDARMapping.elf.dir/Drivers/STM32F1xx_HAL_Driver/Src/stm32f1xx_hal_uart.c.obj
 .text.UART_SetConfig
                0x0000000008003e08       0x94 CMakeFiles/QEALIDARMapping.elf.dir/Drivers/STM32F1xx_HAL_Driver/Src/stm32f1xx_hal_uart.c.obj
 .text.UART_WaitOnFlagUntilTimeout
                0x0000000008003e9c       0x88 CMakeFiles/QEALIDARMapping.elf.dir/Drivers/STM32F1xx_HAL_Driver/Src/stm32f1xx_hal_uart.c.obj
 .text.HAL_UART_Init
                0x0000000008003f24       0x60 CMakeFiles/QEALIDARMapping.elf.dir/Drivers/STM32F1xx_HAL_Driver/Src/stm32f1xx_hal_uart.c.obj
                0x0000000008003f24                HAL_UART_Init
 .text.HAL_UART_Transmit
                0x0000000008003f84       0xbe CMakeFiles/QEALIDARMapping.elf.dir/Drivers/STM32F1xx_HAL_Driver/Src/stm32f1xx_hal_uart.c.obj
                0x0000000008003f84                HAL_UART_Transmit
 .text.HAL_UART_TxCpltCallback
                0x0000000008004042        0x2 CMakeFiles/QEALIDARMapping.elf.dir/Drivers/STM32F1xx_HAL_Driver/Src/stm32f1xx_hal_uart.c.obj
                0x0000000008004042                HAL_UART_TxCpltCallback
 .text.UART_EndTransmit_IT
                0x0000000008004044       0x1a CMakeFiles/QEALIDARMapping.elf.dir/Drivers/STM32F1xx_HAL_Driver/Src/stm32f1xx_hal_uart.c.obj
 .text.HAL_UART_ErrorCallback
                0x000000000800405e        0x2 CMakeFiles/QEALIDARMapping.elf.dir/Drivers/STM32F1xx_HAL_Driver/Src/stm32f1xx_hal_uart.c.obj
                0x000000000800405e                HAL_UART_ErrorCallback
 .text.UART_DMAAbortOnError
                0x0000000008004060       0x10 CMakeFiles/QEALIDARMapping.elf.dir/Drivers/STM32F1xx_HAL_Driver/Src/stm32f1xx_hal_uart.c.obj
 .text.HAL_UARTEx_RxEventCallback
                0x0000000008004070        0x2 CMakeFiles/QEALIDARMapping.elf.dir/Drivers/STM32F1xx_HAL_Driver/Src/stm32f1xx_hal_uart.c.obj
                0x0000000008004070                HAL_UARTEx_RxEventCallback
 .text.UART_Receive_IT
                0x0000000008004072       0xe6 CMakeFiles/QEALIDARMapping.elf.dir/Drivers/STM32F1xx_HAL_Driver/Src/stm32f1xx_hal_uart.c.obj
 .text.HAL_UART_IRQHandler
                0x0000000008004158      0x288 CMakeFiles/QEALIDARMapping.elf.dir/Drivers/STM32F1xx_HAL_Driver/Src/stm32f1xx_hal_uart.c.obj
                0x0000000008004158                HAL_UART_IRQHandler
 .text.UART_Start_Receive_IT
                0x00000000080043e0       0x36 CMakeFiles/QEALIDARMapping.elf.dir/Drivers/STM32F1xx_HAL_Driver/Src/stm32f1xx_hal_uart.c.obj
                0x00000000080043e0                UART_Start_Receive_IT
 .text.HAL_UART_Receive_IT
                0x0000000008004416       0x26 CMakeFiles/QEALIDARMapping.elf.dir/Drivers/STM32F1xx_HAL_Driver/Src/stm32f1xx_hal_uart.c.obj
                0x0000000008004416                HAL_UART_Receive_IT
 .text.osKernelInitialize
                0x000000000800443c       0x44 CMakeFiles/QEALIDARMapping.elf.dir/Middlewares/Third_Party/FreeRTOS/Source/CMSIS_RTOS_V2/cmsis_os2.c.obj
                0x000000000800443c                osKernelInitialize
 .text.osKernelStart
                0x0000000008004480       0x4c CMakeFiles/QEALIDARMapping.elf.dir/Middlewares/Third_Party/FreeRTOS/Source/CMSIS_RTOS_V2/cmsis_os2.c.obj
                0x0000000008004480                osKernelStart
 .text.osThreadNew
                0x00000000080044cc       0xec CMakeFiles/QEALIDARMapping.elf.dir/Middlewares/Third_Party/FreeRTOS/Source/CMSIS_RTOS_V2/cmsis_os2.c.obj
                0x00000000080044cc                osThreadNew
 .text.osDelay  0x00000000080045b8       0x44 CMakeFiles/QEALIDARMapping.elf.dir/Middlewares/Third_Party/FreeRTOS/Source/CMSIS_RTOS_V2/cmsis_os2.c.obj
                0x00000000080045b8                osDelay
 .text.osMutexNew
                0x00000000080045fc       0xbc CMakeFiles/QEALIDARMapping.elf.dir/Middlewares/Third_Party/FreeRTOS/Source/CMSIS_RTOS_V2/cmsis_os2.c.obj
                0x00000000080045fc                osMutexNew
 .text.vApplicationGetIdleTaskMemory
                0x00000000080046b8       0x18 CMakeFiles/QEALIDARMapping.elf.dir/Middlewares/Third_Party/FreeRTOS/Source/CMSIS_RTOS_V2/cmsis_os2.c.obj
                0x00000000080046b8                vApplicationGetIdleTaskMemory
 .text.vApplicationGetTimerTaskMemory
                0x00000000080046d0       0x18 CMakeFiles/QEALIDARMapping.elf.dir/Middlewares/Third_Party/FreeRTOS/Source/CMSIS_RTOS_V2/cmsis_os2.c.obj
                0x00000000080046d0                vApplicationGetTimerTaskMemory
 .text.vListInitialise
                0x00000000080046e8       0x16 CMakeFiles/QEALIDARMapping.elf.dir/Middlewares/Third_Party/FreeRTOS/Source/list.c.obj
                0x00000000080046e8                vListInitialise
 .text.vListInitialiseItem
                0x00000000080046fe        0x6 CMakeFiles/QEALIDARMapping.elf.dir/Middlewares/Third_Party/FreeRTOS/Source/list.c.obj
                0x00000000080046fe                vListInitialiseItem
 .text.vListInsertEnd
                0x0000000008004704       0x16 CMakeFiles/QEALIDARMapping.elf.dir/Middlewares/Third_Party/FreeRTOS/Source/list.c.obj
                0x0000000008004704                vListInsertEnd
 .text.vListInsert
                0x000000000800471a       0x32 CMakeFiles/QEALIDARMapping.elf.dir/Middlewares/Third_Party/FreeRTOS/Source/list.c.obj
                0x000000000800471a                vListInsert
 .text.uxListRemove
                0x000000000800474c       0x26 CMakeFiles/QEALIDARMapping.elf.dir/Middlewares/Third_Party/FreeRTOS/Source/list.c.obj
                0x000000000800474c                uxListRemove
 *fill*         0x0000000008004772        0x2 
 .text.prvTaskExitError
                0x0000000008004774       0x40 CMakeFiles/QEALIDARMapping.elf.dir/Middlewares/Third_Party/FreeRTOS/Source/portable/GCC/ARM_CM3/port.c.obj
 .text.prvPortStartFirstTask
                0x00000000080047b4       0x20 CMakeFiles/QEALIDARMapping.elf.dir/Middlewares/Third_Party/FreeRTOS/Source/portable/GCC/ARM_CM3/port.c.obj
 .text.pxPortInitialiseStack
                0x00000000080047d4       0x24 CMakeFiles/QEALIDARMapping.elf.dir/Middlewares/Third_Party/FreeRTOS/Source/portable/GCC/ARM_CM3/port.c.obj
                0x00000000080047d4                pxPortInitialiseStack
 *fill*         0x00000000080047f8        0x8 
 .text.SVC_Handler
                0x0000000008004800       0x24 CMakeFiles/QEALIDARMapping.elf.dir/Middlewares/Third_Party/FreeRTOS/Source/portable/GCC/ARM_CM3/port.c.obj
                0x0000000008004800                SVC_Handler
 .text.vPortEnterCritical
                0x0000000008004824       0x44 CMakeFiles/QEALIDARMapping.elf.dir/Middlewares/Third_Party/FreeRTOS/Source/portable/GCC/ARM_CM3/port.c.obj
                0x0000000008004824                vPortEnterCritical
 .text.vPortExitCritical
                0x0000000008004868       0x2c CMakeFiles/QEALIDARMapping.elf.dir/Middlewares/Third_Party/FreeRTOS/Source/portable/GCC/ARM_CM3/port.c.obj
                0x0000000008004868                vPortExitCritical
 *fill*         0x0000000008004894        0xc 
 .text.PendSV_Handler
                0x00000000080048a0       0x44 CMakeFiles/QEALIDARMapping.elf.dir/Middlewares/Third_Party/FreeRTOS/Source/portable/GCC/ARM_CM3/port.c.obj
                0x00000000080048a0                PendSV_Handler
 .text.SysTick_Handler
                0x00000000080048e4       0x2c CMakeFiles/QEALIDARMapping.elf.dir/Middlewares/Third_Party/FreeRTOS/Source/portable/GCC/ARM_CM3/port.c.obj
                0x00000000080048e4                SysTick_Handler
 .text.vPortSetupTimerInterrupt
                0x0000000008004910       0x28 CMakeFiles/QEALIDARMapping.elf.dir/Middlewares/Third_Party/FreeRTOS/Source/portable/GCC/ARM_CM3/port.c.obj
                0x0000000008004910                vPortSetupTimerInterrupt
 .text.xPortStartScheduler
                0x0000000008004938       0xc0 CMakeFiles/QEALIDARMapping.elf.dir/Middlewares/Third_Party/FreeRTOS/Source/portable/GCC/ARM_CM3/port.c.obj
                0x0000000008004938                xPortStartScheduler
 .text.vPortValidateInterruptPriority
                0x00000000080049f8       0x5c CMakeFiles/QEALIDARMapping.elf.dir/Middlewares/Third_Party/FreeRTOS/Source/portable/GCC/ARM_CM3/port.c.obj
                0x00000000080049f8                vPortValidateInterruptPriority
 .text.prvHeapInit
                0x0000000008004a54       0x68 CMakeFiles/QEALIDARMapping.elf.dir/Middlewares/Third_Party/FreeRTOS/Source/portable/MemMang/heap_4.c.obj
 .text.prvInsertBlockIntoFreeList
                0x0000000008004abc       0x60 CMakeFiles/QEALIDARMapping.elf.dir/Middlewares/Third_Party/FreeRTOS/Source/portable/MemMang/heap_4.c.obj
 .text.pvPortMalloc
                0x0000000008004b1c       0xf0 CMakeFiles/QEALIDARMapping.elf.dir/Middlewares/Third_Party/FreeRTOS/Source/portable/MemMang/heap_4.c.obj
                0x0000000008004b1c                pvPortMalloc
 .text.vPortFree
                0x0000000008004c0c       0x70 CMakeFiles/QEALIDARMapping.elf.dir/Middlewares/Third_Party/FreeRTOS/Source/portable/MemMang/heap_4.c.obj
                0x0000000008004c0c                vPortFree
 .text.prvGetDisinheritPriorityAfterTimeout
                0x0000000008004c7c       0x10 CMakeFiles/QEALIDARMapping.elf.dir/Middlewares/Third_Party/FreeRTOS/Source/queue.c.obj
 .text.prvIsQueueFull
                0x0000000008004c8c       0x1e CMakeFiles/QEALIDARMapping.elf.dir/Middlewares/Third_Party/FreeRTOS/Source/queue.c.obj
 .text.prvIsQueueEmpty
                0x0000000008004caa       0x1a CMakeFiles/QEALIDARMapping.elf.dir/Middlewares/Third_Party/FreeRTOS/Source/queue.c.obj
 .text.prvCopyDataToQueue
                0x0000000008004cc4       0x76 CMakeFiles/QEALIDARMapping.elf.dir/Middlewares/Third_Party/FreeRTOS/Source/queue.c.obj
 .text.prvCopyDataFromQueue
                0x0000000008004d3a       0x24 CMakeFiles/QEALIDARMapping.elf.dir/Middlewares/Third_Party/FreeRTOS/Source/queue.c.obj
 .text.prvUnlockQueue
                0x0000000008004d5e       0x6e CMakeFiles/QEALIDARMapping.elf.dir/Middlewares/Third_Party/FreeRTOS/Source/queue.c.obj
 .text.xQueueGenericReset
                0x0000000008004dcc       0x84 CMakeFiles/QEALIDARMapping.elf.dir/Middlewares/Third_Party/FreeRTOS/Source/queue.c.obj
                0x0000000008004dcc                xQueueGenericReset
 .text.prvInitialiseNewQueue
                0x0000000008004e50       0x22 CMakeFiles/QEALIDARMapping.elf.dir/Middlewares/Third_Party/FreeRTOS/Source/queue.c.obj
 .text.xQueueGenericCreateStatic
                0x0000000008004e72       0x92 CMakeFiles/QEALIDARMapping.elf.dir/Middlewares/Third_Party/FreeRTOS/Source/queue.c.obj
                0x0000000008004e72                xQueueGenericCreateStatic
 .text.xQueueGenericCreate
                0x0000000008004f04       0x4e CMakeFiles/QEALIDARMapping.elf.dir/Middlewares/Third_Party/FreeRTOS/Source/queue.c.obj
                0x0000000008004f04                xQueueGenericCreate
 .text.xQueueGenericSend
                0x0000000008004f52      0x188 CMakeFiles/QEALIDARMapping.elf.dir/Middlewares/Third_Party/FreeRTOS/Source/queue.c.obj
                0x0000000008004f52                xQueueGenericSend
 .text.prvInitialiseMutex
                0x00000000080050da       0x18 CMakeFiles/QEALIDARMapping.elf.dir/Middlewares/Third_Party/FreeRTOS/Source/queue.c.obj
 .text.xQueueCreateMutex
                0x00000000080050f2       0x16 CMakeFiles/QEALIDARMapping.elf.dir/Middlewares/Third_Party/FreeRTOS/Source/queue.c.obj
                0x00000000080050f2                xQueueCreateMutex
 .text.xQueueCreateMutexStatic
                0x0000000008005108       0x1e CMakeFiles/QEALIDARMapping.elf.dir/Middlewares/Third_Party/FreeRTOS/Source/queue.c.obj
                0x0000000008005108                xQueueCreateMutexStatic
 .text.xQueueGenericSendFromISR
                0x0000000008005126       0xcc CMakeFiles/QEALIDARMapping.elf.dir/Middlewares/Third_Party/FreeRTOS/Source/queue.c.obj
                0x0000000008005126                xQueueGenericSendFromISR
 .text.xQueueReceive
                0x00000000080051f2      0x15e CMakeFiles/QEALIDARMapping.elf.dir/Middlewares/Third_Party/FreeRTOS/Source/queue.c.obj
                0x00000000080051f2                xQueueReceive
 .text.xQueueSemaphoreTake
                0x0000000008005350      0x1a6 CMakeFiles/QEALIDARMapping.elf.dir/Middlewares/Third_Party/FreeRTOS/Source/queue.c.obj
                0x0000000008005350                xQueueSemaphoreTake
 *fill*         0x00000000080054f6        0x2 
 .text.vQueueAddToRegistry
                0x00000000080054f8       0x28 CMakeFiles/QEALIDARMapping.elf.dir/Middlewares/Third_Party/FreeRTOS/Source/queue.c.obj
                0x00000000080054f8                vQueueAddToRegistry
 .text.vQueueWaitForMessageRestricted
                0x0000000008005520       0x52 CMakeFiles/QEALIDARMapping.elf.dir/Middlewares/Third_Party/FreeRTOS/Source/queue.c.obj
                0x0000000008005520                vQueueWaitForMessageRestricted
 *fill*         0x0000000008005572        0x2 
 .text.prvTaskIsTaskSuspended
                0x0000000008005574       0x40 CMakeFiles/QEALIDARMapping.elf.dir/Middlewares/Third_Party/FreeRTOS/Source/tasks.c.obj
 .text.prvResetNextTaskUnblockTime
                0x00000000080055b4       0x2c CMakeFiles/QEALIDARMapping.elf.dir/Middlewares/Third_Party/FreeRTOS/Source/tasks.c.obj
 .text.prvInitialiseNewTask
                0x00000000080055e0       0x9c CMakeFiles/QEALIDARMapping.elf.dir/Middlewares/Third_Party/FreeRTOS/Source/tasks.c.obj
 .text.prvInitialiseTaskLists
                0x000000000800567c       0x68 CMakeFiles/QEALIDARMapping.elf.dir/Middlewares/Third_Party/FreeRTOS/Source/tasks.c.obj
 .text.prvAddNewTaskToReadyList
                0x00000000080056e4       0xac CMakeFiles/QEALIDARMapping.elf.dir/Middlewares/Third_Party/FreeRTOS/Source/tasks.c.obj
 .text.prvDeleteTCB
                0x0000000008005790       0x38 CMakeFiles/QEALIDARMapping.elf.dir/Middlewares/Third_Party/FreeRTOS/Source/tasks.c.obj
 .text.prvCheckTasksWaitingTermination
                0x00000000080057c8       0x4c CMakeFiles/QEALIDARMapping.elf.dir/Middlewares/Third_Party/FreeRTOS/Source/tasks.c.obj
 .text.prvIdleTask
                0x0000000008005814       0x28 CMakeFiles/QEALIDARMapping.elf.dir/Middlewares/Third_Party/FreeRTOS/Source/tasks.c.obj
 .text.prvAddCurrentTaskToDelayedList
                0x000000000800583c       0x7c CMakeFiles/QEALIDARMapping.elf.dir/Middlewares/Third_Party/FreeRTOS/Source/tasks.c.obj
 .text.xTaskCreateStatic
                0x00000000080058b8       0x74 CMakeFiles/QEALIDARMapping.elf.dir/Middlewares/Third_Party/FreeRTOS/Source/tasks.c.obj
                0x00000000080058b8                xTaskCreateStatic
 .text.xTaskCreate
                0x000000000800592c       0x68 CMakeFiles/QEALIDARMapping.elf.dir/Middlewares/Third_Party/FreeRTOS/Source/tasks.c.obj
                0x000000000800592c                xTaskCreate
 .text.vTaskResume
                0x0000000008005994       0x88 CMakeFiles/QEALIDARMapping.elf.dir/Middlewares/Third_Party/FreeRTOS/Source/tasks.c.obj
                0x0000000008005994                vTaskResume
 .text.vTaskStartScheduler
                0x0000000008005a1c       0x9c CMakeFiles/QEALIDARMapping.elf.dir/Middlewares/Third_Party/FreeRTOS/Source/tasks.c.obj
                0x0000000008005a1c                vTaskStartScheduler
 .text.vTaskSuspendAll
                0x0000000008005ab8       0x10 CMakeFiles/QEALIDARMapping.elf.dir/Middlewares/Third_Party/FreeRTOS/Source/tasks.c.obj
                0x0000000008005ab8                vTaskSuspendAll
 .text.xTaskGetTickCount
                0x0000000008005ac8        0xc CMakeFiles/QEALIDARMapping.elf.dir/Middlewares/Third_Party/FreeRTOS/Source/tasks.c.obj
                0x0000000008005ac8                xTaskGetTickCount
 .text.xTaskIncrementTick
                0x0000000008005ad4      0x118 CMakeFiles/QEALIDARMapping.elf.dir/Middlewares/Third_Party/FreeRTOS/Source/tasks.c.obj
                0x0000000008005ad4                xTaskIncrementTick
 .text.xTaskResumeAll
                0x0000000008005bec       0xf8 CMakeFiles/QEALIDARMapping.elf.dir/Middlewares/Third_Party/FreeRTOS/Source/tasks.c.obj
                0x0000000008005bec                xTaskResumeAll
 .text.vTaskDelay
                0x0000000008005ce4       0x4c CMakeFiles/QEALIDARMapping.elf.dir/Middlewares/Third_Party/FreeRTOS/Source/tasks.c.obj
                0x0000000008005ce4                vTaskDelay
 .text.vTaskSwitchContext
                0x0000000008005d30       0x94 CMakeFiles/QEALIDARMapping.elf.dir/Middlewares/Third_Party/FreeRTOS/Source/tasks.c.obj
                0x0000000008005d30                vTaskSwitchContext
 .text.vTaskSuspend
                0x0000000008005dc4       0xc4 CMakeFiles/QEALIDARMapping.elf.dir/Middlewares/Third_Party/FreeRTOS/Source/tasks.c.obj
                0x0000000008005dc4                vTaskSuspend
 .text.vTaskPlaceOnEventList
                0x0000000008005e88       0x30 CMakeFiles/QEALIDARMapping.elf.dir/Middlewares/Third_Party/FreeRTOS/Source/tasks.c.obj
                0x0000000008005e88                vTaskPlaceOnEventList
 .text.vTaskPlaceOnEventListRestricted
                0x0000000008005eb8       0x38 CMakeFiles/QEALIDARMapping.elf.dir/Middlewares/Third_Party/FreeRTOS/Source/tasks.c.obj
                0x0000000008005eb8                vTaskPlaceOnEventListRestricted
 .text.xTaskRemoveFromEventList
                0x0000000008005ef0       0x8c CMakeFiles/QEALIDARMapping.elf.dir/Middlewares/Third_Party/FreeRTOS/Source/tasks.c.obj
                0x0000000008005ef0                xTaskRemoveFromEventList
 .text.vTaskInternalSetTimeOutState
                0x0000000008005f7c       0x18 CMakeFiles/QEALIDARMapping.elf.dir/Middlewares/Third_Party/FreeRTOS/Source/tasks.c.obj
                0x0000000008005f7c                vTaskInternalSetTimeOutState
 .text.xTaskCheckForTimeOut
                0x0000000008005f94       0x84 CMakeFiles/QEALIDARMapping.elf.dir/Middlewares/Third_Party/FreeRTOS/Source/tasks.c.obj
                0x0000000008005f94                xTaskCheckForTimeOut
 .text.vTaskMissedYield
                0x0000000008006018        0xc CMakeFiles/QEALIDARMapping.elf.dir/Middlewares/Third_Party/FreeRTOS/Source/tasks.c.obj
                0x0000000008006018                vTaskMissedYield
 .text.xTaskGetCurrentTaskHandle
                0x0000000008006024        0xc CMakeFiles/QEALIDARMapping.elf.dir/Middlewares/Third_Party/FreeRTOS/Source/tasks.c.obj
                0x0000000008006024                xTaskGetCurrentTaskHandle
 .text.xTaskGetSchedulerState
                0x0000000008006030       0x20 CMakeFiles/QEALIDARMapping.elf.dir/Middlewares/Third_Party/FreeRTOS/Source/tasks.c.obj
                0x0000000008006030                xTaskGetSchedulerState
 .text.xTaskPriorityInherit
                0x0000000008006050       0x98 CMakeFiles/QEALIDARMapping.elf.dir/Middlewares/Third_Party/FreeRTOS/Source/tasks.c.obj
                0x0000000008006050                xTaskPriorityInherit
 .text.xTaskPriorityDisinherit
                0x00000000080060e8       0x90 CMakeFiles/QEALIDARMapping.elf.dir/Middlewares/Third_Party/FreeRTOS/Source/tasks.c.obj
                0x00000000080060e8                xTaskPriorityDisinherit
 .text.vTaskPriorityDisinheritAfterTimeout
                0x0000000008006178       0xa0 CMakeFiles/QEALIDARMapping.elf.dir/Middlewares/Third_Party/FreeRTOS/Source/tasks.c.obj
                0x0000000008006178                vTaskPriorityDisinheritAfterTimeout
 .text.pvTaskIncrementMutexHeldCount
                0x0000000008006218       0x1c CMakeFiles/QEALIDARMapping.elf.dir/Middlewares/Third_Party/FreeRTOS/Source/tasks.c.obj
                0x0000000008006218                pvTaskIncrementMutexHeldCount
 .text.xTaskNotifyWait
                0x0000000008006234       0x98 CMakeFiles/QEALIDARMapping.elf.dir/Middlewares/Third_Party/FreeRTOS/Source/tasks.c.obj
                0x0000000008006234                xTaskNotifyWait
 .text.xTaskGenericNotifyFromISR
                0x00000000080062cc      0x118 CMakeFiles/QEALIDARMapping.elf.dir/Middlewares/Third_Party/FreeRTOS/Source/tasks.c.obj
                0x00000000080062cc                xTaskGenericNotifyFromISR
 .text.prvGetNextExpireTime
                0x00000000080063e4       0x20 CMakeFiles/QEALIDARMapping.elf.dir/Middlewares/Third_Party/FreeRTOS/Source/timers.c.obj
 .text.prvInsertTimerInActiveList
                0x0000000008006404       0x48 CMakeFiles/QEALIDARMapping.elf.dir/Middlewares/Third_Party/FreeRTOS/Source/timers.c.obj
 .text.prvCheckForValidListAndQueue
                0x000000000800644c       0x70 CMakeFiles/QEALIDARMapping.elf.dir/Middlewares/Third_Party/FreeRTOS/Source/timers.c.obj
 .text.xTimerCreateTimerTask
                0x00000000080064bc       0x64 CMakeFiles/QEALIDARMapping.elf.dir/Middlewares/Third_Party/FreeRTOS/Source/timers.c.obj
                0x00000000080064bc                xTimerCreateTimerTask
 .text.xTimerGenericCommand
                0x0000000008006520       0x6c CMakeFiles/QEALIDARMapping.elf.dir/Middlewares/Third_Party/FreeRTOS/Source/timers.c.obj
                0x0000000008006520                xTimerGenericCommand
 .text.prvSwitchTimerLists
                0x000000000800658c       0x78 CMakeFiles/QEALIDARMapping.elf.dir/Middlewares/Third_Party/FreeRTOS/Source/timers.c.obj
 .text.prvSampleTimeNow
                0x0000000008006604       0x2c CMakeFiles/QEALIDARMapping.elf.dir/Middlewares/Third_Party/FreeRTOS/Source/timers.c.obj
 .text.prvProcessExpiredTimer
                0x0000000008006630       0x60 CMakeFiles/QEALIDARMapping.elf.dir/Middlewares/Third_Party/FreeRTOS/Source/timers.c.obj
 .text.prvProcessTimerOrBlockTask
                0x0000000008006690       0x74 CMakeFiles/QEALIDARMapping.elf.dir/Middlewares/Third_Party/FreeRTOS/Source/timers.c.obj
 .text.prvProcessReceivedCommands
                0x0000000008006704       0xf8 CMakeFiles/QEALIDARMapping.elf.dir/Middlewares/Third_Party/FreeRTOS/Source/timers.c.obj
 .text.prvTimerTask
                0x00000000080067fc       0x16 CMakeFiles/QEALIDARMapping.elf.dir/Middlewares/Third_Party/FreeRTOS/Source/timers.c.obj
 *fill*         0x0000000008006812        0x2 
 .text.__errno  0x0000000008006814        0xc /Applications/ARM/bin/../lib/gcc/arm-none-eabi/10.3.1/../../../../arm-none-eabi/lib/thumb/v7-m/nofp/libg.a(lib_a-errno.o)
                0x0000000008006814                __errno
 .text.__libc_init_array
                0x0000000008006820       0x48 /Applications/ARM/bin/../lib/gcc/arm-none-eabi/10.3.1/../../../../arm-none-eabi/lib/thumb/v7-m/nofp/libg.a(lib_a-init.o)
                0x0000000008006820                __libc_init_array
 .text.memset   0x0000000008006868       0xa4 /Applications/ARM/bin/../lib/gcc/arm-none-eabi/10.3.1/../../../../arm-none-eabi/lib/thumb/v7-m/nofp/libg.a(lib_a-memset.o)
                0x0000000008006868                memset
 .text.snprintf
                0x000000000800690c       0x84 /Applications/ARM/bin/../lib/gcc/arm-none-eabi/10.3.1/../../../../arm-none-eabi/lib/thumb/v7-m/nofp/libg.a(lib_a-snprintf.o)
                0x000000000800690c                snprintf
 .text.strlen   0x0000000008006990       0x5c /Applications/ARM/bin/../lib/gcc/arm-none-eabi/10.3.1/../../../../arm-none-eabi/lib/thumb/v7-m/nofp/libg.a(lib_a-strlen-stub.o)
                0x0000000008006990                strlen
 .text._svfprintf_r
                0x00000000080069ec     0x1aa4 /Applications/ARM/bin/../lib/gcc/arm-none-eabi/10.3.1/../../../../arm-none-eabi/lib/thumb/v7-m/nofp/libg.a(lib_a-svfprintf.o)
                0x00000000080069ec                _svfprintf_r
 .text.startup.register_fini
                0x0000000008008490       0x14 /Applications/ARM/bin/../lib/gcc/arm-none-eabi/10.3.1/../../../../arm-none-eabi/lib/thumb/v7-m/nofp/libg.a(lib_a-__call_atexit.o)
 .text.atexit   0x00000000080084a4        0xc /Applications/ARM/bin/../lib/gcc/arm-none-eabi/10.3.1/../../../../arm-none-eabi/lib/thumb/v7-m/nofp/libg.a(lib_a-atexit.o)
                0x00000000080084a4                atexit
 .text.quorem   0x00000000080084b0      0x12c /Applications/ARM/bin/../lib/gcc/arm-none-eabi/10.3.1/../../../../arm-none-eabi/lib/thumb/v7-m/nofp/libg.a(lib_a-dtoa.o)
 *fill*         0x00000000080085dc        0x4 
 .text._dtoa_r  0x00000000080085e0      0xecc /Applications/ARM/bin/../lib/gcc/arm-none-eabi/10.3.1/../../../../arm-none-eabi/lib/thumb/v7-m/nofp/libg.a(lib_a-dtoa.o)
                0x00000000080085e0                _dtoa_r
 .text.__libc_fini_array
                0x00000000080094ac       0x2c /Applications/ARM/bin/../lib/gcc/arm-none-eabi/10.3.1/../../../../arm-none-eabi/lib/thumb/v7-m/nofp/libg.a(lib_a-fini.o)
                0x00000000080094ac                __libc_fini_array
 .text._malloc_trim_r
                0x00000000080094d8       0xa0 /Applications/ARM/bin/../lib/gcc/arm-none-eabi/10.3.1/../../../../arm-none-eabi/lib/thumb/v7-m/nofp/libg.a(lib_a-freer.o)
                0x00000000080094d8                _malloc_trim_r
 .text._free_r  0x0000000008009578      0x200 /Applications/ARM/bin/../lib/gcc/arm-none-eabi/10.3.1/../../../../arm-none-eabi/lib/thumb/v7-m/nofp/libg.a(lib_a-freer.o)
                0x0000000008009578                _free_r
 .text._localeconv_r
                0x0000000008009778        0x8 /Applications/ARM/bin/../lib/gcc/arm-none-eabi/10.3.1/../../../../arm-none-eabi/lib/thumb/v7-m/nofp/libg.a(lib_a-localeconv.o)
                0x0000000008009778                _localeconv_r
 .text.__retarget_lock_init_recursive
                0x0000000008009780        0x4 /Applications/ARM/bin/../lib/gcc/arm-none-eabi/10.3.1/../../../../arm-none-eabi/lib/thumb/v7-m/nofp/libg.a(lib_a-lock.o)
                0x0000000008009780                __retarget_lock_init_recursive
 .text.__retarget_lock_close_recursive
                0x0000000008009784        0x4 /Applications/ARM/bin/../lib/gcc/arm-none-eabi/10.3.1/../../../../arm-none-eabi/lib/thumb/v7-m/nofp/libg.a(lib_a-lock.o)
                0x0000000008009784                __retarget_lock_close_recursive
 .text.__retarget_lock_acquire_recursive
                0x0000000008009788        0x4 /Applications/ARM/bin/../lib/gcc/arm-none-eabi/10.3.1/../../../../arm-none-eabi/lib/thumb/v7-m/nofp/libg.a(lib_a-lock.o)
                0x0000000008009788                __retarget_lock_acquire_recursive
 .text.__retarget_lock_release_recursive
                0x000000000800978c        0x4 /Applications/ARM/bin/../lib/gcc/arm-none-eabi/10.3.1/../../../../arm-none-eabi/lib/thumb/v7-m/nofp/libg.a(lib_a-lock.o)
                0x000000000800978c                __retarget_lock_release_recursive
 .text._malloc_r
                0x0000000008009790      0x558 /Applications/ARM/bin/../lib/gcc/arm-none-eabi/10.3.1/../../../../arm-none-eabi/lib/thumb/v7-m/nofp/libg.a(lib_a-mallocr.o)
                0x0000000008009790                _malloc_r
 .text.memchr   0x0000000008009ce8       0x90 /Applications/ARM/bin/../lib/gcc/arm-none-eabi/10.3.1/../../../../arm-none-eabi/lib/thumb/v7-m/nofp/libg.a(lib_a-memchr-stub.o)
                0x0000000008009ce8                memchr
 .text.__malloc_lock
                0x0000000008009d78        0xc /Applications/ARM/bin/../lib/gcc/arm-none-eabi/10.3.1/../../../../arm-none-eabi/lib/thumb/v7-m/nofp/libg.a(lib_a-mlock.o)
                0x0000000008009d78                __malloc_lock
 .text.__malloc_unlock
                0x0000000008009d84        0xc /Applications/ARM/bin/../lib/gcc/arm-none-eabi/10.3.1/../../../../arm-none-eabi/lib/thumb/v7-m/nofp/libg.a(lib_a-mlock.o)
                0x0000000008009d84                __malloc_unlock
 .text._Balloc  0x0000000008009d90       0x4c /Applications/ARM/bin/../lib/gcc/arm-none-eabi/10.3.1/../../../../arm-none-eabi/lib/thumb/v7-m/nofp/libg.a(lib_a-mprec.o)
                0x0000000008009d90                _Balloc
 .text._Bfree   0x0000000008009ddc       0x14 /Applications/ARM/bin/../lib/gcc/arm-none-eabi/10.3.1/../../../../arm-none-eabi/lib/thumb/v7-m/nofp/libg.a(lib_a-mprec.o)
                0x0000000008009ddc                _Bfree
 .text.__multadd
                0x0000000008009df0       0xa4 /Applications/ARM/bin/../lib/gcc/arm-none-eabi/10.3.1/../../../../arm-none-eabi/lib/thumb/v7-m/nofp/libg.a(lib_a-mprec.o)
                0x0000000008009df0                __multadd
 .text.__hi0bits
                0x0000000008009e94       0x40 /Applications/ARM/bin/../lib/gcc/arm-none-eabi/10.3.1/../../../../arm-none-eabi/lib/thumb/v7-m/nofp/libg.a(lib_a-mprec.o)
                0x0000000008009e94                __hi0bits
 .text.__lo0bits
                0x0000000008009ed4       0x58 /Applications/ARM/bin/../lib/gcc/arm-none-eabi/10.3.1/../../../../arm-none-eabi/lib/thumb/v7-m/nofp/libg.a(lib_a-mprec.o)
                0x0000000008009ed4                __lo0bits
 .text.__i2b    0x0000000008009f2c       0x5c /Applications/ARM/bin/../lib/gcc/arm-none-eabi/10.3.1/../../../../arm-none-eabi/lib/thumb/v7-m/nofp/libg.a(lib_a-mprec.o)
                0x0000000008009f2c                __i2b
 .text.__multiply
                0x0000000008009f88      0x15c /Applications/ARM/bin/../lib/gcc/arm-none-eabi/10.3.1/../../../../arm-none-eabi/lib/thumb/v7-m/nofp/libg.a(lib_a-mprec.o)
                0x0000000008009f88                __multiply
 .text.__pow5mult
                0x000000000800a0e4       0xb8 /Applications/ARM/bin/../lib/gcc/arm-none-eabi/10.3.1/../../../../arm-none-eabi/lib/thumb/v7-m/nofp/libg.a(lib_a-mprec.o)
                0x000000000800a0e4                __pow5mult
 .text.__lshift
                0x000000000800a19c       0xec /Applications/ARM/bin/../lib/gcc/arm-none-eabi/10.3.1/../../../../arm-none-eabi/lib/thumb/v7-m/nofp/libg.a(lib_a-mprec.o)
                0x000000000800a19c                __lshift
 .text.__mcmp   0x000000000800a288       0x40 /Applications/ARM/bin/../lib/gcc/arm-none-eabi/10.3.1/../../../../arm-none-eabi/lib/thumb/v7-m/nofp/libg.a(lib_a-mprec.o)
                0x000000000800a288                __mcmp
 .text.__mdiff  0x000000000800a2c8      0x14c /Applications/ARM/bin/../lib/gcc/arm-none-eabi/10.3.1/../../../../arm-none-eabi/lib/thumb/v7-m/nofp/libg.a(lib_a-mprec.o)
                0x000000000800a2c8                __mdiff
 .text.__d2b    0x000000000800a414       0xc4 /Applications/ARM/bin/../lib/gcc/arm-none-eabi/10.3.1/../../../../arm-none-eabi/lib/thumb/v7-m/nofp/libg.a(lib_a-mprec.o)
                0x000000000800a414                __d2b
 .text.frexp    0x000000000800a4d8       0x70 /Applications/ARM/bin/../lib/gcc/arm-none-eabi/10.3.1/../../../../arm-none-eabi/lib/thumb/v7-m/nofp/libg.a(lib_a-s_frexp.o)
                0x000000000800a4d8                frexp
 .text._sbrk_r  0x000000000800a548       0x24 /Applications/ARM/bin/../lib/gcc/arm-none-eabi/10.3.1/../../../../arm-none-eabi/lib/thumb/v7-m/nofp/libg.a(lib_a-sbrkr.o)
                0x000000000800a548                _sbrk_r
 .text.strncpy  0x000000000800a56c       0x68 /Applications/ARM/bin/../lib/gcc/arm-none-eabi/10.3.1/../../../../arm-none-eabi/lib/thumb/v7-m/nofp/libg.a(lib_a-strncpy.o)
                0x000000000800a56c                strncpy
 .text.__ssprint_r
                0x000000000800a5d4       0xfc /Applications/ARM/bin/../lib/gcc/arm-none-eabi/10.3.1/../../../../arm-none-eabi/lib/thumb/v7-m/nofp/libg.a(lib_a-svfiprintf.o)
                0x000000000800a5d4                __ssprint_r
 .text.__register_exitproc
                0x000000000800a6d0       0x8c /Applications/ARM/bin/../lib/gcc/arm-none-eabi/10.3.1/../../../../arm-none-eabi/lib/thumb/v7-m/nofp/libg.a(lib_a-__atexit.o)
                0x000000000800a6d0                __register_exitproc
 .text.__assert_func
                0x000000000800a75c       0x40 /Applications/ARM/bin/../lib/gcc/arm-none-eabi/10.3.1/../../../../arm-none-eabi/lib/thumb/v7-m/nofp/libg.a(lib_a-assert.o)
                0x000000000800a75c                __assert_func
 .text._calloc_r
                0x000000000800a79c       0x78 /Applications/ARM/bin/../lib/gcc/arm-none-eabi/10.3.1/../../../../arm-none-eabi/lib/thumb/v7-m/nofp/libg.a(lib_a-callocr.o)
                0x000000000800a79c                _calloc_r
 .text.fiprintf
                0x000000000800a814       0x28 /Applications/ARM/bin/../lib/gcc/arm-none-eabi/10.3.1/../../../../arm-none-eabi/lib/thumb/v7-m/nofp/libg.a(lib_a-fiprintf.o)
                0x000000000800a814                fiprintf
 .text.__locale_mb_cur_max
                0x000000000800a83c        0xc /Applications/ARM/bin/../lib/gcc/arm-none-eabi/10.3.1/../../../../arm-none-eabi/lib/thumb/v7-m/nofp/libg.a(lib_a-locale.o)
                0x000000000800a83c                __locale_mb_cur_max
 .text.__ascii_mbtowc
                0x000000000800a848       0x2c /Applications/ARM/bin/../lib/gcc/arm-none-eabi/10.3.1/../../../../arm-none-eabi/lib/thumb/v7-m/nofp/libg.a(lib_a-mbtowc_r.o)
                0x000000000800a848                __ascii_mbtowc
 .text.memmove  0x000000000800a874       0xf8 /Applications/ARM/bin/../lib/gcc/arm-none-eabi/10.3.1/../../../../arm-none-eabi/lib/thumb/v7-m/nofp/libg.a(lib_a-memmove.o)
                0x000000000800a874                memmove
 .text._realloc_r
                0x000000000800a96c      0x3dc /Applications/ARM/bin/../lib/gcc/arm-none-eabi/10.3.1/../../../../arm-none-eabi/lib/thumb/v7-m/nofp/libg.a(lib_a-reallocr.o)
                0x000000000800a96c                _realloc_r
 .text.__sprint_r.part.0
                0x000000000800ad48       0x78 /Applications/ARM/bin/../lib/gcc/arm-none-eabi/10.3.1/../../../../arm-none-eabi/lib/thumb/v7-m/nofp/libg.a(lib_a-vfiprintf.o)
 .text._vfiprintf_r
                0x000000000800adc0      0xd98 /Applications/ARM/bin/../lib/gcc/arm-none-eabi/10.3.1/../../../../arm-none-eabi/lib/thumb/v7-m/nofp/libg.a(lib_a-vfiprintf.o)
                0x000000000800adc0                _vfiprintf_r
 .text.__sbprintf
                0x000000000800bb58       0x84 /Applications/ARM/bin/../lib/gcc/arm-none-eabi/10.3.1/../../../../arm-none-eabi/lib/thumb/v7-m/nofp/libg.a(lib_a-vfiprintf.o)
 .text.__ascii_wctomb
                0x000000000800bbdc       0x1c /Applications/ARM/bin/../lib/gcc/arm-none-eabi/10.3.1/../../../../arm-none-eabi/lib/thumb/v7-m/nofp/libg.a(lib_a-wctomb_r.o)
                0x000000000800bbdc                __ascii_wctomb
 .text.__swsetup_r
                0x000000000800bbf8       0xd4 /Applications/ARM/bin/../lib/gcc/arm-none-eabi/10.3.1/../../../../arm-none-eabi/lib/thumb/v7-m/nofp/libg.a(lib_a-wsetup.o)
                0x000000000800bbf8                __swsetup_r
 .text.abort    0x000000000800bccc       0x10 /Applications/ARM/bin/../lib/gcc/arm-none-eabi/10.3.1/../../../../arm-none-eabi/lib/thumb/v7-m/nofp/libg.a(lib_a-abort.o)
                0x000000000800bccc                abort
 .text.__sflush_r
                0x000000000800bcdc      0x124 /Applications/ARM/bin/../lib/gcc/arm-none-eabi/10.3.1/../../../../arm-none-eabi/lib/thumb/v7-m/nofp/libg.a(lib_a-fflush.o)
                0x000000000800bcdc                __sflush_r
 .text._fflush_r
                0x000000000800be00       0x5c /Applications/ARM/bin/../lib/gcc/arm-none-eabi/10.3.1/../../../../arm-none-eabi/lib/thumb/v7-m/nofp/libg.a(lib_a-fflush.o)
                0x000000000800be00                _fflush_r
 .text._cleanup_r
                0x000000000800be5c        0xc /Applications/ARM/bin/../lib/gcc/arm-none-eabi/10.3.1/../../../../arm-none-eabi/lib/thumb/v7-m/nofp/libg.a(lib_a-findfp.o)
                0x000000000800be5c                _cleanup_r
 .text.__sinit  0x000000000800be68      0x10c /Applications/ARM/bin/../lib/gcc/arm-none-eabi/10.3.1/../../../../arm-none-eabi/lib/thumb/v7-m/nofp/libg.a(lib_a-findfp.o)
                0x000000000800be68                __sinit
 .text.__sfp_lock_acquire
                0x000000000800bf74        0xc /Applications/ARM/bin/../lib/gcc/arm-none-eabi/10.3.1/../../../../arm-none-eabi/lib/thumb/v7-m/nofp/libg.a(lib_a-findfp.o)
                0x000000000800bf74                __sfp_lock_acquire
 .text.__sfp_lock_release
                0x000000000800bf80        0xc /Applications/ARM/bin/../lib/gcc/arm-none-eabi/10.3.1/../../../../arm-none-eabi/lib/thumb/v7-m/nofp/libg.a(lib_a-findfp.o)
                0x000000000800bf80                __sfp_lock_release
 .text.__fputwc
                0x000000000800bf8c       0xa0 /Applications/ARM/bin/../lib/gcc/arm-none-eabi/10.3.1/../../../../arm-none-eabi/lib/thumb/v7-m/nofp/libg.a(lib_a-fputwc.o)
                0x000000000800bf8c                __fputwc
 .text._fputwc_r
                0x000000000800c02c       0x68 /Applications/ARM/bin/../lib/gcc/arm-none-eabi/10.3.1/../../../../arm-none-eabi/lib/thumb/v7-m/nofp/libg.a(lib_a-fputwc.o)
                0x000000000800c02c                _fputwc_r
 .text.__sfvwrite_r
                0x000000000800c094      0x2f0 /Applications/ARM/bin/../lib/gcc/arm-none-eabi/10.3.1/../../../../arm-none-eabi/lib/thumb/v7-m/nofp/libg.a(lib_a-fvwrite.o)
                0x000000000800c094                __sfvwrite_r
 .text._fwalk_reent
                0x000000000800c384       0x48 /Applications/ARM/bin/../lib/gcc/arm-none-eabi/10.3.1/../../../../arm-none-eabi/lib/thumb/v7-m/nofp/libg.a(lib_a-fwalk.o)
                0x000000000800c384                _fwalk_reent
 .text.__smakebuf_r
                0x000000000800c3cc       0xe0 /Applications/ARM/bin/../lib/gcc/arm-none-eabi/10.3.1/../../../../arm-none-eabi/lib/thumb/v7-m/nofp/libg.a(lib_a-makebuf.o)
                0x000000000800c3cc                __smakebuf_r
 .text.raise    0x000000000800c4ac       0x5c /Applications/ARM/bin/../lib/gcc/arm-none-eabi/10.3.1/../../../../arm-none-eabi/lib/thumb/v7-m/nofp/libg.a(lib_a-signal.o)
                0x000000000800c4ac                raise
 .text._kill_r  0x000000000800c508       0x28 /Applications/ARM/bin/../lib/gcc/arm-none-eabi/10.3.1/../../../../arm-none-eabi/lib/thumb/v7-m/nofp/libg.a(lib_a-signalr.o)
                0x000000000800c508                _kill_r
 .text._getpid_r
                0x000000000800c530        0x4 /Applications/ARM/bin/../lib/gcc/arm-none-eabi/10.3.1/../../../../arm-none-eabi/lib/thumb/v7-m/nofp/libg.a(lib_a-signalr.o)
                0x000000000800c530                _getpid_r
 .text.__sread  0x000000000800c534       0x24 /Applications/ARM/bin/../lib/gcc/arm-none-eabi/10.3.1/../../../../arm-none-eabi/lib/thumb/v7-m/nofp/libg.a(lib_a-stdio.o)
                0x000000000800c534                __sread
 .text.__swrite
                0x000000000800c558       0x40 /Applications/ARM/bin/../lib/gcc/arm-none-eabi/10.3.1/../../../../arm-none-eabi/lib/thumb/v7-m/nofp/libg.a(lib_a-stdio.o)
                0x000000000800c558                __swrite
 .text.__sseek  0x000000000800c598       0x20 /Applications/ARM/bin/../lib/gcc/arm-none-eabi/10.3.1/../../../../arm-none-eabi/lib/thumb/v7-m/nofp/libg.a(lib_a-stdio.o)
                0x000000000800c598                __sseek
 .text.__sclose
                0x000000000800c5b8        0x8 /Applications/ARM/bin/../lib/gcc/arm-none-eabi/10.3.1/../../../../arm-none-eabi/lib/thumb/v7-m/nofp/libg.a(lib_a-stdio.o)
                0x000000000800c5b8                __sclose
 .text.__swbuf_r
                0x000000000800c5c0       0xb0 /Applications/ARM/bin/../lib/gcc/arm-none-eabi/10.3.1/../../../../arm-none-eabi/lib/thumb/v7-m/nofp/libg.a(lib_a-wbuf.o)
                0x000000000800c5c0                __swbuf_r
 .text._wcrtomb_r
                0x000000000800c670       0x3c /Applications/ARM/bin/../lib/gcc/arm-none-eabi/10.3.1/../../../../arm-none-eabi/lib/thumb/v7-m/nofp/libg.a(lib_a-wcrtomb.o)
                0x000000000800c670                _wcrtomb_r
 .text._write_r
                0x000000000800c6ac       0x2c /Applications/ARM/bin/../lib/gcc/arm-none-eabi/10.3.1/../../../../arm-none-eabi/lib/thumb/v7-m/nofp/libg.a(lib_a-writer.o)
                0x000000000800c6ac                _write_r
 .text._close_r
                0x000000000800c6d8       0x24 /Applications/ARM/bin/../lib/gcc/arm-none-eabi/10.3.1/../../../../arm-none-eabi/lib/thumb/v7-m/nofp/libg.a(lib_a-closer.o)
                0x000000000800c6d8                _close_r
 .text._fclose_r
                0x000000000800c6fc       0xcc /Applications/ARM/bin/../lib/gcc/arm-none-eabi/10.3.1/../../../../arm-none-eabi/lib/thumb/v7-m/nofp/libg.a(lib_a-fclose.o)
                0x000000000800c6fc                _fclose_r
 .text._fstat_r
                0x000000000800c7c8       0x28 /Applications/ARM/bin/../lib/gcc/arm-none-eabi/10.3.1/../../../../arm-none-eabi/lib/thumb/v7-m/nofp/libg.a(lib_a-fstatr.o)
                0x000000000800c7c8                _fstat_r
 .text._isatty_r
                0x000000000800c7f0       0x24 /Applications/ARM/bin/../lib/gcc/arm-none-eabi/10.3.1/../../../../arm-none-eabi/lib/thumb/v7-m/nofp/libg.a(lib_a-isattyr.o)
                0x000000000800c7f0                _isatty_r
 .text._lseek_r
                0x000000000800c814       0x2c /Applications/ARM/bin/../lib/gcc/arm-none-eabi/10.3.1/../../../../arm-none-eabi/lib/thumb/v7-m/nofp/libg.a(lib_a-lseekr.o)
                0x000000000800c814                _lseek_r
 .text._read_r  0x000000000800c840       0x2c /Applications/ARM/bin/../lib/gcc/arm-none-eabi/10.3.1/../../../../arm-none-eabi/lib/thumb/v7-m/nofp/libg.a(lib_a-readr.o)
                0x000000000800c840                _read_r
 .text.cos      0x000000000800c86c       0xa4 /Applications/ARM/bin/../lib/gcc/arm-none-eabi/10.3.1/../../../../arm-none-eabi/lib/thumb/v7-m/nofp/libm.a(lib_a-s_cos.o)
                0x000000000800c86c                cos
 .text.sin      0x000000000800c910       0xb0 /Applications/ARM/bin/../lib/gcc/arm-none-eabi/10.3.1/../../../../arm-none-eabi/lib/thumb/v7-m/nofp/libm.a(lib_a-s_sin.o)
                0x000000000800c910                sin
 .text.__ieee754_rem_pio2
                0x000000000800c9c0      0x454 /Applications/ARM/bin/../lib/gcc/arm-none-eabi/10.3.1/../../../../arm-none-eabi/lib/thumb/v7-m/nofp/libm.a(lib_a-e_rem_pio2.o)
                0x000000000800c9c0                __ieee754_rem_pio2
 *fill*         0x000000000800ce14        0x4 
 .text.__kernel_cos
                0x000000000800ce18      0x250 /Applications/ARM/bin/../lib/gcc/arm-none-eabi/10.3.1/../../../../arm-none-eabi/lib/thumb/v7-m/nofp/libm.a(lib_a-k_cos.o)
                0x000000000800ce18                __kernel_cos
 .text.__kernel_rem_pio2
                0x000000000800d068      0x850 /Applications/ARM/bin/../lib/gcc/arm-none-eabi/10.3.1/../../../../arm-none-eabi/lib/thumb/v7-m/nofp/libm.a(lib_a-k_rem_pio2.o)
                0x000000000800d068                __kernel_rem_pio2
 .text.__kernel_sin
                0x000000000800d8b8      0x184 /Applications/ARM/bin/../lib/gcc/arm-none-eabi/10.3.1/../../../../arm-none-eabi/lib/thumb/v7-m/nofp/libm.a(lib_a-k_sin.o)
                0x000000000800d8b8                __kernel_sin
 .text.fabs     0x000000000800da3c        0x8 /Applications/ARM/bin/../lib/gcc/arm-none-eabi/10.3.1/../../../../arm-none-eabi/lib/thumb/v7-m/nofp/libm.a(lib_a-s_fabs.o)
                0x000000000800da3c                fabs
 *fill*         0x000000000800da44        0x4 
 .text.floor    0x000000000800da48       0xf8 /Applications/ARM/bin/../lib/gcc/arm-none-eabi/10.3.1/../../../../arm-none-eabi/lib/thumb/v7-m/nofp/libm.a(lib_a-s_floor.o)
                0x000000000800da48                floor
 .text.scalbn   0x000000000800db40       0xfc /Applications/ARM/bin/../lib/gcc/arm-none-eabi/10.3.1/../../../../arm-none-eabi/lib/thumb/v7-m/nofp/libm.a(lib_a-s_scalbn.o)
                0x000000000800db40                scalbn
 *(.glue_7)
 .glue_7        0x000000000800dc3c        0x0 linker stubs
 *(.glue_7t)
 .glue_7t       0x000000000800dc3c        0x0 linker stubs
 *(.eh_frame)
 .eh_frame      0x000000000800dc3c        0x0 /Applications/ARM/bin/../lib/gcc/arm-none-eabi/10.3.1/thumb/v7-m/nofp/crtbegin.o
 *(.init)
 .init          0x000000000800dc3c        0x4 /Applications/ARM/bin/../lib/gcc/arm-none-eabi/10.3.1/thumb/v7-m/nofp/crti.o
                0x000000000800dc3c                _init
 .init          0x000000000800dc40        0x8 /Applications/ARM/bin/../lib/gcc/arm-none-eabi/10.3.1/thumb/v7-m/nofp/crtn.o
 *(.fini)
 .fini          0x000000000800dc48        0x4 /Applications/ARM/bin/../lib/gcc/arm-none-eabi/10.3.1/thumb/v7-m/nofp/crti.o
                0x000000000800dc48                _fini
 .fini          0x000000000800dc4c        0x8 /Applications/ARM/bin/../lib/gcc/arm-none-eabi/10.3.1/thumb/v7-m/nofp/crtn.o
                0x000000000800dc54                . = ALIGN (0x4)
                0x000000000800dc54                _etext = .

.vfp11_veneer   0x000000000800dc54        0x0
 .vfp11_veneer  0x000000000800dc54        0x0 linker stubs

.v4_bx          0x000000000800dc54        0x0
 .v4_bx         0x000000000800dc54        0x0 linker stubs

.iplt           0x000000000800dc54        0x0
 .iplt          0x000000000800dc54        0x0 /Applications/ARM/bin/../lib/gcc/arm-none-eabi/10.3.1/thumb/v7-m/nofp/crtbegin.o

.rodata         0x000000000800dc58      0xb18
                0x000000000800dc58                . = ALIGN (0x4)
 *(.rodata)
 *(.rodata*)
 .rodata.StartDefaultTask.str1.4
                0x000000000800dc58       0x10 CMakeFiles/QEALIDARMapping.elf.dir/Core/Src/freertos.c.obj
 .rodata.CircleDetect.str1.4
                0x000000000800dc68       0x1b CMakeFiles/QEALIDARMapping.elf.dir/Core/Src/freertos.c.obj
 *fill*         0x000000000800dc83        0x1 
 .rodata.str1.4
                0x000000000800dc84       0x58 CMakeFiles/QEALIDARMapping.elf.dir/Core/Src/freertos.c.obj
 .rodata.circleDetect_attributes
                0x000000000800dcdc       0x24 CMakeFiles/QEALIDARMapping.elf.dir/Core/Src/freertos.c.obj
                0x000000000800dcdc                circleDetect_attributes
 .rodata.debugUartMutex_attributes
                0x000000000800dd00       0x10 CMakeFiles/QEALIDARMapping.elf.dir/Core/Src/freertos.c.obj
                0x000000000800dd00                debugUartMutex_attributes
 .rodata.defaultTask_attributes
                0x000000000800dd10       0x24 CMakeFiles/QEALIDARMapping.elf.dir/Core/Src/freertos.c.obj
                0x000000000800dd10                defaultTask_attributes
 .rodata.imuDecoder_attributes
                0x000000000800dd34       0x24 CMakeFiles/QEALIDARMapping.elf.dir/Core/Src/freertos.c.obj
                0x000000000800dd34                imuDecoder_attributes
 .rodata.lidarDecoder_attributes
                0x000000000800dd58       0x24 CMakeFiles/QEALIDARMapping.elf.dir/Core/Src/freertos.c.obj
                0x000000000800dd58                lidarDecoder_attributes
 .rodata.mappingEngine_attributes
                0x000000000800dd7c       0x24 CMakeFiles/QEALIDARMapping.elf.dir/Core/Src/freertos.c.obj
                0x000000000800dd7c                mappingEngine_attributes
 .rodata.CRC16Table
                0x000000000800dda0      0x200 CMakeFiles/QEALIDARMapping.elf.dir/Core/Src/imu.c.obj
 .rodata.CRC8Table
                0x000000000800dfa0      0x100 CMakeFiles/QEALIDARMapping.elf.dir/Core/Src/imu.c.obj
 .rodata.CrcTable
                0x000000000800e0a0      0x100 CMakeFiles/QEALIDARMapping.elf.dir/Core/Src/lidar.c.obj
 .rodata.AHBPrescTable
                0x000000000800e1a0       0x10 CMakeFiles/QEALIDARMapping.elf.dir/Core/Src/system_stm32f1xx.c.obj
                0x000000000800e1a0                AHBPrescTable
 .rodata.APBPrescTable
                0x000000000800e1b0        0x8 CMakeFiles/QEALIDARMapping.elf.dir/Core/Src/system_stm32f1xx.c.obj
                0x000000000800e1b0                APBPrescTable
 .rodata.aPLLMULFactorTable.1
                0x000000000800e1b8       0x10 CMakeFiles/QEALIDARMapping.elf.dir/Drivers/STM32F1xx_HAL_Driver/Src/stm32f1xx_hal_rcc.c.obj
 .rodata.aPredivFactorTable.0
                0x000000000800e1c8        0x2 CMakeFiles/QEALIDARMapping.elf.dir/Drivers/STM32F1xx_HAL_Driver/Src/stm32f1xx_hal_rcc.c.obj
 *fill*         0x000000000800e1ca        0x2 
 .rodata.vTaskStartScheduler.str1.4
                0x000000000800e1cc        0x5 CMakeFiles/QEALIDARMapping.elf.dir/Middlewares/Third_Party/FreeRTOS/Source/tasks.c.obj
 *fill*         0x000000000800e1d1        0x3 
 .rodata.prvCheckForValidListAndQueue.str1.4
                0x000000000800e1d4        0x5 CMakeFiles/QEALIDARMapping.elf.dir/Middlewares/Third_Party/FreeRTOS/Source/timers.c.obj
 *fill*         0x000000000800e1d9        0x3 
 .rodata.xTimerCreateTimerTask.str1.4
                0x000000000800e1dc        0x8 CMakeFiles/QEALIDARMapping.elf.dir/Middlewares/Third_Party/FreeRTOS/Source/timers.c.obj
 .rodata._global_impure_ptr
                0x000000000800e1e4        0x4 /Applications/ARM/bin/../lib/gcc/arm-none-eabi/10.3.1/../../../../arm-none-eabi/lib/thumb/v7-m/nofp/libg.a(lib_a-impure.o)
                0x000000000800e1e4                _global_impure_ptr
 .rodata._svfprintf_r.str1.4
                0x000000000800e1e8       0x42 /Applications/ARM/bin/../lib/gcc/arm-none-eabi/10.3.1/../../../../arm-none-eabi/lib/thumb/v7-m/nofp/libg.a(lib_a-svfprintf.o)
 *fill*         0x000000000800e22a        0x2 
 .rodata.blanks.1
                0x000000000800e22c       0x10 /Applications/ARM/bin/../lib/gcc/arm-none-eabi/10.3.1/../../../../arm-none-eabi/lib/thumb/v7-m/nofp/libg.a(lib_a-svfprintf.o)
 .rodata.zeroes.0
                0x000000000800e23c       0x10 /Applications/ARM/bin/../lib/gcc/arm-none-eabi/10.3.1/../../../../arm-none-eabi/lib/thumb/v7-m/nofp/libg.a(lib_a-svfprintf.o)
 .rodata._dtoa_r.str1.4
                0x000000000800e24c       0x7e /Applications/ARM/bin/../lib/gcc/arm-none-eabi/10.3.1/../../../../arm-none-eabi/lib/thumb/v7-m/nofp/libg.a(lib_a-dtoa.o)
                                         0x82 (size before relaxing)
 *fill*         0x000000000800e2ca        0x2 
 .rodata.__multadd.str1.4
                0x000000000800e2cc       0x5b /Applications/ARM/bin/../lib/gcc/arm-none-eabi/10.3.1/../../../../arm-none-eabi/lib/thumb/v7-m/nofp/libg.a(lib_a-mprec.o)
                                         0x6f (size before relaxing)
 *fill*         0x000000000800e327        0x1 
 .rodata.__mprec_bigtens
                0x000000000800e328       0x28 /Applications/ARM/bin/../lib/gcc/arm-none-eabi/10.3.1/../../../../arm-none-eabi/lib/thumb/v7-m/nofp/libg.a(lib_a-mprec.o)
                0x000000000800e328                __mprec_bigtens
 .rodata.__mprec_tens
                0x000000000800e350       0xc8 /Applications/ARM/bin/../lib/gcc/arm-none-eabi/10.3.1/../../../../arm-none-eabi/lib/thumb/v7-m/nofp/libg.a(lib_a-mprec.o)
                0x000000000800e350                __mprec_tens
 .rodata.p05.0  0x000000000800e418        0xc /Applications/ARM/bin/../lib/gcc/arm-none-eabi/10.3.1/../../../../arm-none-eabi/lib/thumb/v7-m/nofp/libg.a(lib_a-mprec.o)
 .rodata.__assert_func.str1.4
                0x000000000800e424       0x3f /Applications/ARM/bin/../lib/gcc/arm-none-eabi/10.3.1/../../../../arm-none-eabi/lib/thumb/v7-m/nofp/libg.a(lib_a-assert.o)
                                         0x43 (size before relaxing)
 *fill*         0x000000000800e463        0x1 
 .rodata._setlocale_r.str1.4
                0x000000000800e464        0xa /Applications/ARM/bin/../lib/gcc/arm-none-eabi/10.3.1/../../../../arm-none-eabi/lib/thumb/v7-m/nofp/libg.a(lib_a-locale.o)
                                          0xd (size before relaxing)
 *fill*         0x000000000800e46e        0x2 
 .rodata.str1.4
                0x000000000800e470        0x2 /Applications/ARM/bin/../lib/gcc/arm-none-eabi/10.3.1/../../../../arm-none-eabi/lib/thumb/v7-m/nofp/libg.a(lib_a-locale.o)
 .rodata._vfiprintf_r.str1.4
                0x000000000800e472       0x2f /Applications/ARM/bin/../lib/gcc/arm-none-eabi/10.3.1/../../../../arm-none-eabi/lib/thumb/v7-m/nofp/libg.a(lib_a-vfiprintf.o)
 *fill*         0x000000000800e472        0x2 
 .rodata.blanks.1
                0x000000000800e474       0x10 /Applications/ARM/bin/../lib/gcc/arm-none-eabi/10.3.1/../../../../arm-none-eabi/lib/thumb/v7-m/nofp/libg.a(lib_a-vfiprintf.o)
 .rodata.zeroes.0
                0x000000000800e484       0x10 /Applications/ARM/bin/../lib/gcc/arm-none-eabi/10.3.1/../../../../arm-none-eabi/lib/thumb/v7-m/nofp/libg.a(lib_a-vfiprintf.o)
 .rodata._ctype_
                0x000000000800e494      0x101 /Applications/ARM/bin/../lib/gcc/arm-none-eabi/10.3.1/../../../../arm-none-eabi/lib/thumb/v7-m/nofp/libg.a(lib_a-ctype_.o)
                0x000000000800e494                _ctype_
 *fill*         0x000000000800e595        0x3 
 .rodata.npio2_hw
                0x000000000800e598       0x80 /Applications/ARM/bin/../lib/gcc/arm-none-eabi/10.3.1/../../../../arm-none-eabi/lib/thumb/v7-m/nofp/libm.a(lib_a-e_rem_pio2.o)
 .rodata.two_over_pi
                0x000000000800e618      0x108 /Applications/ARM/bin/../lib/gcc/arm-none-eabi/10.3.1/../../../../arm-none-eabi/lib/thumb/v7-m/nofp/libm.a(lib_a-e_rem_pio2.o)
 .rodata.PIo2   0x000000000800e720       0x40 /Applications/ARM/bin/../lib/gcc/arm-none-eabi/10.3.1/../../../../arm-none-eabi/lib/thumb/v7-m/nofp/libm.a(lib_a-k_rem_pio2.o)
 .rodata.init_jk
                0x000000000800e760       0x10 /Applications/ARM/bin/../lib/gcc/arm-none-eabi/10.3.1/../../../../arm-none-eabi/lib/thumb/v7-m/nofp/libm.a(lib_a-k_rem_pio2.o)
                0x000000000800e770                . = ALIGN (0x4)

.ARM.extab      0x000000000800e770        0x0
                0x000000000800e770                . = ALIGN (0x4)
 *(.ARM.extab* .gnu.linkonce.armextab.*)
                0x000000000800e770                . = ALIGN (0x4)

.ARM            0x000000000800e770        0x8
                0x000000000800e770                . = ALIGN (0x4)
                0x000000000800e770                __exidx_start = .
 *(.ARM.exidx*)
 .ARM.exidx     0x000000000800e770        0x8 /Applications/ARM/bin/../lib/gcc/arm-none-eabi/10.3.1/thumb/v7-m/nofp/libgcc.a(_udivmoddi4.o)
                0x000000000800e778                __exidx_end = .
                0x000000000800e778                . = ALIGN (0x4)

.rel.dyn        0x000000000800e778        0x0
 .rel.iplt      0x000000000800e778        0x0 /Applications/ARM/bin/../lib/gcc/arm-none-eabi/10.3.1/thumb/v7-m/nofp/crtbegin.o

.preinit_array  0x000000000800e778        0x0
                0x000000000800e778                . = ALIGN (0x4)
                0x000000000800e778                PROVIDE (__preinit_array_start = .)
 *(.preinit_array*)
                0x000000000800e778                PROVIDE (__preinit_array_end = .)
                0x000000000800e778                . = ALIGN (0x4)

.init_array     0x000000000800e778        0x8
                0x000000000800e778                . = ALIGN (0x4)
                0x000000000800e778                PROVIDE (__init_array_start = .)
 *(SORT_BY_NAME(.init_array.*))
 .init_array.00000
                0x000000000800e778        0x4 /Applications/ARM/bin/../lib/gcc/arm-none-eabi/10.3.1/../../../../arm-none-eabi/lib/thumb/v7-m/nofp/libg.a(lib_a-__call_atexit.o)
 *(.init_array*)
 .init_array    0x000000000800e77c        0x4 /Applications/ARM/bin/../lib/gcc/arm-none-eabi/10.3.1/thumb/v7-m/nofp/crtbegin.o
                0x000000000800e780                PROVIDE (__init_array_end = .)
                0x000000000800e780                . = ALIGN (0x4)

.fini_array     0x000000000800e780        0x4
                0x000000000800e780                . = ALIGN (0x4)
                0x000000000800e780                PROVIDE (__fini_array_start = .)
 *(SORT_BY_NAME(.fini_array.*))
 *(.fini_array*)
 .fini_array    0x000000000800e780        0x4 /Applications/ARM/bin/../lib/gcc/arm-none-eabi/10.3.1/thumb/v7-m/nofp/crtbegin.o
                0x000000000800e784                PROVIDE (__fini_array_end = .)
                0x000000000800e784                . = ALIGN (0x4)
                0x000000000800e784                _sidata = LOADADDR (.data)

.data           0x0000000020000000      0x9c0 load address 0x000000000800e784
                0x0000000020000000                . = ALIGN (0x4)
                0x0000000020000000                _sdata = .
 *(.data)
 *(.data*)
 .data.SystemCoreClock
                0x0000000020000000        0x4 CMakeFiles/QEALIDARMapping.elf.dir/Core/Src/system_stm32f1xx.c.obj
                0x0000000020000000                SystemCoreClock
 .data.uwTickFreq
                0x0000000020000004        0x1 CMakeFiles/QEALIDARMapping.elf.dir/Drivers/STM32F1xx_HAL_Driver/Src/stm32f1xx_hal.c.obj
                0x0000000020000004                uwTickFreq
 *fill*         0x0000000020000005        0x3 
 .data.uwTickPrio
                0x0000000020000008        0x4 CMakeFiles/QEALIDARMapping.elf.dir/Drivers/STM32F1xx_HAL_Driver/Src/stm32f1xx_hal.c.obj
                0x0000000020000008                uwTickPrio
 .data.uxCriticalNesting
                0x000000002000000c        0x4 CMakeFiles/QEALIDARMapping.elf.dir/Middlewares/Third_Party/FreeRTOS/Source/portable/GCC/ARM_CM3/port.c.obj
 .data._impure_ptr
                0x0000000020000010        0x4 /Applications/ARM/bin/../lib/gcc/arm-none-eabi/10.3.1/../../../../arm-none-eabi/lib/thumb/v7-m/nofp/libg.a(lib_a-impure.o)
                0x0000000020000010                _impure_ptr
 *fill*         0x0000000020000014        0x4 
 .data.impure_data