Archive member included to satisfy reference by file (symbol)

/Applications/ARM/bin/../lib/gcc/arm-none-eabi/10.3.1/thumb/v7-m/nofp/libgcc.a(_arm_muldf3.o)
                              CMakeFiles/QEALIDARMapping.elf.dir/Core/Src/wheel_pwm.c.obj (__aeabi_dmul)
/Applications/ARM/bin/../lib/gcc/arm-none-eabi/10.3.1/thumb/v7-m/nofp/libgcc.a(_arm_addsubdf3.o)
                              CMakeFiles/QEALIDARMapping.elf.dir/Core/Src/wheel_pwm.c.obj (__aeabi_dsub)
/Applications/ARM/bin/../lib/gcc/arm-none-eabi/10.3.1/thumb/v7-m/nofp/libgcc.a(_arm_cmpdf2.o)
                              CMakeFiles/QEALIDARMapping.elf.dir/Core/Src/wheel_pwm.c.obj (__aeabi_dcmplt)
/Applications/ARM/bin/../lib/gcc/arm-none-eabi/10.3.1/thumb/v7-m/nofp/libgcc.a(_arm_fixunsdfsi.o)
                              CMakeFiles/QEALIDARMapping.elf.dir/Core/Src/wheel_pwm.c.obj (__aeabi_d2uiz)
/Applications/ARM/bin/../lib/gcc/arm-none-eabi/10.3.1/../../../../arm-none-eabi/lib/thumb/v7-m/nofp/libg.a(lib_a-errno.o)
                              CMakeFiles/QEALIDARMapping.elf.dir/Core/Src/syscalls.c.obj (__errno)
/Applications/ARM/bin/../lib/gcc/arm-none-eabi/10.3.1/../../../../arm-none-eabi/lib/thumb/v7-m/nofp/libg.a(lib_a-exit.o)
                              /Applications/ARM/bin/../lib/gcc/arm-none-eabi/10.3.1/../../../../arm-none-eabi/lib/thumb/v7-m/nofp/crt0.o (exit)
/Applications/ARM/bin/../lib/gcc/arm-none-eabi/10.3.1/../../../../arm-none-eabi/lib/thumb/v7-m/nofp/libg.a(lib_a-impure.o)
                              /Applications/ARM/bin/../lib/gcc/arm-none-eabi/10.3.1/../../../../arm-none-eabi/lib/thumb/v7-m/nofp/libg.a(lib_a-exit.o) (_global_impure_ptr)
/Applications/ARM/bin/../lib/gcc/arm-none-eabi/10.3.1/../../../../arm-none-eabi/lib/thumb/v7-m/nofp/libg.a(lib_a-init.o)
                              /Applications/ARM/bin/../lib/gcc/arm-none-eabi/10.3.1/../../../../arm-none-eabi/lib/thumb/v7-m/nofp/crt0.o (__libc_init_array)
/Applications/ARM/bin/../lib/gcc/arm-none-eabi/10.3.1/../../../../arm-none-eabi/lib/thumb/v7-m/nofp/libg.a(lib_a-memcpy.o)
                              CMakeFiles/QEALIDARMapping.elf.dir/Core/Src/imu.c.obj (memcpy)
/Applications/ARM/bin/../lib/gcc/arm-none-eabi/10.3.1/../../../../arm-none-eabi/lib/thumb/v7-m/nofp/libg.a(lib_a-memset.o)
                              /Applications/ARM/bin/../lib/gcc/arm-none-eabi/10.3.1/../../../../arm-none-eabi/lib/thumb/v7-m/nofp/crt0.o (memset)
/Applications/ARM/bin/../lib/gcc/arm-none-eabi/10.3.1/../../../../arm-none-eabi/lib/thumb/v7-m/nofp/libg.a(lib_a-snprintf.o)
                              CMakeFiles/QEALIDARMapping.elf.dir/Core/Src/freertos.c.obj (snprintf)
/Applications/ARM/bin/../lib/gcc/arm-none-eabi/10.3.1/../../../../arm-none-eabi/lib/thumb/v7-m/nofp/libg.a(lib_a-strlen-stub.o)
                              CMakeFiles/QEALIDARMapping.elf.dir/Core/Src/freertos.c.obj (strlen)
/Applications/ARM/bin/../lib/gcc/arm-none-eabi/10.3.1/../../../../arm-none-eabi/lib/thumb/v7-m/nofp/libg.a(lib_a-svfprintf.o)
                              /Applications/ARM/bin/../lib/gcc/arm-none-eabi/10.3.1/../../../../arm-none-eabi/lib/thumb/v7-m/nofp/libg.a(lib_a-snprintf.o) (_svfprintf_r)
/Applications/ARM/bin/../lib/gcc/arm-none-eabi/10.3.1/../../../../arm-none-eabi/lib/thumb/v7-m/nofp/libg.a(lib_a-__call_atexit.o)
                              /Applications/ARM/bin/../lib/gcc/arm-none-eabi/10.3.1/../../../../arm-none-eabi/lib/thumb/v7-m/nofp/libg.a(lib_a-exit.o) (__call_exitprocs)
/Applications/ARM/bin/../lib/gcc/arm-none-eabi/10.3.1/../../../../arm-none-eabi/lib/thumb/v7-m/nofp/libg.a(lib_a-atexit.o)
                              /Applications/ARM/bin/../lib/gcc/arm-none-eabi/10.3.1/../../../../arm-none-eabi/lib/thumb/v7-m/nofp/libg.a(lib_a-__call_atexit.o) (atexit)
/Applications/ARM/bin/../lib/gcc/arm-none-eabi/10.3.1/../../../../arm-none-eabi/lib/thumb/v7-m/nofp/libg.a(lib_a-dtoa.o)
                              /Applications/ARM/bin/../lib/gcc/arm-none-eabi/10.3.1/../../../../arm-none-eabi/lib/thumb/v7-m/nofp/libg.a(lib_a-svfprintf.o) (_dtoa_r)
/Applications/ARM/bin/../lib/gcc/arm-none-eabi/10.3.1/../../../../arm-none-eabi/lib/thumb/v7-m/nofp/libg.a(lib_a-fini.o)
                              /Applications/ARM/bin/../lib/gcc/arm-none-eabi/10.3.1/../../../../arm-none-eabi/lib/thumb/v7-m/nofp/libg.a(lib_a-__call_atexit.o) (__libc_fini_array)
/Applications/ARM/bin/../lib/gcc/arm-none-eabi/10.3.1/../../../../arm-none-eabi/lib/thumb/v7-m/nofp/libg.a(lib_a-freer.o)
                              /Applications/ARM/bin/../lib/gcc/arm-none-eabi/10.3.1/../../../../arm-none-eabi/lib/thumb/v7-m/nofp/libg.a(lib_a-svfprintf.o) (_free_r)
/Applications/ARM/bin/../lib/gcc/arm-none-eabi/10.3.1/../../../../arm-none-eabi/lib/thumb/v7-m/nofp/libg.a(lib_a-localeconv.o)
                              /Applications/ARM/bin/../lib/gcc/arm-none-eabi/10.3.1/../../../../arm-none-eabi/lib/thumb/v7-m/nofp/libg.a(lib_a-svfprintf.o) (_localeconv_r)
[...]
Memory Configuration

Name             Origin             Length             Attributes
RAM              0x0000000020000000 0x000000000000c000 xrw
FLASH            0x0000000008000000 0x0000000000040000 xr
*default*        0x0000000000000000 0xffffffffffffffff

Linker script and memory map

LOAD /Applications/ARM/bin/../lib/gcc/arm-none-eabi/10.3.1/thumb/v7-m/nofp/crti.o
LOAD /Applications/ARM/bin/../lib/gcc/arm-none-eabi/10.3.1/thumb/v7-m/nofp/crtbegin.o
LOAD /Applications/ARM/bin/../lib/gcc/arm-none-eabi/10.3.1/../../../../arm-none-eabi/lib/thumb/v7-m/nofp/crt0.o
LOAD CMakeFiles/QEALIDARMapping.elf.dir/Core/Src/freertos.c.obj
LOAD CMakeFiles/QEALIDARMapping.elf.dir/Core/Src/gpio.c.obj
LOAD CMakeFiles/QEALIDARMapping.elf.dir/Core/Src/imu.c.obj
LOAD CMakeFiles/QEALIDARMapping.elf.dir/Core/Src/main.c.obj
LOAD CMakeFiles/QEALIDARMapping.elf.dir/Core/Src/stm32f1xx_hal_msp.c.obj
LOAD CMakeFiles/QEALIDARMapping.elf.dir/Core/Src/stm32f1xx_hal_timebase_tim.c.obj
LOAD CMakeFiles/QEALIDARMapping.elf.dir/Core/Src/stm32f1xx_it.c.obj
LOAD CMakeFiles/QEALIDARMapping.elf.dir/Core/Src/syscalls.c.obj
LOAD CMakeFiles/QEALIDARMapping.elf.dir/Core/Src/sysmem.c.obj
LOAD CMakeFiles/QEALIDARMapping.elf.dir/Core/Src/system_stm32f1xx.c.obj
LOAD CMakeFiles/QEALIDARMapping.elf.dir/Core/Src/tim.c.obj
LOAD CMakeFiles/QEALIDARMapping.elf.dir/Core/Src/usart.c.obj
LOAD CMakeFiles/QEALIDARMapping.elf.dir/Core/Src/wheel_pwm.c.obj
LOAD CMakeFiles/QEALIDARMapping.elf.dir/Core/Startup/startup_stm32f103rctx.s.obj
LOAD CMakeFiles/QEALIDARMapping.elf.dir/Drivers/STM32F1xx_HAL_Driver/Src/stm32f1xx_hal.c.obj
LOAD CMakeFiles/QEALIDARMapping.elf.dir/Drivers/STM32F1xx_HAL_Driver/Src/stm32f1xx_hal_cortex.c.obj
LOAD CMakeFiles/QEALIDARMapping.elf.dir/Drivers/STM32F1xx_HAL_Driver/Src/stm32f1xx_hal_dma.c.obj
LOAD CMakeFiles/QEALIDARMapping.elf.dir/Drivers/STM32F1xx_HAL_Driver/Src/stm32f1xx_hal_exti.c.obj
LOAD CMakeFiles/QEALIDARMapping.elf.dir/Drivers/STM32F1xx_HAL_Driver/Src/stm32f1xx_hal_flash.c.obj
LOAD CMakeFiles/QEALIDARMapping.elf.dir/Drivers/STM32F1xx_HAL_Driver/Src/stm32f1xx_hal_flash_ex.c.obj
LOAD CMakeFiles/QEALIDARMapping.elf.dir/Drivers/STM32F1xx_HAL_Driver/Src/stm32f1xx_hal_gpio.c.obj
LOAD CMakeFiles/QEALIDARMapping.elf.dir/Drivers/STM32F1xx_HAL_Driver/Src/stm32f1xx_hal_gpio_ex.c.obj
LOAD CMakeFiles/QEALIDARMapping.elf.dir/Drivers/STM32F1xx_HAL_Driver/Src/stm32f1xx_hal_pwr.c.obj
LOAD CMakeFiles/QEALIDARMapping.elf.dir/Drivers/STM32F1xx_HAL_Driver/Src/stm32f1xx_hal_rcc.c.obj
LOAD CMakeFiles/QEALIDARMapping.elf.dir/Drivers/STM32F1xx_HAL_Driver/Src/stm32f1xx_hal_rcc_ex.c.obj
LOAD CMakeFiles/QEALIDARMapping.elf.dir/Drivers/STM32F1xx_HAL_Driver/Src/stm32f1xx_hal_tim.c.obj
LOAD CMakeFiles/QEALIDARMapping.elf.dir/Drivers/STM32F1xx_HAL_Driver/Src/stm32f1xx_hal_tim_ex.c.obj
LOAD CMakeFiles/QEALIDARMapping.elf.dir/Drivers/STM32F1xx_HAL_Driver/Src/stm32f1xx_hal_uart.c.obj
LOAD CMakeFiles/QEALIDARMapping.elf.dir/Middlewares/Third_Party/FreeRTOS/Source/CMSIS_RTOS_V2/cmsis_os2.c.obj
LOAD CMakeFiles/QEALIDARMapping.elf.dir/Middlewares/Third_Party/FreeRTOS/Source/croutine.c.obj
LOAD CMakeFiles/QEALIDARMapping.elf.dir/Middlewares/Third_Party/FreeRTOS/Source/event_groups.c.obj
LOAD CMakeFiles/QEALIDARMapping.elf.dir/Middlewares/Third_Party/FreeRTOS/Source/list.c.obj
LOAD CMakeFiles/QEALIDARMapping.elf.dir/Middlewares/Third_Party/FreeRTOS/Source/portable/GCC/ARM_CM3/port.c.obj
LOAD CMakeFiles/QEALIDARMapping.elf.dir/Middlewares/Third_Party/FreeRTOS/Source/portable/MemMang/heap_4.c.obj
LOAD CMakeFiles/QEALIDARMapping.elf.dir/Middlewares/Third_Party/FreeRTOS/Source/queue.c.obj
LOAD CMakeFiles/QEALIDARMapping.elf.dir/Middlewares/Third_Party/FreeRTOS/Source/stream_buffer.c.obj
LOAD CMakeFiles/QEALIDARMapping.elf.dir/Middlewares/Third_Party/FreeRTOS/Source/tasks.c.obj
LOAD CMakeFiles/QEALIDARMapping.elf.dir/Middlewares/Third_Party/FreeRTOS/Source/timers.c.obj
START GROUP
LOAD /Applications/ARM/bin/../lib/gcc/arm-none-eabi/10.3.1/thumb/v7-m/nofp/libgcc.a
LOAD /Applications/ARM/bin/../lib/gcc/arm-none-eabi/10.3.1/../../../../arm-none-eabi/lib/thumb/v7-m/nofp/libg.a
LOAD /Applications/ARM/bin/../lib/gcc/arm-none-eabi/10.3.1/../../../../arm-none-eabi/lib/thumb/v7-m/nofp/libc.a
END GROUP
LOAD /Applications/ARM/bin/../lib/gcc/arm-none-eabi/10.3.1/thumb/v7-m/nofp/crtend.o
LOAD /Applications/ARM/bin/../lib/gcc/arm-none-eabi/10.3.1/thumb/v7-m/nofp/crtn.o
                0x000000002000c000                _estack = (ORIGIN (RAM) + LENGTH (RAM))
                0x0000000000000200                _Min_Heap_Size = 0x200
                0x0000000000000400                _Min_Stack_Size = 0x400

.isr_vector     0x0000000008000000      0x1e4
                0x0000000008000000                . = ALIGN (0x4)
 *(.isr_vector)
 .isr_vector    0x0000000008000000      0x1e4 CMakeFiles/QEALIDARMapping.elf.dir/Core/Startup/startup_stm32f103rctx.s.obj
                0x0000000008000000                g_pfnVectors
                0x00000000080001e4                . = ALIGN (0x4)

.text           0x00000000080001f0     0xbb84
                0x00000000080001f0                . = ALIGN (0x4)
 *(.text)
 .text          0x00000000080001f0       0x40 /Applications/ARM/bin/../lib/gcc/arm-none-eabi/10.3.1/thumb/v7-m/nofp/crtbegin.o
 .text          0x0000000008000230      0x378 /Applications/ARM/bin/../lib/gcc/arm-none-eabi/10.3.1/thumb/v7-m/nofp/libgcc.a(_arm_addsubdf3.o)
                0x0000000008000230                __aeabi_drsub
                0x0000000008000238                __subdf3
                0x0000000008000238                __aeabi_dsub
                0x000000000800023c                __aeabi_dadd
                0x000000000800023c                __adddf3
                0x00000000080004b4                __aeabi_ui2d
                0x00000000080004b4                __floatunsidf
                0x00000000080004d4                __floatsidf
                0x00000000080004d4                __aeabi_i2d
                0x00000000080004f8                __extendsfdf2
                0x00000000080004f8                __aeabi_f2d
                0x000000000800053c                __aeabi_ul2d
                0x000000000800053c                __floatundidf
                0x000000000800054c                __aeabi_l2d
                0x000000000800054c                __floatdidf
 .text          0x00000000080005a8      0x110 /Applications/ARM/bin/../lib/gcc/arm-none-eabi/10.3.1/thumb/v7-m/nofp/libgcc.a(_arm_cmpdf2.o)
                0x00000000080005a8                __gedf2
                0x00000000080005a8                __gtdf2
                0x00000000080005b0                __ledf2
                0x00000000080005b0                __ltdf2
                0x00000000080005b8                __cmpdf2
                0x00000000080005b8                __eqdf2
                0x00000000080005b8                __nedf2
                0x0000000008000634                __aeabi_cdrcmple
                0x0000000008000644                __aeabi_cdcmple
                0x0000000008000644                __aeabi_cdcmpeq
                0x0000000008000654                __aeabi_dcmpeq
                0x0000000008000668                __aeabi_dcmplt
                0x000000000800067c                __aeabi_dcmple
                0x0000000008000690                __aeabi_dcmpge
                0x00000000080006a4                __aeabi_dcmpgt
 .text          0x00000000080006b8       0x40 /Applications/ARM/bin/../lib/gcc/arm-none-eabi/10.3.1/thumb/v7-m/nofp/libgcc.a(_arm_fixunsdfsi.o)
                0x00000000080006b8                __fixunsdfsi
                0x00000000080006b8                __aeabi_d2uiz
 .text          0x00000000080006f8       0xec /Applications/ARM/bin/../lib/gcc/arm-none-eabi/10.3.1/../../../../arm-none-eabi/lib/thumb/v7-m/nofp/libg.a(lib_a-memcpy.o)
                0x00000000080006f8                memcpy
 .text          0x00000000080007e4      0x424 /Applications/ARM/bin/../lib/gcc/arm-none-eabi/10.3.1/thumb/v7-m/nofp/libgcc.a(_arm_muldivdf3.o)
                0x00000000080007e4                __aeabi_dmul
                0x00000000080007e4                __muldf3
                0x0000000008000a38                __aeabi_ddiv
                0x0000000008000a38                __divdf3
 .text          0x0000000008000c08       0x2c /Applications/ARM/bin/../lib/gcc/arm-none-eabi/10.3.1/thumb/v7-m/nofp/libgcc.a(_arm_unorddf2.o)
                0x0000000008000c08                __aeabi_dcmpun
                0x0000000008000c08                __unorddf2
 .text          0x0000000008000c34       0x50 /Applications/ARM/bin/../lib/gcc/arm-none-eabi/10.3.1/thumb/v7-m/nofp/libgcc.a(_arm_fixdfsi.o)
                0x0000000008000c34                __fixdfsi
                0x0000000008000c34                __aeabi_d2iz
 .text          0x0000000008000c84       0x30 /Applications/ARM/bin/../lib/gcc/arm-none-eabi/10.3.1/thumb/v7-m/nofp/libgcc.a(_aeabi_uldivmod.o)
                0x0000000008000c84                __aeabi_uldivmod
 .text          0x0000000008000cb4      0x2d4 /Applications/ARM/bin/../lib/gcc/arm-none-eabi/10.3.1/thumb/v7-m/nofp/libgcc.a(_udivmoddi4.o)
                0x0000000008000cb4                __udivmoddi4
 .text          0x0000000008000f88        0x4 /Applications/ARM/bin/../lib/gcc/arm-none-eabi/10.3.1/thumb/v7-m/nofp/libgcc.a(_dvmd_tls.o)
                0x0000000008000f88                __aeabi_ldiv0
                0x0000000008000f88                __aeabi_idiv0
 *(.text*)
 .text.StartDefaultTask
                0x0000000008000f8c      0x114 CMakeFiles/QEALIDARMapping.elf.dir/Core/Src/freertos.c.obj
                0x0000000008000f8c                StartDefaultTask
 .text.IMUDecoder
                0x00000000080010a0       0x50 CMakeFiles/QEALIDARMapping.elf.dir/Core/Src/freertos.c.obj
                0x00000000080010a0                IMUDecoder
 .text.MX_FREERTOS_Init
                0x00000000080010f0       0x4c CMakeFiles/QEALIDARMapping.elf.dir/Core/Src/freertos.c.obj
                0x00000000080010f0                MX_FREERTOS_Init
 .text.MX_GPIO_Init
                0x000000000800113c       0x54 CMakeFiles/QEALIDARMapping.elf.dir/Core/Src/gpio.c.obj
                0x000000000800113c                MX_GPIO_Init
 .text.CRC8_Table
                0x0000000008001190       0x20 CMakeFiles/QEALIDARMapping.elf.dir/Core/Src/imu.c.obj
                0x0000000008001190                CRC8_Table
 .text.CRC16_Table
                0x00000000080011b0       0x30 CMakeFiles/QEALIDARMapping.elf.dir/Core/Src/imu.c.obj
                0x00000000080011b0                CRC16_Table
 .text.IMU_RxCpltCallback
                0x00000000080011e0      0x104 CMakeFiles/QEALIDARMapping.elf.dir/Core/Src/imu.c.obj
                0x00000000080011e0                IMU_RxCpltCallback
 .text.HandleIMUPackage
                0x00000000080012e4       0x40 CMakeFiles/QEALIDARMapping.elf.dir/Core/Src/imu.c.obj
                0x00000000080012e4                HandleIMUPackage
 .text.DecodeIMUPackage
                0x0000000008001324       0xe4 CMakeFiles/QEALIDARMapping.elf.dir/Core/Src/imu.c.obj
                0x0000000008001324                DecodeIMUPackage
 .text.HAL_UART_RxCpltCallback
                0x0000000008001408       0x18 CMakeFiles/QEALIDARMapping.elf.dir/Core/Src/main.c.obj
                0x0000000008001408                HAL_UART_RxCpltCallback
 .text.HAL_TIM_PeriodElapsedCallback
                0x0000000008001420       0x2c CMakeFiles/QEALIDARMapping.elf.dir/Core/Src/main.c.obj
                0x0000000008001420                HAL_TIM_PeriodElapsedCallback
 .text.Error_Handler
                0x000000000800144c        0x4 CMakeFiles/QEALIDARMapping.elf.dir/Core/Src/main.c.obj
                0x000000000800144c                Error_Handler
 .text.SystemClock_Config
                0x0000000008001450       0x64 CMakeFiles/QEALIDARMapping.elf.dir/Core/Src/main.c.obj
                0x0000000008001450                SystemClock_Config
 .text.main     0x00000000080014b4       0x60 CMakeFiles/QEALIDARMapping.elf.dir/Core/Src/main.c.obj
                0x00000000080014b4                main
 .text.HAL_MspInit
                0x0000000008001514       0x54 CMakeFiles/QEALIDARMapping.elf.dir/Core/Src/stm32f1xx_hal_msp.c.obj
                0x0000000008001514                HAL_MspInit
 .text.HAL_InitTick
                0x0000000008001568       0x7c CMakeFiles/QEALIDARMapping.elf.dir/Core/Src/stm32f1xx_hal_timebase_tim.c.obj
                0x0000000008001568                HAL_InitTick
 .text.NMI_Handler
                0x00000000080015e4        0x2 CMakeFiles/QEALIDARMapping.elf.dir/Core/Src/stm32f1xx_it.c.obj
                0x00000000080015e4                NMI_Handler
 .text.HardFault_Handler
                0x00000000080015e6        0x2 CMakeFiles/QEALIDARMapping.elf.dir/Core/Src/stm32f1xx_it.c.obj
                0x00000000080015e6                HardFault_Handler
 .text.MemManage_Handler
                0x00000000080015e8        0x2 CMakeFiles/QEALIDARMapping.elf.dir/Core/Src/stm32f1xx_it.c.obj
                0x00000000080015e8                MemManage_Handler
 .text.BusFault_Handler
                0x00000000080015ea        0x2 CMakeFiles/QEALIDARMapping.elf.dir/Core/Src/stm32f1xx_it.c.obj
                0x00000000080015ea                BusFault_Handler
 .text.UsageFault_Handler
                0x00000000080015ec        0x2 CMakeFiles/QEALIDARMapping.elf.dir/Core/Src/stm32f1xx_it.c.obj
                0x00000000080015ec                UsageFault_Handler
 .text.DebugMon_Handler
                0x00000000080015ee        0x2 CMakeFiles/QEALIDARMapping.elf.dir/Core/Src/stm32f1xx_it.c.obj
                0x00000000080015ee                DebugMon_Handler
 .text.USART2_IRQHandler
                0x00000000080015f0       0x10 CMakeFiles/QEALIDARMapping.elf.dir/Core/Src/stm32f1xx_it.c.obj
                0x00000000080015f0                USART2_IRQHandler
 .text.USART3_IRQHandler
                0x0000000008001600       0x10 CMakeFiles/QEALIDARMapping.elf.dir/Core/Src/stm32f1xx_it.c.obj
                0x0000000008001600                USART3_IRQHandler
 .text.TIM6_IRQHandler
                0x0000000008001610       0x10 CMakeFiles/QEALIDARMapping.elf.dir/Core/Src/stm32f1xx_it.c.obj
                0x0000000008001610                TIM6_IRQHandler
 .text.TIM7_IRQHandler
                0x0000000008001620       0x10 CMakeFiles/QEALIDARMapping.elf.dir/Core/Src/stm32f1xx_it.c.obj
                0x0000000008001620                TIM7_IRQHandler
 .text._getpid  0x0000000008001630        0x4 CMakeFiles/QEALIDARMapping.elf.dir/Core/Src/syscalls.c.obj
                0x0000000008001630                _getpid
 .text._kill    0x0000000008001634       0x10 CMakeFiles/QEALIDARMapping.elf.dir/Core/Src/syscalls.c.obj
                0x0000000008001634                _kill
 .text._exit    0x0000000008001644        0xc CMakeFiles/QEALIDARMapping.elf.dir/Core/Src/syscalls.c.obj
                0x0000000008001644                _exit
 .text._read    0x0000000008001650       0x20 CMakeFiles/QEALIDARMapping.elf.dir/Core/Src/syscalls.c.obj
                0x0000000008001650                _read
 .text._write   0x0000000008001670       0x1c CMakeFiles/QEALIDARMapping.elf.dir/Core/Src/syscalls.c.obj
                0x0000000008001670                _write
 .text._close   0x000000000800168c        0x6 CMakeFiles/QEALIDARMapping.elf.dir/Core/Src/syscalls.c.obj
                0x000000000800168c                _close
 .text._fstat   0x0000000008001692        0xa CMakeFiles/QEALIDARMapping.elf.dir/Core/Src/syscalls.c.obj
                0x0000000008001692                _fstat
 .text._isatty  0x000000000800169c        0x4 CMakeFiles/QEALIDARMapping.elf.dir/Core/Src/syscalls.c.obj
                0x000000000800169c                _isatty
 .text._lseek   0x00000000080016a0        0x4 CMakeFiles/QEALIDARMapping.elf.dir/Core/Src/syscalls.c.obj
                0x00000000080016a0                _lseek
 .text._sbrk    0x00000000080016a4       0x48 CMakeFiles/QEALIDARMapping.elf.dir/Core/Src/sysmem.c.obj
                0x00000000080016a4                _sbrk
 .text.SystemInit
                0x00000000080016ec        0x2 CMakeFiles/QEALIDARMapping.elf.dir/Core/Src/system_stm32f1xx.c.obj
                0x00000000080016ec                SystemInit
 *fill*         0x00000000080016ee        0x2 
 .text.MX_TIM4_Init
                0x00000000080016f0       0x64 CMakeFiles/QEALIDARMapping.elf.dir/Core/Src/tim.c.obj
                0x00000000080016f0                MX_TIM4_Init
 .text.MX_TIM7_Init
                0x0000000008001754       0x50 CMakeFiles/QEALIDARMapping.elf.dir/Core/Src/tim.c.obj
                0x0000000008001754                MX_TIM7_Init
 .text.MX_TIM8_Init
                0x00000000080017a4       0x68 CMakeFiles/QEALIDARMapping.elf.dir/Core/Src/tim.c.obj
                0x00000000080017a4                MX_TIM8_Init
 .text.HAL_TIM_Base_MspInit
                0x000000000800180c       0x60 CMakeFiles/QEALIDARMapping.elf.dir/Core/Src/tim.c.obj
                0x000000000800180c                HAL_TIM_Base_MspInit
 .text.HAL_TIM_Encoder_MspInit
                0x000000000800186c       0xa0 CMakeFiles/QEALIDARMapping.elf.dir/Core/Src/tim.c.obj
                0x000000000800186c                HAL_TIM_Encoder_MspInit
 .text.HAL_TIM_MspPostInit
                0x000000000800190c       0x74 CMakeFiles/QEALIDARMapping.elf.dir/Core/Src/tim.c.obj
                0x000000000800190c                HAL_TIM_MspPostInit
 .text.MX_TIM3_Init
                0x0000000008001980       0xec CMakeFiles/QEALIDARMapping.elf.dir/Core/Src/tim.c.obj
                0x0000000008001980                MX_TIM3_Init
 .text.MX_USART1_UART_Init
                0x0000000008001a6c       0x34 CMakeFiles/QEALIDARMapping.elf.dir/Core/Src/usart.c.obj
                0x0000000008001a6c                MX_USART1_UART_Init
 .text.MX_USART2_UART_Init
                0x0000000008001aa0       0x34 CMakeFiles/QEALIDARMapping.elf.dir/Core/Src/usart.c.obj
                0x0000000008001aa0                MX_USART2_UART_Init
 .text.MX_USART3_UART_Init
                0x0000000008001ad4       0x34 CMakeFiles/QEALIDARMapping.elf.dir/Core/Src/usart.c.obj
                0x0000000008001ad4                MX_USART3_UART_Init
 .text.HAL_UART_MspInit
                0x0000000008001b08      0x158 CMakeFiles/QEALIDARMapping.elf.dir/Core/Src/usart.c.obj
                0x0000000008001b08                HAL_UART_MspInit
 .text.PID_Init
                0x0000000008001c60       0x7c CMakeFiles/QEALIDARMapping.elf.dir/Core/Src/wheel_pwm.c.obj
                0x0000000008001c60                PID_Init
 .text.Tick     0x0000000008001cdc       0xe6 CMakeFiles/QEALIDARMapping.elf.dir/Core/Src/wheel_pwm.c.obj
                0x0000000008001cdc                Tick
 *fill*         0x0000000008001dc2        0x2 
 .text.PID_Tick
                0x0000000008001dc4      0x104 CMakeFiles/QEALIDARMapping.elf.dir/Core/Src/wheel_pwm.c.obj
                0x0000000008001dc4                PID_Tick
 .text.Reset_Handler
                0x0000000008001ec8       0x48 CMakeFiles/QEALIDARMapping.elf.dir/Core/Startup/startup_stm32f103rctx.s.obj
                0x0000000008001ec8                Reset_Handler
 .text.Default_Handler
                0x0000000008001f10        0x2 CMakeFiles/QEALIDARMapping.elf.dir/Core/Startup/startup_stm32f103rctx.s.obj
                0x0000000008001f10                DMA2_Channel3_IRQHandler
                0x0000000008001f10                EXTI2_IRQHandler
                0x0000000008001f10                TIM8_TRG_COM_IRQHandler
                0x0000000008001f10                TIM8_CC_IRQHandler
                0x0000000008001f10                TIM1_CC_IRQHandler
                0x0000000008001f10                PVD_IRQHandler
                0x0000000008001f10                SDIO_IRQHandler
                0x0000000008001f10                EXTI3_IRQHandler
                0x0000000008001f10                EXTI0_IRQHandler
                0x0000000008001f10                I2C2_EV_IRQHandler
                0x0000000008001f10                ADC1_2_IRQHandler
                0x0000000008001f10                SPI1_IRQHandler
                0x0000000008001f10                TAMPER_IRQHandler
                0x0000000008001f10                TIM8_UP_IRQHandler
                0x0000000008001f10                DMA2_Channel2_IRQHandler
                0x0000000008001f10                DMA1_Channel4_IRQHandler
                0x0000000008001f10                RTC_IRQHandler
                0x0000000008001f10                DMA1_Channel7_IRQHandler
                0x0000000008001f10                CAN1_RX1_IRQHandler
                0x0000000008001f10                UART5_IRQHandler
                0x0000000008001f10                ADC3_IRQHandler
                0x0000000008001f10                TIM4_IRQHandler
                0x0000000008001f10                DMA2_Channel1_IRQHandler
                0x0000000008001f10                I2C1_EV_IRQHandler
                0x0000000008001f10                DMA1_Channel6_IRQHandler
                0x0000000008001f10                UART4_IRQHandler
                0x0000000008001f10                TIM3_IRQHandler
                0x0000000008001f10                RCC_IRQHandler
                0x0000000008001f10                TIM1_TRG_COM_IRQHandler
                0x0000000008001f10                DMA1_Channel1_IRQHandler
                0x0000000008001f10                Default_Handler
                0x0000000008001f10                EXTI15_10_IRQHandler
                0x0000000008001f10                TIM5_IRQHandler
                0x0000000008001f10                EXTI9_5_IRQHandler
                0x0000000008001f10                SPI2_IRQHandler
                0x0000000008001f10                DMA1_Channel5_IRQHandler
                0x0000000008001f10                EXTI4_IRQHandler
                0x0000000008001f10                USB_LP_CAN1_RX0_IRQHandler
                0x0000000008001f10                USB_HP_CAN1_TX_IRQHandler
                0x0000000008001f10                DMA1_Channel3_IRQHandler
                0x0000000008001f10                FSMC_IRQHandler
                0x0000000008001f10                TIM1_UP_IRQHandler
                0x0000000008001f10                WWDG_IRQHandler
                0x0000000008001f10                TIM2_IRQHandler
                0x0000000008001f10                TIM1_BRK_IRQHandler
                0x0000000008001f10                EXTI1_IRQHandler
                0x0000000008001f10                DMA2_Channel4_5_IRQHandler
                0x0000000008001f10                I2C2_ER_IRQHandler
                0x0000000008001f10                DMA1_Channel2_IRQHandler
                0x0000000008001f10                TIM8_BRK_IRQHandler
                0x0000000008001f10                CAN1_SCE_IRQHandler
                0x0000000008001f10                FLASH_IRQHandler
                0x0000000008001f10                USART1_IRQHandler
                0x0000000008001f10                SPI3_IRQHandler
                0x0000000008001f10                I2C1_ER_IRQHandler
                0x0000000008001f10                USBWakeUp_IRQHandler
                0x0000000008001f10                RTC_Alarm_IRQHandler
 *fill*         0x0000000008001f12        0x2 
 .text.HAL_Init
                0x0000000008001f14       0x24 CMakeFiles/QEALIDARMapping.elf.dir/Drivers/STM32F1xx_HAL_Driver/Src/stm32f1xx_hal.c.obj
                0x0000000008001f14                HAL_Init
 .text.HAL_IncTick
                0x0000000008001f38       0x18 CMakeFiles/QEALIDARMapping.elf.dir/Drivers/STM32F1xx_HAL_Driver/Src/stm32f1xx_hal.c.obj
                0x0000000008001f38                HAL_IncTick
 .text.HAL_GetTick
                0x0000000008001f50        0xc CMakeFiles/QEALIDARMapping.elf.dir/Drivers/STM32F1xx_HAL_Driver/Src/stm32f1xx_hal.c.obj
                0x0000000008001f50                HAL_GetTick
 .text.HAL_NVIC_SetPriorityGrouping
                0x0000000008001f5c       0x24 CMakeFiles/QEALIDARMapping.elf.dir/Drivers/STM32F1xx_HAL_Driver/Src/stm32f1xx_hal_cortex.c.obj
                0x0000000008001f5c                HAL_NVIC_SetPriorityGrouping
 .text.HAL_NVIC_SetPriority
                0x0000000008001f80       0x70 CMakeFiles/QEALIDARMapping.elf.dir/Drivers/STM32F1xx_HAL_Driver/Src/stm32f1xx_hal_cortex.c.obj
                0x0000000008001f80                HAL_NVIC_SetPriority
 .text.HAL_NVIC_EnableIRQ
                0x0000000008001ff0       0x1c CMakeFiles/QEALIDARMapping.elf.dir/Drivers/STM32F1xx_HAL_Driver/Src/stm32f1xx_hal_cortex.c.obj
                0x0000000008001ff0                HAL_NVIC_EnableIRQ
 .text.HAL_DMA_Abort
                0x000000000800200c       0x46 CMakeFiles/QEALIDARMapping.elf.dir/Drivers/STM32F1xx_HAL_Driver/Src/stm32f1xx_hal_dma.c.obj
                0x000000000800200c                HAL_DMA_Abort
 *fill*         0x0000000008002052        0x2 
 .text.HAL_DMA_Abort_IT
                0x0000000008002054      0x16c CMakeFiles/QEALIDARMapping.elf.dir/Drivers/STM32F1xx_HAL_Driver/Src/stm32f1xx_hal_dma.c.obj
                0x0000000008002054                HAL_DMA_Abort_IT
 .text.HAL_GPIO_Init
                0x00000000080021c0      0x240 CMakeFiles/QEALIDARMapping.elf.dir/Drivers/STM32F1xx_HAL_Driver/Src/stm32f1xx_hal_gpio.c.obj
                0x00000000080021c0                HAL_GPIO_Init
 .text.RCC_Delay
                0x0000000008002400       0x2c CMakeFiles/QEALIDARMapping.elf.dir/Drivers/STM32F1xx_HAL_Driver/Src/stm32f1xx_hal_rcc.c.obj
 .text.HAL_RCC_OscConfig
                0x000000000800242c      0x410 CMakeFiles/QEALIDARMapping.elf.dir/Drivers/STM32F1xx_HAL_Driver/Src/stm32f1xx_hal_rcc.c.obj
                0x000000000800242c                HAL_RCC_OscConfig
 .text.HAL_RCC_GetSysClockFreq
                0x000000000800283c       0x54 CMakeFiles/QEALIDARMapping.elf.dir/Drivers/STM32F1xx_HAL_Driver/Src/stm32f1xx_hal_rcc.c.obj
                0x000000000800283c                HAL_RCC_GetSysClockFreq
 .text.HAL_RCC_ClockConfig
                0x0000000008002890      0x16c CMakeFiles/QEALIDARMapping.elf.dir/Drivers/STM32F1xx_HAL_Driver/Src/stm32f1xx_hal_rcc.c.obj
                0x0000000008002890                HAL_RCC_ClockConfig
 .text.HAL_RCC_GetHCLKFreq
                0x00000000080029fc        0xc CMakeFiles/QEALIDARMapping.elf.dir/Drivers/STM32F1xx_HAL_Driver/Src/stm32f1xx_hal_rcc.c.obj
                0x00000000080029fc                HAL_RCC_GetHCLKFreq
 .text.HAL_RCC_GetPCLK1Freq
                0x0000000008002a08       0x20 CMakeFiles/QEALIDARMapping.elf.dir/Drivers/STM32F1xx_HAL_Driver/Src/stm32f1xx_hal_rcc.c.obj
                0x0000000008002a08                HAL_RCC_GetPCLK1Freq
 .text.HAL_RCC_GetPCLK2Freq
                0x0000000008002a28       0x20 CMakeFiles/QEALIDARMapping.elf.dir/Drivers/STM32F1xx_HAL_Driver/Src/stm32f1xx_hal_rcc.c.obj
                0x0000000008002a28                HAL_RCC_GetPCLK2Freq
 .text.HAL_RCC_GetClockConfig
                0x0000000008002a48       0x3c CMakeFiles/QEALIDARMapping.elf.dir/Drivers/STM32F1xx_HAL_Driver/Src/stm32f1xx_hal_rcc.c.obj
                0x0000000008002a48                HAL_RCC_GetClockConfig
 .text.TIM_OC1_SetConfig
                0x0000000008002a84       0x68 CMakeFiles/QEALIDARMapping.elf.dir/Drivers/STM32F1xx_HAL_Driver/Src/stm32f1xx_hal_tim.c.obj
 .text.TIM_OC3_SetConfig
                0x0000000008002aec       0x70 CMakeFiles/QEALIDARMapping.elf.dir/Drivers/STM32F1xx_HAL_Driver/Src/stm32f1xx_hal_tim.c.obj
 .text.TIM_OC4_SetConfig
                0x0000000008002b5c       0x50 CMakeFiles/QEALIDARMapping.elf.dir/Drivers/STM32F1xx_HAL_Driver/Src/stm32f1xx_hal_tim.c.obj
 .text.TIM_TI1_ConfigInputStage
                0x0000000008002bac       0x24 CMakeFiles/QEALIDARMapping.elf.dir/Drivers/STM32F1xx_HAL_Driver/Src/stm32f1xx_hal_tim.c.obj
 .text.TIM_TI2_ConfigInputStage
                0x0000000008002bd0       0x26 CMakeFiles/QEALIDARMapping.elf.dir/Drivers/STM32F1xx_HAL_Driver/Src/stm32f1xx_hal_tim.c.obj
 .text.TIM_ITRx_SetConfig
                0x0000000008002bf6       0x10 CMakeFiles/QEALIDARMapping.elf.dir/Drivers/STM32F1xx_HAL_Driver/Src/stm32f1xx_hal_tim.c.obj
 *fill*         0x0000000008002c06        0x2 
 .text.HAL_TIM_Base_Start_IT
                0x0000000008002c08       0x78 CMakeFiles/QEALIDARMapping.elf.dir/Drivers/STM32F1xx_HAL_Driver/Src/stm32f1xx_hal_tim.c.obj
                0x0000000008002c08                HAL_TIM_Base_Start_IT
 .text.HAL_TIM_PWM_MspInit
                0x0000000008002c80        0x2 CMakeFiles/QEALIDARMapping.elf.dir/Drivers/STM32F1xx_HAL_Driver/Src/stm32f1xx_hal_tim.c.obj
                0x0000000008002c80                HAL_TIM_PWM_MspInit
 .text.HAL_TIM_OC_DelayElapsedCallback
                0x0000000008002c82        0x2 CMakeFiles/QEALIDARMapping.elf.dir/Drivers/STM32F1xx_HAL_Driver/Src/stm32f1xx_hal_tim.c.obj
                0x0000000008002c82                HAL_TIM_OC_DelayElapsedCallback
 .text.HAL_TIM_IC_CaptureCallback
                0x0000000008002c84        0x2 CMakeFiles/QEALIDARMapping.elf.dir/Drivers/STM32F1xx_HAL_Driver/Src/stm32f1xx_hal_tim.c.obj
                0x0000000008002c84                HAL_TIM_IC_CaptureCallback
 .text.HAL_TIM_PWM_PulseFinishedCallback
                0x0000000008002c86        0x2 CMakeFiles/QEALIDARMapping.elf.dir/Drivers/STM32F1xx_HAL_Driver/Src/stm32f1xx_hal_tim.c.obj
                0x0000000008002c86                HAL_TIM_PWM_PulseFinishedCallback
 .text.HAL_TIM_TriggerCallback
                0x0000000008002c88        0x2 CMakeFiles/QEALIDARMapping.elf.dir/Drivers/STM32F1xx_HAL_Driver/Src/stm32f1xx_hal_tim.c.obj
                0x0000000008002c88                HAL_TIM_TriggerCallback
 .text.HAL_TIM_IRQHandler
                0x0000000008002c8a      0x17a CMakeFiles/QEALIDARMapping.elf.dir/Drivers/STM32F1xx_HAL_Driver/Src/stm32f1xx_hal_tim.c.obj
                0x0000000008002c8a                HAL_TIM_IRQHandler
 .text.TIM_Base_SetConfig
                0x0000000008002e04       0x98 CMakeFiles/QEALIDARMapping.elf.dir/Drivers/STM32F1xx_HAL_Driver/Src/stm32f1xx_hal_tim.c.obj
                0x0000000008002e04                TIM_Base_SetConfig
 .text.HAL_TIM_Base_Init
                0x0000000008002e9c       0x58 CMakeFiles/QEALIDARMapping.elf.dir/Drivers/STM32F1xx_HAL_Driver/Src/stm32f1xx_hal_tim.c.obj
                0x0000000008002e9c                HAL_TIM_Base_Init
 .text.HAL_TIM_PWM_Init
                0x0000000008002ef4       0x58 CMakeFiles/QEALIDARMapping.elf.dir/Drivers/STM32F1xx_HAL_Driver/Src/stm32f1xx_hal_tim.c.obj
                0x0000000008002ef4                HAL_TIM_PWM_Init
 .text.HAL_TIM_Encoder_Init
                0x0000000008002f4c       0xb8 CMakeFiles/QEALIDARMapping.elf.dir/Drivers/STM32F1xx_HAL_Driver/Src/stm32f1xx_hal_tim.c.obj
                0x0000000008002f4c                HAL_TIM_Encoder_Init
 .text.TIM_OC2_SetConfig
                0x0000000008003004       0x70 CMakeFiles/QEALIDARMapping.elf.dir/Drivers/STM32F1xx_HAL_Driver/Src/stm32f1xx_hal_tim.c.obj
                0x0000000008003004                TIM_OC2_SetConfig
 .text.HAL_TIM_PWM_ConfigChannel
                0x0000000008003074       0xdc CMakeFiles/QEALIDARMapping.elf.dir/Drivers/STM32F1xx_HAL_Driver/Src/stm32f1xx_hal_tim.c.obj
                0x0000000008003074                HAL_TIM_PWM_ConfigChannel
 .text.TIM_ETR_SetConfig
                0x0000000008003150       0x18 CMakeFiles/QEALIDARMapping.elf.dir/Drivers/STM32F1xx_HAL_Driver/Src/stm32f1xx_hal_tim.c.obj
                0x0000000008003150                TIM_ETR_SetConfig
 .text.HAL_TIM_ConfigClockSource
                0x0000000008003168       0xfe CMakeFiles/QEALIDARMapping.elf.dir/Drivers/STM32F1xx_HAL_Driver/Src/stm32f1xx_hal_tim.c.obj
                0x0000000008003168                HAL_TIM_ConfigClockSource
 .text.TIM_CCxChannelCmd
                0x0000000008003266       0x1e CMakeFiles/QEALIDARMapping.elf.dir/Drivers/STM32F1xx_HAL_Driver/Src/stm32f1xx_hal_tim.c.obj
                0x0000000008003266                TIM_CCxChannelCmd
 .text.HAL_TIM_Encoder_Start
                0x0000000008003284       0xcc CMakeFiles/QEALIDARMapping.elf.dir/Drivers/STM32F1xx_HAL_Driver/Src/stm32f1xx_hal_tim.c.obj
                0x0000000008003284                HAL_TIM_Encoder_Start
 .text.HAL_TIMEx_MasterConfigSynchronization
                0x0000000008003350       0x7c CMakeFiles/QEALIDARMapping.elf.dir/Drivers/STM32F1xx_HAL_Driver/Src/stm32f1xx_hal_tim_ex.c.obj
                0x0000000008003350                HAL_TIMEx_MasterConfigSynchronization
 .text.HAL_TIMEx_CommutCallback
                0x00000000080033cc        0x2 CMakeFiles/QEALIDARMapping.elf.dir/Drivers/STM32F1xx_HAL_Driver/Src/stm32f1xx_hal_tim_ex.c.obj
                0x00000000080033cc                HAL_TIMEx_CommutCallback
 .text.HAL_TIMEx_BreakCallback
                0x00000000080033ce        0x2 CMakeFiles/QEALIDARMapping.elf.dir/Drivers/STM32F1xx_HAL_Driver/Src/stm32f1xx_hal_tim_ex.c.obj
                0x00000000080033ce                HAL_TIMEx_BreakCallback
 .text.UART_EndRxTransfer
                0x00000000080033d0       0x5c CMakeFiles/QEALIDARMapping.elf.dir/Drivers/STM32F1xx_HAL_Driver/Src/stm32f1xx_hal_uart.c.obj
 .text.UART_Transmit_IT
                0x000000000800342c       0x60 CMakeFiles/QEALIDARMapping.elf.dir/Drivers/STM32F1xx_HAL_Driver/Src/stm32f1xx_hal_uart.c.obj
 .text.UART_SetConfig
                0x000000000800348c       0x94 CMakeFiles/QEALIDARMapping.elf.dir/Drivers/STM32F1xx_HAL_Driver/Src/stm32f1xx_hal_uart.c.obj
 .text.UART_WaitOnFlagUntilTimeout
                0x0000000008003520       0x88 CMakeFiles/QEALIDARMapping.elf.dir/Drivers/STM32F1xx_HAL_Driver/Src/stm32f1xx_hal_uart.c.obj
 .text.HAL_UART_Init
                0x00000000080035a8       0x60 CMakeFiles/QEALIDARMapping.elf.dir/Drivers/STM32F1xx_HAL_Driver/Src/stm32f1xx_hal_uart.c.obj
                0x00000000080035a8                HAL_UART_Init
 .text.HAL_UART_Transmit
                0x0000000008003608       0xbe CMakeFiles/QEALIDARMapping.elf.dir/Drivers/STM32F1xx_HAL_Driver/Src/stm32f1xx_hal_uart.c.obj
                0x0000000008003608                HAL_UART_Transmit
 .text.HAL_UART_TxCpltCallback
                0x00000000080036c6        0x2 CMakeFiles/QEALIDARMapping.elf.dir/Drivers/STM32F1xx_HAL_Driver/Src/stm32f1xx_hal_uart.c.obj
                0x00000000080036c6                HAL_UART_TxCpltCallback
 .text.UART_EndTransmit_IT
                0x00000000080036c8       0x1a CMakeFiles/QEALIDARMapping.elf.dir/Drivers/STM32F1xx_HAL_Driver/Src/stm32f1xx_hal_uart.c.obj
 .text.HAL_UART_ErrorCallback
                0x00000000080036e2        0x2 CMakeFiles/QEALIDARMapping.elf.dir/Drivers/STM32F1xx_HAL_Driver/Src/stm32f1xx_hal_uart.c.obj
                0x00000000080036e2                HAL_UART_ErrorCallback
 .text.UART_DMAAbortOnError
                0x00000000080036e4       0x10 CMakeFiles/QEALIDARMapping.elf.dir/Drivers/STM32F1xx_HAL_Driver/Src/stm32f1xx_hal_uart.c.obj
 .text.HAL_UARTEx_RxEventCallback
                0x00000000080036f4        0x2 CMakeFiles/QEALIDARMapping.elf.dir/Drivers/STM32F1xx_HAL_Driver/Src/stm32f1xx_hal_uart.c.obj
                0x00000000080036f4                HAL_UARTEx_RxEventCallback
 .text.UART_Receive_IT
                0x00000000080036f6       0xe6 CMakeFiles/QEALIDARMapping.elf.dir/Drivers/STM32F1xx_HAL_Driver/Src/stm32f1xx_hal_uart.c.obj
 .text.HAL_UART_IRQHandler
                0x00000000080037dc      0x288 CMakeFiles/QEALIDARMapping.elf.dir/Drivers/STM32F1xx_HAL_Driver/Src/stm32f1xx_hal_uart.c.obj
                0x00000000080037dc                HAL_UART_IRQHandler
 .text.UART_Start_Receive_IT
                0x0000000008003a64       0x36 CMakeFiles/QEALIDARMapping.elf.dir/Drivers/STM32F1xx_HAL_Driver/Src/stm32f1xx_hal_uart.c.obj
                0x0000000008003a64                UART_Start_Receive_IT
 .text.HAL_UART_Receive_IT
                0x0000000008003a9a       0x26 CMakeFiles/QEALIDARMapping.elf.dir/Drivers/STM32F1xx_HAL_Driver/Src/stm32f1xx_hal_uart.c.obj
                0x0000000008003a9a                HAL_UART_Receive_IT
 .text.osKernelInitialize
                0x0000000008003ac0       0x44 CMakeFiles/QEALIDARMapping.elf.dir/Middlewares/Third_Party/FreeRTOS/Source/CMSIS_RTOS_V2/cmsis_os2.c.obj
                0x0000000008003ac0                osKernelInitialize
 .text.osKernelStart
                0x0000000008003b04       0x4c CMakeFiles/QEALIDARMapping.elf.dir/Middlewares/Third_Party/FreeRTOS/Source/CMSIS_RTOS_V2/cmsis_os2.c.obj
                0x0000000008003b04                osKernelStart
 .text.osThreadNew
                0x0000000008003b50       0xec CMakeFiles/QEALIDARMapping.elf.dir/Middlewares/Third_Party/FreeRTOS/Source/CMSIS_RTOS_V2/cmsis_os2.c.obj
                0x0000000008003b50                osThreadNew
 .text.osDelay  0x0000000008003c3c       0x44 CMakeFiles/QEALIDARMapping.elf.dir/Middlewares/Third_Party/FreeRTOS/Source/CMSIS_RTOS_V2/cmsis_os2.c.obj
                0x0000000008003c3c                osDelay
 .text.osMutexNew
                0x0000000008003c80       0xbc CMakeFiles/QEALIDARMapping.elf.dir/Middlewares/Third_Party/FreeRTOS/Source/CMSIS_RTOS_V2/cmsis_os2.c.obj
                0x0000000008003c80                osMutexNew
 .text.vApplicationGetIdleTaskMemory
                0x0000000008003d3c       0x18 CMakeFiles/QEALIDARMapping.elf.dir/Middlewares/Third_Party/FreeRTOS/Source/CMSIS_RTOS_V2/cmsis_os2.c.obj
                0x0000000008003d3c                vApplicationGetIdleTaskMemory
 .text.vApplicationGetTimerTaskMemory
                0x0000000008003d54       0x18 CMakeFiles/QEALIDARMapping.elf.dir/Middlewares/Third_Party/FreeRTOS/Source/CMSIS_RTOS_V2/cmsis_os2.c.obj
                0x0000000008003d54                vApplicationGetTimerTaskMemory
 .text.vListInitialise
                0x0000000008003d6c       0x16 CMakeFiles/QEALIDARMapping.elf.dir/Middlewares/Third_Party/FreeRTOS/Source/list.c.obj
                0x0000000008003d6c                vListInitialise
 .text.vListInitialiseItem
                0x0000000008003d82        0x6 CMakeFiles/QEALIDARMapping.elf.dir/Middlewares/Third_Party/FreeRTOS/Source/list.c.obj
                0x0000000008003d82                vListInitialiseItem
 .text.vListInsertEnd
                0x0000000008003d88       0x16 CMakeFiles/QEALIDARMapping.elf.dir/Middlewares/Third_Party/FreeRTOS/Source/list.c.obj
                0x0000000008003d88                vListInsertEnd
 .text.vListInsert
                0x0000000008003d9e       0x32 CMakeFiles/QEALIDARMapping.elf.dir/Middlewares/Third_Party/FreeRTOS/Source/list.c.obj
                0x0000000008003d9e                vListInsert
 .text.uxListRemove
                0x0000000008003dd0       0x26 CMakeFiles/QEALIDARMapping.elf.dir/Middlewares/Third_Party/FreeRTOS/Source/list.c.obj
                0x0000000008003dd0                uxListRemove
 *fill*         0x0000000008003df6        0x2 
 .text.prvTaskExitError
                0x0000000008003df8       0x40 CMakeFiles/QEALIDARMapping.elf.dir/Middlewares/Third_Party/FreeRTOS/Source/portable/GCC/ARM_CM3/port.c.obj
 .text.prvPortStartFirstTask
                0x0000000008003e38       0x20 CMakeFiles/QEALIDARMapping.elf.dir/Middlewares/Third_Party/FreeRTOS/Source/portable/GCC/ARM_CM3/port.c.obj
 .text.pxPortInitialiseStack
                0x0000000008003e58       0x24 CMakeFiles/QEALIDARMapping.elf.dir/Middlewares/Third_Party/FreeRTOS/Source/portable/GCC/ARM_CM3/port.c.obj
                0x0000000008003e58                pxPortInitialiseStack
 *fill*         0x0000000008003e7c        0x4 
 .text.SVC_Handler
                0x0000000008003e80       0x24 CMakeFiles/QEALIDARMapping.elf.dir/Middlewares/Third_Party/FreeRTOS/Source/portable/GCC/ARM_CM3/port.c.obj
                0x0000000008003e80                SVC_Handler
 .text.vPortEnterCritical
                0x0000000008003ea4       0x44 CMakeFiles/QEALIDARMapping.elf.dir/Middlewares/Third_Party/FreeRTOS/Source/portable/GCC/ARM_CM3/port.c.obj
                0x0000000008003ea4                vPortEnterCritical
 .text.vPortExitCritical
                0x0000000008003ee8       0x2c CMakeFiles/QEALIDARMapping.elf.dir/Middlewares/Third_Party/FreeRTOS/Source/portable/GCC/ARM_CM3/port.c.obj
                0x0000000008003ee8                vPortExitCritical
 *fill*         0x0000000008003f14        0xc 
 .text.PendSV_Handler
                0x0000000008003f20       0x44 CMakeFiles/QEALIDARMapping.elf.dir/Middlewares/Third_Party/FreeRTOS/Source/portable/GCC/ARM_CM3/port.c.obj
                0x0000000008003f20                PendSV_Handler
 .text.SysTick_Handler
                0x0000000008003f64       0x2c CMakeFiles/QEALIDARMapping.elf.dir/Middlewares/Third_Party/FreeRTOS/Source/portable/GCC/ARM_CM3/port.c.obj
                0x0000000008003f64                SysTick_Handler
 .text.vPortSetupTimerInterrupt
                0x0000000008003f90       0x28 CMakeFiles/QEALIDARMapping.elf.dir/Middlewares/Third_Party/FreeRTOS/Source/portable/GCC/ARM_CM3/port.c.obj
                0x0000000008003f90                vPortSetupTimerInterrupt
 .text.xPortStartScheduler
                0x0000000008003fb8       0xc0 CMakeFiles/QEALIDARMapping.elf.dir/Middlewares/Third_Party/FreeRTOS/Source/portable/GCC/ARM_CM3/port.c.obj
                0x0000000008003fb8                xPortStartScheduler
 .text.vPortValidateInterruptPriority
                0x0000000008004078       0x5c CMakeFiles/QEALIDARMapping.elf.dir/Middlewares/Third_Party/FreeRTOS/Source/portable/GCC/ARM_CM3/port.c.obj
                0x0000000008004078                vPortValidateInterruptPriority
 .text.prvHeapInit
                0x00000000080040d4       0x64 CMakeFiles/QEALIDARMapping.elf.dir/Middlewares/Third_Party/FreeRTOS/Source/portable/MemMang/heap_4.c.obj
 .text.prvInsertBlockIntoFreeList
                0x0000000008004138       0x60 CMakeFiles/QEALIDARMapping.elf.dir/Middlewares/Third_Party/FreeRTOS/Source/portable/MemMang/heap_4.c.obj
 .text.pvPortMalloc
                0x0000000008004198       0xf0 CMakeFiles/QEALIDARMapping.elf.dir/Middlewares/Third_Party/FreeRTOS/Source/portable/MemMang/heap_4.c.obj
                0x0000000008004198                pvPortMalloc
 .text.vPortFree
                0x0000000008004288       0x70 CMakeFiles/QEALIDARMapping.elf.dir/Middlewares/Third_Party/FreeRTOS/Source/portable/MemMang/heap_4.c.obj
                0x0000000008004288                vPortFree
 .text.prvGetDisinheritPriorityAfterTimeout
                0x00000000080042f8       0x10 CMakeFiles/QEALIDARMapping.elf.dir/Middlewares/Third_Party/FreeRTOS/Source/queue.c.obj
 .text.prvIsQueueFull
                0x0000000008004308       0x1e CMakeFiles/QEALIDARMapping.elf.dir/Middlewares/Third_Party/FreeRTOS/Source/queue.c.obj
 .text.prvIsQueueEmpty
                0x0000000008004326       0x1a CMakeFiles/QEALIDARMapping.elf.dir/Middlewares/Third_Party/FreeRTOS/Source/queue.c.obj
 .text.prvCopyDataToQueue
                0x0000000008004340       0x76 CMakeFiles/QEALIDARMapping.elf.dir/Middlewares/Third_Party/FreeRTOS/Source/queue.c.obj
 .text.prvCopyDataFromQueue
                0x00000000080043b6       0x24 CMakeFiles/QEALIDARMapping.elf.dir/Middlewares/Third_Party/FreeRTOS/Source/queue.c.obj
 .text.prvUnlockQueue
                0x00000000080043da       0x6e CMakeFiles/QEALIDARMapping.elf.dir/Middlewares/Third_Party/FreeRTOS/Source/queue.c.obj
 .text.xQueueGenericReset
                0x0000000008004448       0x84 CMakeFiles/QEALIDARMapping.elf.dir/Middlewares/Third_Party/FreeRTOS/Source/queue.c.obj
                0x0000000008004448                xQueueGenericReset
 .text.prvInitialiseNewQueue
                0x00000000080044cc       0x22 CMakeFiles/QEALIDARMapping.elf.dir/Middlewares/Third_Party/FreeRTOS/Source/queue.c.obj
 .text.xQueueGenericCreateStatic
                0x00000000080044ee       0x92 CMakeFiles/QEALIDARMapping.elf.dir/Middlewares/Third_Party/FreeRTOS/Source/queue.c.obj
                0x00000000080044ee                xQueueGenericCreateStatic
 .text.xQueueGenericCreate
                0x0000000008004580       0x4e CMakeFiles/QEALIDARMapping.elf.dir/Middlewares/Third_Party/FreeRTOS/Source/queue.c.obj
                0x0000000008004580                xQueueGenericCreate
 .text.xQueueGenericSend
                0x00000000080045ce      0x188 CMakeFiles/QEALIDARMapping.elf.dir/Middlewares/Third_Party/FreeRTOS/Source/queue.c.obj
                0x00000000080045ce                xQueueGenericSend
 .text.prvInitialiseMutex
                0x0000000008004756       0x18 CMakeFiles/QEALIDARMapping.elf.dir/Middlewares/Third_Party/FreeRTOS/Source/queue.c.obj
 .text.xQueueCreateMutex
                0x000000000800476e       0x16 CMakeFiles/QEALIDARMapping.elf.dir/Middlewares/Third_Party/FreeRTOS/Source/queue.c.obj
                0x000000000800476e                xQueueCreateMutex
 .text.xQueueCreateMutexStatic
                0x0000000008004784       0x1e CMakeFiles/QEALIDARMapping.elf.dir/Middlewares/Third_Party/FreeRTOS/Source/queue.c.obj
                0x0000000008004784                xQueueCreateMutexStatic
 .text.xQueueGenericSendFromISR
                0x00000000080047a2       0xcc CMakeFiles/QEALIDARMapping.elf.dir/Middlewares/Third_Party/FreeRTOS/Source/queue.c.obj
                0x00000000080047a2                xQueueGenericSendFromISR
 .text.xQueueReceive
                0x000000000800486e      0x15e CMakeFiles/QEALIDARMapping.elf.dir/Middlewares/Third_Party/FreeRTOS/Source/queue.c.obj
                0x000000000800486e                xQueueReceive
 .text.xQueueSemaphoreTake
                0x00000000080049cc      0x1a6 CMakeFiles/QEALIDARMapping.elf.dir/Middlewares/Third_Party/FreeRTOS/Source/queue.c.obj
                0x00000000080049cc                xQueueSemaphoreTake
 *fill*         0x0000000008004b72        0x2 
 .text.vQueueAddToRegistry
                0x0000000008004b74       0x28 CMakeFiles/QEALIDARMapping.elf.dir/Middlewares/Third_Party/FreeRTOS/Source/queue.c.obj
                0x0000000008004b74                vQueueAddToRegistry
 .text.vQueueWaitForMessageRestricted
                0x0000000008004b9c       0x52 CMakeFiles/QEALIDARMapping.elf.dir/Middlewares/Third_Party/FreeRTOS/Source/queue.c.obj
                0x0000000008004b9c                vQueueWaitForMessageRestricted
 *fill*         0x0000000008004bee        0x2 
 .text.prvResetNextTaskUnblockTime
                0x0000000008004bf0       0x2c CMakeFiles/QEALIDARMapping.elf.dir/Middlewares/Third_Party/FreeRTOS/Source/tasks.c.obj
 .text.prvInitialiseNewTask
                0x0000000008004c1c       0x9c CMakeFiles/QEALIDARMapping.elf.dir/Middlewares/Third_Party/FreeRTOS/Source/tasks.c.obj
 .text.prvInitialiseTaskLists
                0x0000000008004cb8       0x68 CMakeFiles/QEALIDARMapping.elf.dir/Middlewares/Third_Party/FreeRTOS/Source/tasks.c.obj
 .text.prvAddNewTaskToReadyList
                0x0000000008004d20       0xac CMakeFiles/QEALIDARMapping.elf.dir/Middlewares/Third_Party/FreeRTOS/Source/tasks.c.obj
 .text.prvDeleteTCB
                0x0000000008004dcc       0x38 CMakeFiles/QEALIDARMapping.elf.dir/Middlewares/Third_Party/FreeRTOS/Source/tasks.c.obj
 .text.prvCheckTasksWaitingTermination
                0x0000000008004e04       0x4c CMakeFiles/QEALIDARMapping.elf.dir/Middlewares/Third_Party/FreeRTOS/Source/tasks.c.obj
 .text.prvIdleTask
                0x0000000008004e50       0x28 CMakeFiles/QEALIDARMapping.elf.dir/Middlewares/Third_Party/FreeRTOS/Source/tasks.c.obj
 .text.prvAddCurrentTaskToDelayedList
                0x0000000008004e78       0x7c CMakeFiles/QEALIDARMapping.elf.dir/Middlewares/Third_Party/FreeRTOS/Source/tasks.c.obj
 .text.xTaskCreateStatic
                0x0000000008004ef4       0x74 CMakeFiles/QEALIDARMapping.elf.dir/Middlewares/Third_Party/FreeRTOS/Source/tasks.c.obj
                0x0000000008004ef4                xTaskCreateStatic
 .text.xTaskCreate
                0x0000000008004f68       0x68 CMakeFiles/QEALIDARMapping.elf.dir/Middlewares/Third_Party/FreeRTOS/Source/tasks.c.obj
                0x0000000008004f68                xTaskCreate
 .text.vTaskStartScheduler
                0x0000000008004fd0       0x9c CMakeFiles/QEALIDARMapping.elf.dir/Middlewares/Third_Party/FreeRTOS/Source/tasks.c.obj
                0x0000000008004fd0                vTaskStartScheduler
 .text.vTaskSuspendAll
                0x000000000800506c       0x10 CMakeFiles/QEALIDARMapping.elf.dir/Middlewares/Third_Party/FreeRTOS/Source/tasks.c.obj
                0x000000000800506c                vTaskSuspendAll
 .text.xTaskGetTickCount
                0x000000000800507c        0xc CMakeFiles/QEALIDARMapping.elf.dir/Middlewares/Third_Party/FreeRTOS/Source/tasks.c.obj
                0x000000000800507c                xTaskGetTickCount
 .text.xTaskIncrementTick
                0x0000000008005088      0x118 CMakeFiles/QEALIDARMapping.elf.dir/Middlewares/Third_Party/FreeRTOS/Source/tasks.c.obj
                0x0000000008005088                xTaskIncrementTick
 .text.xTaskResumeAll
                0x00000000080051a0       0xf8 CMakeFiles/QEALIDARMapping.elf.dir/Middlewares/Third_Party/FreeRTOS/Source/tasks.c.obj
                0x00000000080051a0                xTaskResumeAll
 .text.vTaskDelay
                0x0000000008005298       0x4c CMakeFiles/QEALIDARMapping.elf.dir/Middlewares/Third_Party/FreeRTOS/Source/tasks.c.obj
                0x0000000008005298                vTaskDelay
 .text.vTaskSwitchContext
                0x00000000080052e4       0x94 CMakeFiles/QEALIDARMapping.elf.dir/Middlewares/Third_Party/FreeRTOS/Source/tasks.c.obj
                0x00000000080052e4                vTaskSwitchContext
 .text.vTaskPlaceOnEventList
                0x0000000008005378       0x30 CMakeFiles/QEALIDARMapping.elf.dir/Middlewares/Third_Party/FreeRTOS/Source/tasks.c.obj
                0x0000000008005378                vTaskPlaceOnEventList
 .text.vTaskPlaceOnEventListRestricted
                0x00000000080053a8       0x38 CMakeFiles/QEALIDARMapping.elf.dir/Middlewares/Third_Party/FreeRTOS/Source/tasks.c.obj
                0x00000000080053a8                vTaskPlaceOnEventListRestricted
 .text.xTaskRemoveFromEventList
                0x00000000080053e0       0x8c CMakeFiles/QEALIDARMapping.elf.dir/Middlewares/Third_Party/FreeRTOS/Source/tasks.c.obj
                0x00000000080053e0                xTaskRemoveFromEventList
 .text.vTaskInternalSetTimeOutState
                0x000000000800546c       0x18 CMakeFiles/QEALIDARMapping.elf.dir/Middlewares/Third_Party/FreeRTOS/Source/tasks.c.obj
                0x000000000800546c                vTaskInternalSetTimeOutState
 .text.xTaskCheckForTimeOut
                0x0000000008005484       0x84 CMakeFiles/QEALIDARMapping.elf.dir/Middlewares/Third_Party/FreeRTOS/Source/tasks.c.obj
                0x0000000008005484                xTaskCheckForTimeOut
 .text.vTaskMissedYield
                0x0000000008005508        0xc CMakeFiles/QEALIDARMapping.elf.dir/Middlewares/Third_Party/FreeRTOS/Source/tasks.c.obj
                0x0000000008005508                vTaskMissedYield
 .text.xTaskGetCurrentTaskHandle
                0x0000000008005514        0xc CMakeFiles/QEALIDARMapping.elf.dir/Middlewares/Third_Party/FreeRTOS/Source/tasks.c.obj
                0x0000000008005514                xTaskGetCurrentTaskHandle
 .text.xTaskGetSchedulerState
                0x0000000008005520       0x20 CMakeFiles/QEALIDARMapping.elf.dir/Middlewares/Third_Party/FreeRTOS/Source/tasks.c.obj
                0x0000000008005520                xTaskGetSchedulerState
 .text.xTaskPriorityInherit
                0x0000000008005540       0x98 CMakeFiles/QEALIDARMapping.elf.dir/Middlewares/Third_Party/FreeRTOS/Source/tasks.c.obj
                0x0000000008005540                xTaskPriorityInherit
 .text.xTaskPriorityDisinherit
                0x00000000080055d8       0x90 CMakeFiles/QEALIDARMapping.elf.dir/Middlewares/Third_Party/FreeRTOS/Source/tasks.c.obj
                0x00000000080055d8                xTaskPriorityDisinherit
 .text.vTaskPriorityDisinheritAfterTimeout
                0x0000000008005668       0xa0 CMakeFiles/QEALIDARMapping.elf.dir/Middlewares/Third_Party/FreeRTOS/Source/tasks.c.obj
                0x0000000008005668                vTaskPriorityDisinheritAfterTimeout
 .text.pvTaskIncrementMutexHeldCount
                0x0000000008005708       0x1c CMakeFiles/QEALIDARMapping.elf.dir/Middlewares/Third_Party/FreeRTOS/Source/tasks.c.obj
                0x0000000008005708                pvTaskIncrementMutexHeldCount
 .text.xTaskNotifyWait
                0x0000000008005724       0x98 CMakeFiles/QEALIDARMapping.elf.dir/Middlewares/Third_Party/FreeRTOS/Source/tasks.c.obj
                0x0000000008005724                xTaskNotifyWait
 .text.xTaskGenericNotifyFromISR
                0x00000000080057bc      0x118 CMakeFiles/QEALIDARMapping.elf.dir/Middlewares/Third_Party/FreeRTOS/Source/tasks.c.obj
                0x00000000080057bc                xTaskGenericNotifyFromISR
 .text.prvGetNextExpireTime
                0x00000000080058d4       0x20 CMakeFiles/QEALIDARMapping.elf.dir/Middlewares/Third_Party/FreeRTOS/Source/timers.c.obj
 .text.prvInsertTimerInActiveList
                0x00000000080058f4       0x48 CMakeFiles/QEALIDARMapping.elf.dir/Middlewares/Third_Party/FreeRTOS/Source/timers.c.obj
 .text.prvCheckForValidListAndQueue
                0x000000000800593c       0x70 CMakeFiles/QEALIDARMapping.elf.dir/Middlewares/Third_Party/FreeRTOS/Source/timers.c.obj
 .text.xTimerCreateTimerTask
                0x00000000080059ac       0x64 CMakeFiles/QEALIDARMapping.elf.dir/Middlewares/Third_Party/FreeRTOS/Source/timers.c.obj
                0x00000000080059ac                xTimerCreateTimerTask
 .text.xTimerGenericCommand
                0x0000000008005a10       0x6c CMakeFiles/QEALIDARMapping.elf.dir/Middlewares/Third_Party/FreeRTOS/Source/timers.c.obj
                0x0000000008005a10                xTimerGenericCommand
 .text.prvSwitchTimerLists
                0x0000000008005a7c       0x78 CMakeFiles/QEALIDARMapping.elf.dir/Middlewares/Third_Party/FreeRTOS/Source/timers.c.obj
 .text.prvSampleTimeNow
                0x0000000008005af4       0x2c CMakeFiles/QEALIDARMapping.elf.dir/Middlewares/Third_Party/FreeRTOS/Source/timers.c.obj
 .text.prvProcessExpiredTimer
                0x0000000008005b20       0x60 CMakeFiles/QEALIDARMapping.elf.dir/Middlewares/Third_Party/FreeRTOS/Source/timers.c.obj
 .text.prvProcessTimerOrBlockTask
                0x0000000008005b80       0x74 CMakeFiles/QEALIDARMapping.elf.dir/Middlewares/Third_Party/FreeRTOS/Source/timers.c.obj
 .text.prvProcessReceivedCommands
                0x0000000008005bf4       0xf8 CMakeFiles/QEALIDARMapping.elf.dir/Middlewares/Third_Party/FreeRTOS/Source/timers.c.obj
 .text.prvTimerTask
                0x0000000008005cec       0x16 CMakeFiles/QEALIDARMapping.elf.dir/Middlewares/Third_Party/FreeRTOS/Source/timers.c.obj
 *fill*         0x0000000008005d02        0x2 
 .text.__errno  0x0000000008005d04        0xc /Applications/ARM/bin/../lib/gcc/arm-none-eabi/10.3.1/../../../../arm-none-eabi/lib/thumb/v7-m/nofp/libg.a(lib_a-errno.o)
                0x0000000008005d04                __errno
 .text.__libc_init_array
                0x0000000008005d10       0x48 /Applications/ARM/bin/../lib/gcc/arm-none-eabi/10.3.1/../../../../arm-none-eabi/lib/thumb/v7-m/nofp/libg.a(lib_a-init.o)
                0x0000000008005d10                __libc_init_array
 .text.memset   0x0000000008005d58       0xa4 /Applications/ARM/bin/../lib/gcc/arm-none-eabi/10.3.1/../../../../arm-none-eabi/lib/thumb/v7-m/nofp/libg.a(lib_a-memset.o)
                0x0000000008005d58                memset
 .text.snprintf
                0x0000000008005dfc       0x84 /Applications/ARM/bin/../lib/gcc/arm-none-eabi/10.3.1/../../../../arm-none-eabi/lib/thumb/v7-m/nofp/libg.a(lib_a-snprintf.o)
                0x0000000008005dfc                snprintf
 .text.strlen   0x0000000008005e80       0x5c /Applications/ARM/bin/../lib/gcc/arm-none-eabi/10.3.1/../../../../arm-none-eabi/lib/thumb/v7-m/nofp/libg.a(lib_a-strlen-stub.o)
                0x0000000008005e80                strlen
 .text._svfprintf_r
                0x0000000008005edc     0x1aa4 /Applications/ARM/bin/../lib/gcc/arm-none-eabi/10.3.1/../../../../arm-none-eabi/lib/thumb/v7-m/nofp/libg.a(lib_a-svfprintf.o)
                0x0000000008005edc                _svfprintf_r
 .text.startup.register_fini
                0x0000000008007980       0x14 /Applications/ARM/bin/../lib/gcc/arm-none-eabi/10.3.1/../../../../arm-none-eabi/lib/thumb/v7-m/nofp/libg.a(lib_a-__call_atexit.o)
 .text.atexit   0x0000000008007994        0xc /Applications/ARM/bin/../lib/gcc/arm-none-eabi/10.3.1/../../../../arm-none-eabi/lib/thumb/v7-m/nofp/libg.a(lib_a-atexit.o)
                0x0000000008007994                atexit
 .text.quorem   0x00000000080079a0      0x12c /Applications/ARM/bin/../lib/gcc/arm-none-eabi/10.3.1/../../../../arm-none-eabi/lib/thumb/v7-m/nofp/libg.a(lib_a-dtoa.o)
 *fill*         0x0000000008007acc        0x4 
 .text._dtoa_r  0x0000000008007ad0      0xecc /Applications/ARM/bin/../lib/gcc/arm-none-eabi/10.3.1/../../../../arm-none-eabi/lib/thumb/v7-m/nofp/libg.a(lib_a-dtoa.o)
                0x0000000008007ad0                _dtoa_r
 .text.__libc_fini_array
                0x000000000800899c       0x2c /Applications/ARM/bin/../lib/gcc/arm-none-eabi/10.3.1/../../../../arm-none-eabi/lib/thumb/v7-m/nofp/libg.a(lib_a-fini.o)
                0x000000000800899c                __libc_fini_array
 .text._malloc_trim_r
                0x00000000080089c8       0xa0 /Applications/ARM/bin/../lib/gcc/arm-none-eabi/10.3.1/../../../../arm-none-eabi/lib/thumb/v7-m/nofp/libg.a(lib_a-freer.o)
                0x00000000080089c8                _malloc_trim_r
 .text._free_r  0x0000000008008a68      0x200 /Applications/ARM/bin/../lib/gcc/arm-none-eabi/10.3.1/../../../../arm-none-eabi/lib/thumb/v7-m/nofp/libg.a(lib_a-freer.o)
                0x0000000008008a68                _free_r
 .text._localeconv_r
                0x0000000008008c68        0x8 /Applications/ARM/bin/../lib/gcc/arm-none-eabi/10.3.1/../../../../arm-none-eabi/lib/thumb/v7-m/nofp/libg.a(lib_a-localeconv.o)
                0x0000000008008c68                _localeconv_r
 .text.__retarget_lock_init_recursive
                0x0000000008008c70        0x4 /Applications/ARM/bin/../lib/gcc/arm-none-eabi/10.3.1/../../../../arm-none-eabi/lib/thumb/v7-m/nofp/libg.a(lib_a-lock.o)
                0x0000000008008c70                __retarget_lock_init_recursive
 .text.__retarget_lock_close_recursive
                0x0000000008008c74        0x4 /Applications/ARM/bin/../lib/gcc/arm-none-eabi/10.3.1/../../../../arm-none-eabi/lib/thumb/v7-m/nofp/libg.a(lib_a-lock.o)
                0x0000000008008c74                __retarget_lock_close_recursive
 .text.__retarget_lock_acquire_recursive
                0x0000000008008c78        0x4 /Applications/ARM/bin/../lib/gcc/arm-none-eabi/10.3.1/../../../../arm-none-eabi/lib/thumb/v7-m/nofp/libg.a(lib_a-lock.o)
                0x0000000008008c78                __retarget_lock_acquire_recursive
 .text.__retarget_lock_release_recursive
                0x0000000008008c7c        0x4 /Applications/ARM/bin/../lib/gcc/arm-none-eabi/10.3.1/../../../../arm-none-eabi/lib/thumb/v7-m/nofp/libg.a(lib_a-lock.o)
                0x0000000008008c7c                __retarget_lock_release_recursive
 .text._malloc_r
                0x0000000008008c80      0x558 /Applications/ARM/bin/../lib/gcc/arm-none-eabi/10.3.1/../../../../arm-none-eabi/lib/thumb/v7-m/nofp/libg.a(lib_a-mallocr.o)
                0x0000000008008c80                _malloc_r
 .text.memchr   0x00000000080091d8       0x90 /Applications/ARM/bin/../lib/gcc/arm-none-eabi/10.3.1/../../../../arm-none-eabi/lib/thumb/v7-m/nofp/libg.a(lib_a-memchr-stub.o)
                0x00000000080091d8                memchr
 .text.__malloc_lock
                0x0000000008009268        0xc /Applications/ARM/bin/../lib/gcc/arm-none-eabi/10.3.1/../../../../arm-none-eabi/lib/thumb/v7-m/nofp/libg.a(lib_a-mlock.o)
                0x0000000008009268                __malloc_lock
 .text.__malloc_unlock
                0x0000000008009274        0xc /Applications/ARM/bin/../lib/gcc/arm-none-eabi/10.3.1/../../../../arm-none-eabi/lib/thumb/v7-m/nofp/libg.a(lib_a-mlock.o)
                0x0000000008009274                __malloc_unlock
 .text._Balloc  0x0000000008009280       0x4c /Applications/ARM/bin/../lib/gcc/arm-none-eabi/10.3.1/../../../../arm-none-eabi/lib/thumb/v7-m/nofp/libg.a(lib_a-mprec.o)
                0x0000000008009280                _Balloc
 .text._Bfree   0x00000000080092cc       0x14 /Applications/ARM/bin/../lib/gcc/arm-none-eabi/10.3.1/../../../../arm-none-eabi/lib/thumb/v7-m/nofp/libg.a(lib_a-mprec.o)
                0x00000000080092cc                _Bfree
 .text.__multadd
                0x00000000080092e0       0xa4 /Applications/ARM/bin/../lib/gcc/arm-none-eabi/10.3.1/../../../../arm-none-eabi/lib/thumb/v7-m/nofp/libg.a(lib_a-mprec.o)
                0x00000000080092e0                __multadd
 .text.__hi0bits
                0x0000000008009384       0x40 /Applications/ARM/bin/../lib/gcc/arm-none-eabi/10.3.1/../../../../arm-none-eabi/lib/thumb/v7-m/nofp/libg.a(lib_a-mprec.o)
                0x0000000008009384                __hi0bits
 .text.__lo0bits
                0x00000000080093c4       0x58 /Applications/ARM/bin/../lib/gcc/arm-none-eabi/10.3.1/../../../../arm-none-eabi/lib/thumb/v7-m/nofp/libg.a(lib_a-mprec.o)
                0x00000000080093c4                __lo0bits
 .text.__i2b    0x000000000800941c       0x5c /Applications/ARM/bin/../lib/gcc/arm-none-eabi/10.3.1/../../../../arm-none-eabi/lib/thumb/v7-m/nofp/libg.a(lib_a-mprec.o)
                0x000000000800941c                __i2b
 .text.__multiply
                0x0000000008009478      0x15c /Applications/ARM/bin/../lib/gcc/arm-none-eabi/10.3.1/../../../../arm-none-eabi/lib/thumb/v7-m/nofp/libg.a(lib_a-mprec.o)
                0x0000000008009478                __multiply
 .text.__pow5mult
                0x00000000080095d4       0xb8 /Applications/ARM/bin/../lib/gcc/arm-none-eabi/10.3.1/../../../../arm-none-eabi/lib/thumb/v7-m/nofp/libg.a(lib_a-mprec.o)
                0x00000000080095d4                __pow5mult
 .text.__lshift
                0x000000000800968c       0xec /Applications/ARM/bin/../lib/gcc/arm-none-eabi/10.3.1/../../../../arm-none-eabi/lib/thumb/v7-m/nofp/libg.a(lib_a-mprec.o)
                0x000000000800968c                __lshift
 .text.__mcmp   0x0000000008009778       0x40 /Applications/ARM/bin/../lib/gcc/arm-none-eabi/10.3.1/../../../../arm-none-eabi/lib/thumb/v7-m/nofp/libg.a(lib_a-mprec.o)
                0x0000000008009778                __mcmp
 .text.__mdiff  0x00000000080097b8      0x14c /Applications/ARM/bin/../lib/gcc/arm-none-eabi/10.3.1/../../../../arm-none-eabi/lib/thumb/v7-m/nofp/libg.a(lib_a-mprec.o)
                0x00000000080097b8                __mdiff
 .text.__d2b    0x0000000008009904       0xc4 /Applications/ARM/bin/../lib/gcc/arm-none-eabi/10.3.1/../../../../arm-none-eabi/lib/thumb/v7-m/nofp/libg.a(lib_a-mprec.o)
                0x0000000008009904                __d2b
 .text.frexp    0x00000000080099c8       0x70 /Applications/ARM/bin/../lib/gcc/arm-none-eabi/10.3.1/../../../../arm-none-eabi/lib/thumb/v7-m/nofp/libg.a(lib_a-s_frexp.o)
                0x00000000080099c8                frexp
 .text._sbrk_r  0x0000000008009a38       0x24 /Applications/ARM/bin/../lib/gcc/arm-none-eabi/10.3.1/../../../../arm-none-eabi/lib/thumb/v7-m/nofp/libg.a(lib_a-sbrkr.o)
                0x0000000008009a38                _sbrk_r
 .text.strncpy  0x0000000008009a5c       0x68 /Applications/ARM/bin/../lib/gcc/arm-none-eabi/10.3.1/../../../../arm-none-eabi/lib/thumb/v7-m/nofp/libg.a(lib_a-strncpy.o)
                0x0000000008009a5c                strncpy
 .text.__ssprint_r
                0x0000000008009ac4       0xfc /Applications/ARM/bin/../lib/gcc/arm-none-eabi/10.3.1/../../../../arm-none-eabi/lib/thumb/v7-m/nofp/libg.a(lib_a-svfiprintf.o)
                0x0000000008009ac4                __ssprint_r
 .text.__register_exitproc
                0x0000000008009bc0       0x8c /Applications/ARM/bin/../lib/gcc/arm-none-eabi/10.3.1/../../../../arm-none-eabi/lib/thumb/v7-m/nofp/libg.a(lib_a-__atexit.o)
                0x0000000008009bc0                __register_exitproc
 .text.__assert_func
                0x0000000008009c4c       0x40 /Applications/ARM/bin/../lib/gcc/arm-none-eabi/10.3.1/../../../../arm-none-eabi/lib/thumb/v7-m/nofp/libg.a(lib_a-assert.o)
                0x0000000008009c4c                __assert_func
 .text._calloc_r
                0x0000000008009c8c       0x78 /Applications/ARM/bin/../lib/gcc/arm-none-eabi/10.3.1/../../../../arm-none-eabi/lib/thumb/v7-m/nofp/libg.a(lib_a-callocr.o)
                0x0000000008009c8c                _calloc_r
 .text.fiprintf
                0x0000000008009d04       0x28 /Applications/ARM/bin/../lib/gcc/arm-none-eabi/10.3.1/../../../../arm-none-eabi/lib/thumb/v7-m/nofp/libg.a(lib_a-fiprintf.o)
                0x0000000008009d04                fiprintf
 .text.__locale_mb_cur_max
                0x0000000008009d2c        0xc /Applications/ARM/bin/../lib/gcc/arm-none-eabi/10.3.1/../../../../arm-none-eabi/lib/thumb/v7-m/nofp/libg.a(lib_a-locale.o)
                0x0000000008009d2c                __locale_mb_cur_max
 .text.__ascii_mbtowc
                0x0000000008009d38       0x2c /Applications/ARM/bin/../lib/gcc/arm-none-eabi/10.3.1/../../../../arm-none-eabi/lib/thumb/v7-m/nofp/libg.a(lib_a-mbtowc_r.o)
                0x0000000008009d38                __ascii_mbtowc
 .text.memmove  0x0000000008009d64       0xf8 /Applications/ARM/bin/../lib/gcc/arm-none-eabi/10.3.1/../../../../arm-none-eabi/lib/thumb/v7-m/nofp/libg.a(lib_a-memmove.o)
                0x0000000008009d64                memmove
 .text._realloc_r
                0x0000000008009e5c      0x3dc /Applications/ARM/bin/../lib/gcc/arm-none-eabi/10.3.1/../../../../arm-none-eabi/lib/thumb/v7-m/nofp/libg.a(lib_a-reallocr.o)
                0x0000000008009e5c                _realloc_r
 .text.__sprint_r.part.0
                0x000000000800a238       0x78 /Applications/ARM/bin/../lib/gcc/arm-none-eabi/10.3.1/../../../../arm-none-eabi/lib/thumb/v7-m/nofp/libg.a(lib_a-vfiprintf.o)
 .text._vfiprintf_r
                0x000000000800a2b0      0xd98 /Applications/ARM/bin/../lib/gcc/arm-none-eabi/10.3.1/../../../../arm-none-eabi/lib/thumb/v7-m/nofp/libg.a(lib_a-vfiprintf.o)
                0x000000000800a2b0                _vfiprintf_r
 .text.__sbprintf
                0x000000000800b048       0x84 /Applications/ARM/bin/../lib/gcc/arm-none-eabi/10.3.1/../../../../arm-none-eabi/lib/thumb/v7-m/nofp/libg.a(lib_a-vfiprintf.o)
 .text.__ascii_wctomb
                0x000000000800b0cc       0x1c /Applications/ARM/bin/../lib/gcc/arm-none-eabi/10.3.1/../../../../arm-none-eabi/lib/thumb/v7-m/nofp/libg.a(lib_a-wctomb_r.o)
                0x000000000800b0cc                __ascii_wctomb
 .text.__swsetup_r
                0x000000000800b0e8       0xd4 /Applications/ARM/bin/../lib/gcc/arm-none-eabi/10.3.1/../../../../arm-none-eabi/lib/thumb/v7-m/nofp/libg.a(lib_a-wsetup.o)
                0x000000000800b0e8                __swsetup_r
 .text.abort    0x000000000800b1bc       0x10 /Applications/ARM/bin/../lib/gcc/arm-none-eabi/10.3.1/../../../../arm-none-eabi/lib/thumb/v7-m/nofp/libg.a(lib_a-abort.o)
                0x000000000800b1bc                abort
 .text.__sflush_r
                0x000000000800b1cc      0x124 /Applications/ARM/bin/../lib/gcc/arm-none-eabi/10.3.1/../../../../arm-none-eabi/lib/thumb/v7-m/nofp/libg.a(lib_a-fflush.o)
                0x000000000800b1cc                __sflush_r
 .text._fflush_r
                0x000000000800b2f0       0x5c /Applications/ARM/bin/../lib/gcc/arm-none-eabi/10.3.1/../../../../arm-none-eabi/lib/thumb/v7-m/nofp/libg.a(lib_a-fflush.o)
                0x000000000800b2f0                _fflush_r
 .text._cleanup_r
                0x000000000800b34c        0xc /Applications/ARM/bin/../lib/gcc/arm-none-eabi/10.3.1/../../../../arm-none-eabi/lib/thumb/v7-m/nofp/libg.a(lib_a-findfp.o)
                0x000000000800b34c                _cleanup_r
 .text.__sinit  0x000000000800b358      0x10c /Applications/ARM/bin/../lib/gcc/arm-none-eabi/10.3.1/../../../../arm-none-eabi/lib/thumb/v7-m/nofp/libg.a(lib_a-findfp.o)
                0x000000000800b358                __sinit
 .text.__sfp_lock_acquire
                0x000000000800b464        0xc /Applications/ARM/bin/../lib/gcc/arm-none-eabi/10.3.1/../../../../arm-none-eabi/lib/thumb/v7-m/nofp/libg.a(lib_a-findfp.o)
                0x000000000800b464                __sfp_lock_acquire
 .text.__sfp_lock_release
                0x000000000800b470        0xc /Applications/ARM/bin/../lib/gcc/arm-none-eabi/10.3.1/../../../../arm-none-eabi/lib/thumb/v7-m/nofp/libg.a(lib_a-findfp.o)
                0x000000000800b470                __sfp_lock_release
 .text.__fputwc
                0x000000000800b47c       0xa0 /Applications/ARM/bin/../lib/gcc/arm-none-eabi/10.3.1/../../../../arm-none-eabi/lib/thumb/v7-m/nofp/libg.a(lib_a-fputwc.o)
                0x000000000800b47c                __fputwc
 .text._fputwc_r
                0x000000000800b51c       0x68 /Applications/ARM/bin/../lib/gcc/arm-none-eabi/10.3.1/../../../../arm-none-eabi/lib/thumb/v7-m/nofp/libg.a(lib_a-fputwc.o)
                0x000000000800b51c                _fputwc_r
 .text.__sfvwrite_r
                0x000000000800b584      0x2f0 /Applications/ARM/bin/../lib/gcc/arm-none-eabi/10.3.1/../../../../arm-none-eabi/lib/thumb/v7-m/nofp/libg.a(lib_a-fvwrite.o)
                0x000000000800b584                __sfvwrite_r
 .text._fwalk_reent
                0x000000000800b874       0x48 /Applications/ARM/bin/../lib/gcc/arm-none-eabi/10.3.1/../../../../arm-none-eabi/lib/thumb/v7-m/nofp/libg.a(lib_a-fwalk.o)
                0x000000000800b874                _fwalk_reent
 .text.__smakebuf_r
                0x000000000800b8bc       0xe0 /Applications/ARM/bin/../lib/gcc/arm-none-eabi/10.3.1/../../../../arm-none-eabi/lib/thumb/v7-m/nofp/libg.a(lib_a-makebuf.o)
                0x000000000800b8bc                __smakebuf_r
 .text.raise    0x000000000800b99c       0x5c /Applications/ARM/bin/../lib/gcc/arm-none-eabi/10.3.1/../../../../arm-none-eabi/lib/thumb/v7-m/nofp/libg.a(lib_a-signal.o)
                0x000000000800b99c                raise
 .text._kill_r  0x000000000800b9f8       0x28 /Applications/ARM/bin/../lib/gcc/arm-none-eabi/10.3.1/../../../../arm-none-eabi/lib/thumb/v7-m/nofp/libg.a(lib_a-signalr.o)
                0x000000000800b9f8                _kill_r
 .text._getpid_r
                0x000000000800ba20        0x4 /Applications/ARM/bin/../lib/gcc/arm-none-eabi/10.3.1/../../../../arm-none-eabi/lib/thumb/v7-m/nofp/libg.a(lib_a-signalr.o)
                0x000000000800ba20                _getpid_r
 .text.__sread  0x000000000800ba24       0x24 /Applications/ARM/bin/../lib/gcc/arm-none-eabi/10.3.1/../../../../arm-none-eabi/lib/thumb/v7-m/nofp/libg.a(lib_a-stdio.o)
                0x000000000800ba24                __sread
 .text.__swrite
                0x000000000800ba48       0x40 /Applications/ARM/bin/../lib/gcc/arm-none-eabi/10.3.1/../../../../arm-none-eabi/lib/thumb/v7-m/nofp/libg.a(lib_a-stdio.o)
                0x000000000800ba48                __swrite
 .text.__sseek  0x000000000800ba88       0x20 /Applications/ARM/bin/../lib/gcc/arm-none-eabi/10.3.1/../../../../arm-none-eabi/lib/thumb/v7-m/nofp/libg.a(lib_a-stdio.o)
                0x000000000800ba88                __sseek
 .text.__sclose
                0x000000000800baa8        0x8 /Applications/ARM/bin/../lib/gcc/arm-none-eabi/10.3.1/../../../../arm-none-eabi/lib/thumb/v7-m/nofp/libg.a(lib_a-stdio.o)
                0x000000000800baa8                __sclose
 .text.__swbuf_r
                0x000000000800bab0       0xb0 /Applications/ARM/bin/../lib/gcc/arm-none-eabi/10.3.1/../../../../arm-none-eabi/lib/thumb/v7-m/nofp/libg.a(lib_a-wbuf.o)
                0x000000000800bab0                __swbuf_r
 .text._wcrtomb_r
                0x000000000800bb60       0x3c /Applications/ARM/bin/../lib/gcc/arm-none-eabi/10.3.1/../../../../arm-none-eabi/lib/thumb/v7-m/nofp/libg.a(lib_a-wcrtomb.o)
                0x000000000800bb60                _wcrtomb_r
 .text._write_r
                0x000000000800bb9c       0x2c /Applications/ARM/bin/../lib/gcc/arm-none-eabi/10.3.1/../../../../arm-none-eabi/lib/thumb/v7-m/nofp/libg.a(lib_a-writer.o)
                0x000000000800bb9c                _write_r
 .text._close_r
                0x000000000800bbc8       0x24 /Applications/ARM/bin/../lib/gcc/arm-none-eabi/10.3.1/../../../../arm-none-eabi/lib/thumb/v7-m/nofp/libg.a(lib_a-closer.o)
                0x000000000800bbc8                _close_r
 .text._fclose_r
                0x000000000800bbec       0xcc /Applications/ARM/bin/../lib/gcc/arm-none-eabi/10.3.1/../../../../arm-none-eabi/lib/thumb/v7-m/nofp/libg.a(lib_a-fclose.o)
                0x000000000800bbec                _fclose_r
 .text._fstat_r
                0x000000000800bcb8       0x28 /Applications/ARM/bin/../lib/gcc/arm-none-eabi/10.3.1/../../../../arm-none-eabi/lib/thumb/v7-m/nofp/libg.a(lib_a-fstatr.o)
                0x000000000800bcb8                _fstat_r
 .text._isatty_r
                0x000000000800bce0       0x24 /Applications/ARM/bin/../lib/gcc/arm-none-eabi/10.3.1/../../../../arm-none-eabi/lib/thumb/v7-m/nofp/libg.a(lib_a-isattyr.o)
                0x000000000800bce0                _isatty_r
 .text._lseek_r
                0x000000000800bd04       0x2c /Applications/ARM/bin/../lib/gcc/arm-none-eabi/10.3.1/../../../../arm-none-eabi/lib/thumb/v7-m/nofp/libg.a(lib_a-lseekr.o)
                0x000000000800bd04                _lseek_r
 .text._read_r  0x000000000800bd30       0x2c /Applications/ARM/bin/../lib/gcc/arm-none-eabi/10.3.1/../../../../arm-none-eabi/lib/thumb/v7-m/nofp/libg.a(lib_a-readr.o)
                0x000000000800bd30                _read_r
 *(.glue_7)
 .glue_7        0x000000000800bd5c        0x0 linker stubs
 *(.glue_7t)
 .glue_7t       0x000000000800bd5c        0x0 linker stubs
 *(.eh_frame)
 .eh_frame      0x000000000800bd5c        0x0 /Applications/ARM/bin/../lib/gcc/arm-none-eabi/10.3.1/thumb/v7-m/nofp/crtbegin.o
 *(.init)
 .init          0x000000000800bd5c        0x4 /Applications/ARM/bin/../lib/gcc/arm-none-eabi/10.3.1/thumb/v7-m/nofp/crti.o
                0x000000000800bd5c                _init
 .init          0x000000000800bd60        0x8 /Applications/ARM/bin/../lib/gcc/arm-none-eabi/10.3.1/thumb/v7-m/nofp/crtn.o
 *(.fini)
 .fini          0x000000000800bd68        0x4 /Applications/ARM/bin/../lib/gcc/arm-none-eabi/10.3.1/thumb/v7-m/nofp/crti.o
                0x000000000800bd68                _fini
 .fini          0x000000000800bd6c        0x8 /Applications/ARM/bin/../lib/gcc/arm-none-eabi/10.3.1/thumb/v7-m/nofp/crtn.o
                0x000000000800bd74                . = ALIGN (0x4)
                0x000000000800bd74                _etext = .

.vfp11_veneer   0x000000000800bd74        0x0
 .vfp11_veneer  0x000000000800bd74        0x0 linker stubs

.v4_bx          0x000000000800bd74        0x0
 .v4_bx         0x000000000800bd74        0x0 linker stubs

.iplt           0x000000000800bd74        0x0
 .iplt          0x000000000800bd74        0x0 /Applications/ARM/bin/../lib/gcc/arm-none-eabi/10.3.1/thumb/v7-m/nofp/crtbegin.o

.rodata         0x000000000800bd78      0x7d8
                0x000000000800bd78                . = ALIGN (0x4)
 *(.rodata)
 *(.rodata*)
 .rodata.StartDefaultTask.str1.4
                0x000000000800bd78       0x5f CMakeFiles/QEALIDARMapping.elf.dir/Core/Src/freertos.c.obj
 *fill*         0x000000000800bdd7        0x1 
 .rodata.str1.4
                0x000000000800bdd8       0x28 CMakeFiles/QEALIDARMapping.elf.dir/Core/Src/freertos.c.obj
 .rodata.debugUartMutex_attributes
                0x000000000800be00       0x10 CMakeFiles/QEALIDARMapping.elf.dir/Core/Src/freertos.c.obj
                0x000000000800be00                debugUartMutex_attributes
 .rodata.defaultTask_attributes
                0x000000000800be10       0x24 CMakeFiles/QEALIDARMapping.elf.dir/Core/Src/freertos.c.obj
                0x000000000800be10                defaultTask_attributes
 .rodata.imuDecoder_attributes
                0x000000000800be34       0x24 CMakeFiles/QEALIDARMapping.elf.dir/Core/Src/freertos.c.obj
                0x000000000800be34                imuDecoder_attributes
 .rodata.CRC16Table
                0x000000000800be58      0x200 CMakeFiles/QEALIDARMapping.elf.dir/Core/Src/imu.c.obj
 .rodata.CRC8Table
                0x000000000800c058      0x100 CMakeFiles/QEALIDARMapping.elf.dir/Core/Src/imu.c.obj
 .rodata.AHBPrescTable
                0x000000000800c158       0x10 CMakeFiles/QEALIDARMapping.elf.dir/Core/Src/system_stm32f1xx.c.obj
                0x000000000800c158                AHBPrescTable
 .rodata.APBPrescTable
                0x000000000800c168        0x8 CMakeFiles/QEALIDARMapping.elf.dir/Core/Src/system_stm32f1xx.c.obj
                0x000000000800c168                APBPrescTable
 .rodata.aPLLMULFactorTable.1
                0x000000000800c170       0x10 CMakeFiles/QEALIDARMapping.elf.dir/Drivers/STM32F1xx_HAL_Driver/Src/stm32f1xx_hal_rcc.c.obj
 .rodata.aPredivFactorTable.0
                0x000000000800c180        0x2 CMakeFiles/QEALIDARMapping.elf.dir/Drivers/STM32F1xx_HAL_Driver/Src/stm32f1xx_hal_rcc.c.obj
 *fill*         0x000000000800c182        0x2 
 .rodata.vTaskStartScheduler.str1.4
                0x000000000800c184        0x5 CMakeFiles/QEALIDARMapping.elf.dir/Middlewares/Third_Party/FreeRTOS/Source/tasks.c.obj
 *fill*         0x000000000800c189        0x3 
 .rodata.prvCheckForValidListAndQueue.str1.4
                0x000000000800c18c        0x5 CMakeFiles/QEALIDARMapping.elf.dir/Middlewares/Third_Party/FreeRTOS/Source/timers.c.obj
 *fill*         0x000000000800c191        0x3 
 .rodata.xTimerCreateTimerTask.str1.4
                0x000000000800c194        0x8 CMakeFiles/QEALIDARMapping.elf.dir/Middlewares/Third_Party/FreeRTOS/Source/timers.c.obj
 .rodata._global_impure_ptr
                0x000000000800c19c        0x4 /Applications/ARM/bin/../lib/gcc/arm-none-eabi/10.3.1/../../../../arm-none-eabi/lib/thumb/v7-m/nofp/libg.a(lib_a-impure.o)
                0x000000000800c19c                _global_impure_ptr
 .rodata._svfprintf_r.str1.4
                0x000000000800c1a0       0x42 /Applications/ARM/bin/../lib/gcc/arm-none-eabi/10.3.1/../../../../arm-none-eabi/lib/thumb/v7-m/nofp/libg.a(lib_a-svfprintf.o)
 *fill*         0x000000000800c1e2        0x2 
 .rodata.blanks.1
                0x000000000800c1e4       0x10 /Applications/ARM/bin/../lib/gcc/arm-none-eabi/10.3.1/../../../../arm-none-eabi/lib/thumb/v7-m/nofp/libg.a(lib_a-svfprintf.o)
 .rodata.zeroes.0
                0x000000000800c1f4       0x10 /Applications/ARM/bin/../lib/gcc/arm-none-eabi/10.3.1/../../../../arm-none-eabi/lib/thumb/v7-m/nofp/libg.a(lib_a-svfprintf.o)
 .rodata._dtoa_r.str1.4
                0x000000000800c204       0x7e /Applications/ARM/bin/../lib/gcc/arm-none-eabi/10.3.1/../../../../arm-none-eabi/lib/thumb/v7-m/nofp/libg.a(lib_a-dtoa.o)
                                         0x82 (size before relaxing)
 *fill*         0x000000000800c282        0x2 
 .rodata.__multadd.str1.4
                0x000000000800c284       0x5b /Applications/ARM/bin/../lib/gcc/arm-none-eabi/10.3.1/../../../../arm-none-eabi/lib/thumb/v7-m/nofp/libg.a(lib_a-mprec.o)
                                         0x6f (size before relaxing)
 *fill*         0x000000000800c2df        0x1 
 .rodata.__mprec_bigtens
                0x000000000800c2e0       0x28 /Applications/ARM/bin/../lib/gcc/arm-none-eabi/10.3.1/../../../../arm-none-eabi/lib/thumb/v7-m/nofp/libg.a(lib_a-mprec.o)
                0x000000000800c2e0                __mprec_bigtens
 .rodata.__mprec_tens
                0x000000000800c308       0xc8 /Applications/ARM/bin/../lib/gcc/arm-none-eabi/10.3.1/../../../../arm-none-eabi/lib/thumb/v7-m/nofp/libg.a(lib_a-mprec.o)
                0x000000000800c308                __mprec_tens
 .rodata.p05.0  0x000000000800c3d0        0xc /Applications/ARM/bin/../lib/gcc/arm-none-eabi/10.3.1/../../../../arm-none-eabi/lib/thumb/v7-m/nofp/libg.a(lib_a-mprec.o)
 .rodata.__assert_func.str1.4
                0x000000000800c3dc       0x3f /Applications/ARM/bin/../lib/gcc/arm-none-eabi/10.3.1/../../../../arm-none-eabi/lib/thumb/v7-m/nofp/libg.a(lib_a-assert.o)
                                         0x43 (size before relaxing)
 *fill*         0x000000000800c41b        0x1 
 .rodata._setlocale_r.str1.4
                0x000000000800c41c        0xa /Applications/ARM/bin/../lib/gcc/arm-none-eabi/10.3.1/../../../../arm-none-eabi/lib/thumb/v7-m/nofp/libg.a(lib_a-locale.o)
                                          0xd (size before relaxing)
 *fill*         0x000000000800c426        0x2 
 .rodata.str1.4
                0x000000000800c428        0x2 /Applications/ARM/bin/../lib/gcc/arm-none-eabi/10.3.1/../../../../arm-none-eabi/lib/thumb/v7-m/nofp/libg.a(lib_a-locale.o)
 .rodata._vfiprintf_r.str1.4
                0x000000000800c42a       0x2f /Applications/ARM/bin/../lib/gcc/arm-none-eabi/10.3.1/../../../../arm-none-eabi/lib/thumb/v7-m/nofp/libg.a(lib_a-vfiprintf.o)
 *fill*         0x000000000800c42a        0x2 
 .rodata.blanks.1
                0x000000000800c42c       0x10 /Applications/ARM/bin/../lib/gcc/arm-none-eabi/10.3.1/../../../../arm-none-eabi/lib/thumb/v7-m/nofp/libg.a(lib_a-vfiprintf.o)
 .rodata.zeroes.0
                0x000000000800c43c       0x10 /Applications/ARM/bin/../lib/gcc/arm-none-eabi/10.3.1/../../../../arm-none-eabi/lib/thumb/v7-m/nofp/libg.a(lib_a-vfiprintf.o)
 .rodata._ctype_
                0x000000000800c44c      0x101 /Applications/ARM/bin/../lib/gcc/arm-none-eabi/10.3.1/../../../../arm-none-eabi/lib/thumb/v7-m/nofp/libg.a(lib_a-ctype_.o)
                0x000000000800c44c                _ctype_
                0x000000000800c550                . = ALIGN (0x4)
 *fill*         0x000000000800c54d        0x3 

.ARM.extab      0x000000000800c550        0x0
                0x000000000800c550                . = ALIGN (0x4)
 *(.ARM.extab* .gnu.linkonce.armextab.*)
                0x000000000800c550                . = ALIGN (0x4)

.ARM            0x000000000800c550        0x8
                0x000000000800c550                . = ALIGN (0x4)
                0x000000000800c550                __exidx_start = .
 *(.ARM.exidx*)
 .ARM.exidx     0x000000000800c550        0x8 /Applications/ARM/bin/../lib/gcc/arm-none-eabi/10.3.1/thumb/v7-m/nofp/libgcc.a(_udivmoddi4.o)
                0x000000000800c558                __exidx_end = .
                0x000000000800c558                . = ALIGN (0x4)

.rel.dyn        0x000000000800c558        0x0
 .rel.iplt      0x000000000800c558        0x0 /Applications/ARM/bin/../lib/gcc/arm-none-eabi/10.3.1/thumb/v7-m/nofp/crtbegin.o

.preinit_array  0x000000000800c558        0x0
                0x000000000800c558                . = ALIGN (0x4)
                0x000000000800c558                PROVIDE (__preinit_array_start = .)
 *(.preinit_array*)
                0x000000000800c558                PROVIDE (__preinit_array_end = .)
                0x000000000800c558                . = ALIGN (0x4)

.init_array     0x000000000800c558        0x8
                0x000000000800c558                . = ALIGN (0x4)
                0x000000000800c558                PROVIDE (__init_array_start = .)
 *(SORT_BY_NAME(.init_array.*))
 .init_array.00000
                0x000000000800c558        0x4 /Applications/ARM/bin/../lib/gcc/arm-none-eabi/10.3.1/../../../../arm-none-eabi/lib/thumb/v7-m/nofp/libg.a(lib_a-__call_atexit.o)
 *(.init_array*)
 .init_array    0x000000000800c55c        0x4 /Applications/ARM/bin/../lib/gcc/arm-none-eabi/10.3.1/thumb/v7-m/nofp/crtbegin.o
                0x000000000800c560                PROVIDE (__init_array_end = .)
                0x000000000800c560                . = ALIGN (0x4)

.fini_array     0x000000000800c560        0x4
                0x000000000800c560                . = ALIGN (0x4)
                0x000000000800c560                PROVIDE (__fini_array_start = .)
 *(SORT_BY_NAME(.fini_array.*))
 *(.fini_array*)
 .fini_array    0x000000000800c560        0x4 /Applications/ARM/bin/../lib/gcc/arm-none-eabi/10.3.1/thumb/v7-m/nofp/crtbegin.o
                0x000000000800c564                PROVIDE (__fini_array_end = .)
                0x000000000800c564                . = ALIGN (0x4)
                0x000000000800c564                _sidata = LOADADDR (.data)

.data           0x0000000020000000      0x9c0 load address 0x000000000800c564
                0x0000000020000000                . = ALIGN (0x4)
                0x0000000020000000                _sdata = .
 *(.data)
 *(.data*)
 .data.SystemCoreClock
                0x0000000020000000        0x4 CMakeFiles/QEALIDARMapping.elf.dir/Core/Src/system_stm32f1xx.c.obj
                0x0000000020000000                SystemCoreClock
 .data.uwTickFreq
                0x0000000020000004        0x1 CMakeFiles/QEALIDARMapping.elf.dir/Drivers/STM32F1xx_HAL_Driver/Src/stm32f1xx_hal.c.obj
                0x0000000020000004                uwTickFreq
 *fill*         0x0000000020000005        0x3 
 .data.uwTickPrio
                0x0000000020000008        0x4 CMakeFiles/QEALIDARMapping.elf.dir/Drivers/STM32F1xx_HAL_Driver/Src/stm32f1xx_hal.c.obj
                0x0000000020000008                uwTickPrio
 .data.uxCriticalNesting
                0x000000002000000c        0x4 CMakeFiles/QEALIDARMapping.elf.dir/Middlewares/Third_Party/FreeRTOS/Source/portable/GCC/ARM_CM3/port.c.obj
 .data._impure_ptr
                0x0000000020000010        0x4 /Applications/ARM/bin/../lib/gcc/arm-none-eabi/10.3.1/../../../../arm-none-eabi/lib/thumb/v7-m/nofp/libg.a(lib_a-impure.o)
                0x0000000020000010                _impure_ptr
 *fill*         0x0000000020000014        0x4 
 .data.impure_data
                0x0000000020000018      0x428 /Applications/ARM/bin/../lib/gcc/arm-none-eabi/10.3.1/../../../../arm-none-eabi/lib/thumb/v7-m/nofp/libg.a(lib_a-impure.o)
 .data.__atexit_recursive_mutex
                0x0000000020000440        0x4 /Applications/ARM/bin/../lib/gcc/arm-none-eabi/10.3.1/../../../../arm-none-eabi/lib/thumb/v7-m/nofp/libg.a(lib_a-__call_atexit.o)
                0x0000000020000440                __atexit_recursive_mutex
 .data.__malloc_av_
                0x0000000020000444      0x408 /Applications/ARM/bin/../lib/gcc/arm-none-eabi/10.3.1/../../../../arm-none-eabi/lib/thumb/v7-m/nofp/libg.a(lib_a-mallocr.o)
                0x0000000020000444                __malloc_av_
 .data.__malloc_sbrk_base
                0x000000002000084c        0x4 /Applications/ARM/bin/../lib/gcc/arm-none-eabi/10.3.1/../../../../arm-none-eabi/lib/thumb/v7-m/nofp/libg.a(lib_a-mallocr.o)
                0x000000002000084c                __malloc_sbrk_base
 .data.__malloc_trim_threshold
                0x0000000020000850        0x4 /Applications/ARM/bin/../lib/gcc/arm-none-eabi/10.3.1/../../../../arm-none-eabi/lib/thumb/v7-m/nofp/libg.a(lib_a-mallocr.o)
                0x0000000020000850                __malloc_trim_threshold
 .data.__global_locale
                0x0000000020000854      0x16c /Applications/ARM/bin/../lib/gcc/arm-none-eabi/10.3.1/../../../../arm-none-eabi/lib/thumb/v7-m/nofp/libg.a(lib_a-locale.o)
                0x0000000020000854                __global_locale
 *(.RamFunc)
 *(.RamFunc*)
                0x00000000200009c0                . = ALIGN (0x4)
                0x00000000200009c0                _edata = .

.igot.plt       0x00000000200009c0        0x0 load address 0x000000000800cf24
 .igot.plt      0x00000000200009c0        0x0 /Applications/ARM/bin/../lib/gcc/arm-none-eabi/10.3.1/thumb/v7-m/nofp/crtbegin.o
                0x00000000200009c0                . = ALIGN (0x4)

.bss            0x00000000200009c0     0x2164 load address 0x000000000800cf24
                0x00000000200009c0                _sbss = .
                0x00000000200009c0                __bss_start__ = _sbss
 *(.bss)
 .bss           0x00000000200009c0       0x1c /Applications/ARM/bin/../lib/gcc/arm-none-eabi/10.3.1/thumb/v7-m/nofp/crtbegin.o
 *(.bss*)
 .bss.debugUartMutexHandle
                0x00000000200009dc        0x4 CMakeFiles/QEALIDARMapping.elf.dir/Core/Src/freertos.c.obj
                0x00000000200009dc                debugUartMutexHandle
 .bss.defaultTaskHandle
                0x00000000200009e0        0x4 CMakeFiles/QEALIDARMapping.elf.dir/Core/Src/freertos.c.obj
                0x00000000200009e0                defaultTaskHandle
 .bss.imuDecoderHandle
                0x00000000200009e4        0x4 CMakeFiles/QEALIDARMapping.elf.dir/Core/Src/freertos.c.obj
                0x00000000200009e4                imuDecoderHandle
 .bss.imuBuff   0x00000000200009e8      0x400 CMakeFiles/QEALIDARMapping.elf.dir/Core/Src/imu.c.obj
                0x00000000200009e8                imuBuff
 .bss.imuBuffOffset
                0x0000000020000de8        0x1 CMakeFiles/QEALIDARMapping.elf.dir/Core/Src/imu.c.obj
                0x0000000020000de8                imuBuffOffset
 *fill*         0x0000000020000de9        0x3 
 .bss.imuPackage
                0x0000000020000dec        0x4 CMakeFiles/QEALIDARMapping.elf.dir/Core/Src/imu.c.obj
                0x0000000020000dec                imuPackage
 .bss.imuRecvBuff1
                0x0000000020000df0       0x40 CMakeFiles/QEALIDARMapping.elf.dir/Core/Src/imu.c.obj
                0x0000000020000df0                imuRecvBuff1
 .bss.imuRecvBuff2
                0x0000000020000e30       0x40 CMakeFiles/QEALIDARMapping.elf.dir/Core/Src/imu.c.obj
                0x0000000020000e30                imuRecvBuff2
 .bss.imuRecvOffset1
                0x0000000020000e70        0x4 CMakeFiles/QEALIDARMapping.elf.dir/Core/Src/imu.c.obj
                0x0000000020000e70                imuRecvOffset1
 .bss.imuRecvOffset2
                0x0000000020000e74        0x4 CMakeFiles/QEALIDARMapping.elf.dir/Core/Src/imu.c.obj
                0x0000000020000e74                imuRecvOffset2
 .bss.imuRecvStatus
                0x0000000020000e78        0x4 CMakeFiles/QEALIDARMapping.elf.dir/Core/Src/imu.c.obj
                0x0000000020000e78                imuRecvStatus
 .bss.imuTaskHandle
                0x0000000020000e7c        0x4 CMakeFiles/QEALIDARMapping.elf.dir/Core/Src/imu.c.obj
                0x0000000020000e7c                imuTaskHandle
 .bss.robotIMU  0x0000000020000e80       0x18 CMakeFiles/QEALIDARMapping.elf.dir/Core/Src/imu.c.obj
                0x0000000020000e80                robotIMU
 .bss.htim6     0x0000000020000e98       0x48 CMakeFiles/QEALIDARMapping.elf.dir/Core/Src/stm32f1xx_hal_timebase_tim.c.obj
                0x0000000020000e98                htim6
 .bss.__sbrk_heap_end
                0x0000000020000ee0        0x4 CMakeFiles/QEALIDARMapping.elf.dir/Core/Src/sysmem.c.obj
 .bss.htim3     0x0000000020000ee4       0x48 CMakeFiles/QEALIDARMapping.elf.dir/Core/Src/tim.c.obj
                0x0000000020000ee4                htim3
 .bss.htim4     0x0000000020000f2c       0x48 CMakeFiles/QEALIDARMapping.elf.dir/Core/Src/tim.c.obj
                0x0000000020000f2c                htim4
 .bss.htim7     0x0000000020000f74       0x48 CMakeFiles/QEALIDARMapping.elf.dir/Core/Src/tim.c.obj
                0x0000000020000f74                htim7
 .bss.htim8     0x0000000020000fbc       0x48 CMakeFiles/QEALIDARMapping.elf.dir/Core/Src/tim.c.obj
                0x0000000020000fbc                htim8
 .bss.huart1    0x0000000020001004       0x48 CMakeFiles/QEALIDARMapping.elf.dir/Core/Src/usart.c.obj
                0x0000000020001004                huart1
 .bss.huart2    0x000000002000104c       0x48 CMakeFiles/QEALIDARMapping.elf.dir/Core/Src/usart.c.obj
                0x000000002000104c                huart2
 .bss.huart3    0x0000000020001094       0x48 CMakeFiles/QEALIDARMapping.elf.dir/Core/Src/usart.c.obj
                0x0000000020001094                huart3
 *fill*         0x00000000200010dc        0x4 
 .bss.leftPWM   0x00000000200010e0       0x58 CMakeFiles/QEALIDARMapping.elf.dir/Core/Src/wheel_pwm.c.obj
                0x00000000200010e0                leftPWM
 .bss.rightPWM  0x0000000020001138       0x58 CMakeFiles/QEALIDARMapping.elf.dir/Core/Src/wheel_pwm.c.obj
                0x0000000020001138                rightPWM
 .bss.uwTick    0x0000000020001190        0x4 CMakeFiles/QEALIDARMapping.elf.dir/Drivers/STM32F1xx_HAL_Driver/Src/stm32f1xx_hal.c.obj
                0x0000000020001190                uwTick
 .bss.Idle_Stack
                0x0000000020001194      0x200 CMakeFiles/QEALIDARMapping.elf.dir/Middlewares/Third_Party/FreeRTOS/Source/CMSIS_RTOS_V2/cmsis_os2.c.obj
 .bss.Idle_TCB  0x0000000020001394       0x5c CMakeFiles/QEALIDARMapping.elf.dir/Middlewares/Third_Party/FreeRTOS/Source/CMSIS_RTOS_V2/cmsis_os2.c.obj
 .bss.KernelState
                0x00000000200013f0        0x4 CMakeFiles/QEALIDARMapping.elf.dir/Middlewares/Third_Party/FreeRTOS/Source/CMSIS_RTOS_V2/cmsis_os2.c.obj
 .bss.Timer_Stack
                0x00000000200013f4      0x400 CMakeFiles/QEALIDARMapping.elf.dir/Middlewares/Third_Party/FreeRTOS/Source/CMSIS_RTOS_V2/cmsis_os2.c.obj
 .bss.Timer_TCB
                0x00000000200017f4       0x5c CMakeFiles/QEALIDARMapping.elf.dir/Middlewares/Third_Party/FreeRTOS/Source/CMSIS_RTOS_V2/cmsis_os2.c.obj
 .bss.ucMaxSysCallPriority
                0x0000000020001850        0x1 CMakeFiles/QEALIDARMapping.elf.dir/Middlewares/Third_Party/FreeRTOS/Source/portable/GCC/ARM_CM3/port.c.obj
 *fill*         0x0000000020001851        0x3 
 .bss.ulMaxPRIGROUPValue
                0x0000000020001854        0x4 CMakeFiles/QEALIDARMapping.elf.dir/Middlewares/Third_Party/FreeRTOS/Source/portable/GCC/ARM_CM3/port.c.obj
 .bss.pxEnd     0x0000000020001858        0x4 CMakeFiles/QEALIDARMapping.elf.dir/Middlewares/Third_Party/FreeRTOS/Source/portable/MemMang/heap_4.c.obj
 .bss.ucHeap    0x000000002000185c      0xc00 CMakeFiles/QEALIDARMapping.elf.dir/Middlewares/Third_Party/FreeRTOS/Source/portable/MemMang/heap_4.c.obj
 .bss.xBlockAllocatedBit
                0x000000002000245c        0x4 CMakeFiles/QEALIDARMapping.elf.dir/Middlewares/Third_Party/FreeRTOS/Source/portable/MemMang/heap_4.c.obj
 .bss.xFreeBytesRemaining